2026-10-02T08:28:42.5370141Z Current runner version: '2.337.0'
2026-10-02T08:28:42.5395240Z ##[group]Runner Image Provisioner
2026-10-02T08:28:42.5396118Z Hosted Compute Agent
2026-10-02T08:28:42.5397006Z Version: 20260901.588
2026-10-02T08:28:42.5397664Z Commit: f88ec8081b781fac6c440065ac7ff9e710ce3d0b
2026-10-02T08:28:42.5398449Z Build Date: 2026-09-01T19:56:44Z
2026-10-02T08:28:42.5399241Z Worker ID: {1acd0a02-0c76-4769-b603-67143fcd36f8}
2026-10-02T08:28:42.5399959Z Azure Region: westus2
2026-10-02T08:28:42.5400562Z ##[endgroup]
2026-10-02T08:28:42.5402048Z ##[group]Operating System
2026-10-02T08:28:42.5402719Z Ubuntu
2026-10-02T08:28:42.5403390Z 24.04.5
2026-10-02T08:28:42.5403899Z LTS
2026-10-02T08:28:42.5404393Z ##[endgroup]
2026-10-02T08:28:42.5405013Z ##[group]Runner Image
2026-10-02T08:28:42.5405653Z Image: ubuntu-24.04
2026-10-02T08:28:42.5406528Z Version: 20260927.320.1
2026-10-02T08:28:42.5407796Z Included Software: https://github.com/actions/runner-images/blob/ubuntu24/20260927.320/images/ubuntu/Ubuntu2404-Readme.md
2026-10-02T08:28:42.5409449Z Image Release: https://github.com/actions/runner-images/releases/tag/ubuntu24%2F20260927.320
2026-10-02T08:28:42.5410439Z ##[endgroup]
2026-10-02T08:28:42.5411601Z ##[group]GITHUB_TOKEN Permissions
2026-10-02T08:28:42.5413493Z Contents: read
2026-10-02T08:28:42.5414194Z Metadata: read
2026-10-02T08:28:42.5414759Z ##[endgroup]
2026-10-02T08:28:42.5417324Z Secret source: Actions
2026-10-02T08:28:42.5418444Z Cache mode: write
2026-10-02T08:28:42.5419118Z Prepare workflow directory
2026-10-02T08:28:42.5760426Z Prepare all required actions
2026-10-02T08:28:42.5810463Z Getting action download info
2026-10-02T08:28:42.9839502Z Download action repository 'actions/checkout@v6' (SHA:d23441a48e516b6c34aea4fa41551a30e30af803)
2026-10-02T08:28:43.0961587Z Download action repository 'actions/setup-node@v6' (SHA:249970729cb0ef3589644e2896645e5dc5ba9c38)
2026-10-02T08:28:43.1843001Z Download action repository 'actions/upload-artifact@v5' (SHA:330a01c490aca151604b8cf639adc76d48f6c5d4)
2026-10-02T08:28:43.5722387Z Complete job name: Farm3D regression
2026-10-02T08:28:43.6658449Z ##[group]Run actions/checkout@v6
2026-10-02T08:28:43.6659852Z with:
2026-10-02T08:28:43.6660712Z   persist-credentials: false
2026-10-02T08:28:43.6661758Z   repository: pederaus9-ux/Bugsy
2026-10-02T08:28:43.6671532Z   token: ***
2026-10-02T08:28:43.6672365Z   ssh-strict: true
2026-10-02T08:28:43.6673237Z   ssh-user: git
2026-10-02T08:28:43.6674060Z   clean: true
2026-10-02T08:28:43.6674942Z   sparse-checkout-cone-mode: true
2026-10-02T08:28:43.6675991Z   fetch-depth: 1
2026-10-02T08:28:43.6677001Z   fetch-tags: false
2026-10-02T08:28:43.6677873Z   show-progress: true
2026-10-02T08:28:43.6678753Z   lfs: false
2026-10-02T08:28:43.6679578Z   submodules: false
2026-10-02T08:28:43.6680467Z   set-safe-directory: true
2026-10-02T08:28:43.6681509Z   allow-unsafe-pr-checkout: false
2026-10-02T08:28:43.6682823Z ##[endgroup]
2026-10-02T08:28:43.7728500Z Syncing repository: pederaus9-ux/Bugsy
2026-10-02T08:28:43.7732560Z ##[group]Getting Git version info
2026-10-02T08:28:43.7734680Z Working directory is '/home/runner/work/Bugsy/Bugsy'
2026-10-02T08:28:43.7737995Z [command]/usr/bin/git version
2026-10-02T08:28:43.7813166Z git version 2.55.0
2026-10-02T08:28:43.7839981Z ##[endgroup]
2026-10-02T08:28:43.7857067Z Temporarily overriding HOME='/home/runner/work/_temp/40fd5857-10ce-4755-9d5f-a3270fba3207' before making global git config changes
2026-10-02T08:28:43.7861876Z Adding repository directory to the temporary git global config as a safe directory
2026-10-02T08:28:43.7866745Z [command]/usr/bin/git config --global --add safe.directory /home/runner/work/Bugsy/Bugsy
2026-10-02T08:28:43.7921290Z Deleting the contents of '/home/runner/work/Bugsy/Bugsy'
2026-10-02T08:28:43.7927534Z ##[group]Determining repository object format
2026-10-02T08:28:43.7930658Z ##[endgroup]
2026-10-02T08:28:43.7933554Z ##[group]Initializing the repository
2026-10-02T08:28:43.7938237Z [command]/usr/bin/git init /home/runner/work/Bugsy/Bugsy
2026-10-02T08:28:43.8059306Z hint: Using 'master' as the name for the initial branch. This default branch name
2026-10-02T08:28:43.8063422Z hint: will change to "main" in Git 3.0. To configure the initial branch name
2026-10-02T08:28:43.8067441Z hint: to use in all of your new repositories, which will suppress this warning,
2026-10-02T08:28:43.8070147Z hint: call:
2026-10-02T08:28:43.8071535Z hint:
2026-10-02T08:28:43.8073391Z hint: 	git config --global init.defaultBranch <name>
2026-10-02T08:28:43.8075599Z hint:
2026-10-02T08:28:43.8077879Z hint: Names commonly chosen instead of 'master' are 'main', 'trunk' and
2026-10-02T08:28:43.8081299Z hint: 'development'. The just-created branch can be renamed via this command:
2026-10-02T08:28:43.8083973Z hint:
2026-10-02T08:28:43.8085474Z hint: 	git branch -m <name>
2026-10-02T08:28:43.8087707Z hint:
2026-10-02T08:28:43.8089882Z hint: Disable this message with "git config set advice.defaultBranchName false"
2026-10-02T08:28:43.8093090Z Initialized empty Git repository in /home/runner/work/Bugsy/Bugsy/.git/
2026-10-02T08:28:43.8098904Z [command]/usr/bin/git remote add origin https://github.com/pederaus9-ux/Bugsy
2026-10-02T08:28:43.8141684Z ##[endgroup]
2026-10-02T08:28:43.8145219Z ##[group]Disabling automatic garbage collection
2026-10-02T08:28:43.8148404Z [command]/usr/bin/git config --local gc.auto 0
2026-10-02T08:28:43.8185722Z ##[endgroup]
2026-10-02T08:28:43.8188432Z ##[group]Setting up auth
2026-10-02T08:28:43.8190137Z Removing SSH command configuration
2026-10-02T08:28:43.8194749Z [command]/usr/bin/git config --local --name-only --get-regexp core\.sshCommand
2026-10-02T08:28:43.8236626Z [command]/usr/bin/git submodule foreach --recursive sh -c "git config --local --name-only --get-regexp 'core\.sshCommand' && git config --local --unset-all 'core.sshCommand' || :"
2026-10-02T08:28:43.8639363Z Removing HTTP extra header
2026-10-02T08:28:43.8646383Z [command]/usr/bin/git config --local --name-only --get-regexp http\.https\:\/\/github\.com\/\.extraheader
2026-10-02T08:28:43.8686909Z [command]/usr/bin/git submodule foreach --recursive sh -c "git config --local --name-only --get-regexp 'http\.https\:\/\/github\.com\/\.extraheader' && git config --local --unset-all 'http.https://github.com/.extraheader' || :"
2026-10-02T08:28:43.8906707Z Removing includeIf entries pointing to credentials config files
2026-10-02T08:28:43.8912748Z [command]/usr/bin/git config --local --name-only --get-regexp ^includeIf\.gitdir:
2026-10-02T08:28:43.8950852Z [command]/usr/bin/git submodule foreach --recursive git config --local --show-origin --name-only --get-regexp remote.origin.url
2026-10-02T08:28:43.9184019Z [command]/usr/bin/git config --file /home/runner/work/_temp/git-credentials-ee719286-a2fc-4db6-8c9d-a2fa2a44b500.config http.https://github.com/.extraheader AUTHORIZATION: basic ***
2026-10-02T08:28:43.9227314Z [command]/usr/bin/git config --local includeIf.gitdir:/home/runner/work/Bugsy/Bugsy/.git.path /home/runner/work/_temp/git-credentials-ee719286-a2fc-4db6-8c9d-a2fa2a44b500.config
2026-10-02T08:28:43.9262456Z [command]/usr/bin/git config --local includeIf.gitdir:/home/runner/work/Bugsy/Bugsy/.git/worktrees/*.path /home/runner/work/_temp/git-credentials-ee719286-a2fc-4db6-8c9d-a2fa2a44b500.config
2026-10-02T08:28:43.9307989Z [command]/usr/bin/git config --local includeIf.gitdir:/github/workspace/.git.path /github/runner_temp/git-credentials-ee719286-a2fc-4db6-8c9d-a2fa2a44b500.config
2026-10-02T08:28:43.9342322Z [command]/usr/bin/git config --local includeIf.gitdir:/github/workspace/.git/worktrees/*.path /github/runner_temp/git-credentials-ee719286-a2fc-4db6-8c9d-a2fa2a44b500.config
2026-10-02T08:28:43.9372915Z ##[endgroup]
2026-10-02T08:28:43.9374263Z ##[group]Fetching the repository
2026-10-02T08:28:43.9381727Z [command]/usr/bin/git -c protocol.version=2 fetch --no-tags --prune --no-recurse-submodules --depth=1 origin +9f85bd9ac7a6bfad7c52095c56abc65771d5b9f6:refs/remotes/pull/38/merge
2026-10-02T08:28:44.5290736Z From https://github.com/pederaus9-ux/Bugsy
2026-10-02T08:28:44.5291439Z  * [new ref]         9f85bd9ac7a6bfad7c52095c56abc65771d5b9f6 -> pull/38/merge
2026-10-02T08:28:44.5297399Z ##[endgroup]
2026-10-02T08:28:44.5298414Z ##[group]Determining the checkout info
2026-10-02T08:28:44.5299355Z ##[endgroup]
2026-10-02T08:28:44.5304277Z [command]/usr/bin/git sparse-checkout disable
2026-10-02T08:28:44.5362078Z [command]/usr/bin/git config --local --unset-all extensions.worktreeConfig
2026-10-02T08:28:44.5395379Z ##[group]Checking out the ref
2026-10-02T08:28:44.5401475Z [command]/usr/bin/git checkout --progress --force refs/remotes/pull/38/merge
2026-10-02T08:28:44.5785669Z Note: switching to 'refs/remotes/pull/38/merge'.
2026-10-02T08:28:44.5786556Z 
2026-10-02T08:28:44.5787016Z You are in 'detached HEAD' state. You can look around, make experimental
2026-10-02T08:28:44.5787747Z changes and commit them, and you can discard any commits you make in this
2026-10-02T08:28:44.5788464Z state without impacting any branches by switching back to a branch.
2026-10-02T08:28:44.5788865Z 
2026-10-02T08:28:44.5789220Z If you want to create a new branch to retain commits you create, you may
2026-10-02T08:28:44.5789980Z do so (now or later) by using -c with the switch command. Example:
2026-10-02T08:28:44.5790415Z 
2026-10-02T08:28:44.5790660Z   git switch -c <new-branch-name>
2026-10-02T08:28:44.5791013Z 
2026-10-02T08:28:44.5791247Z Or undo this operation with:
2026-10-02T08:28:44.5791547Z 
2026-10-02T08:28:44.5791762Z   git switch -
2026-10-02T08:28:44.5792041Z 
2026-10-02T08:28:44.5792432Z Turn off this advice by setting config variable advice.detachedHead to false
2026-10-02T08:28:44.5793150Z 
2026-10-02T08:28:44.5794004Z HEAD is now at 9f85bd9 Merge c6f4519ce566d8f2661e2f5000dd63335d1347f5 into 036bfb4f027cf223d6e2a208e146523c63bbfa68
2026-10-02T08:28:44.5799406Z ##[endgroup]
2026-10-02T08:28:44.5849572Z [command]/usr/bin/git log -1 --format=%H
2026-10-02T08:28:44.5877884Z 9f85bd9ac7a6bfad7c52095c56abc65771d5b9f6
2026-10-02T08:28:44.5893011Z ##[group]Removing auth
2026-10-02T08:28:44.5893721Z Removing SSH command configuration
2026-10-02T08:28:44.5894758Z [command]/usr/bin/git config --local --name-only --get-regexp core\.sshCommand
2026-10-02T08:28:44.5939032Z [command]/usr/bin/git submodule foreach --recursive sh -c "git config --local --name-only --get-regexp 'core\.sshCommand' && git config --local --unset-all 'core.sshCommand' || :"
2026-10-02T08:28:44.6195542Z Removing HTTP extra header
2026-10-02T08:28:44.6201970Z [command]/usr/bin/git config --local --name-only --get-regexp http\.https\:\/\/github\.com\/\.extraheader
2026-10-02T08:28:44.6245401Z [command]/usr/bin/git submodule foreach --recursive sh -c "git config --local --name-only --get-regexp 'http\.https\:\/\/github\.com\/\.extraheader' && git config --local --unset-all 'http.https://github.com/.extraheader' || :"
2026-10-02T08:28:44.6517480Z Removing includeIf entries pointing to credentials config files
2026-10-02T08:28:44.6524395Z [command]/usr/bin/git config --local --name-only --get-regexp ^includeIf\.gitdir:
2026-10-02T08:28:44.6570279Z includeif.gitdir:/home/runner/work/Bugsy/Bugsy/.git.path
2026-10-02T08:28:44.6571988Z includeif.gitdir:/home/runner/work/Bugsy/Bugsy/.git/worktrees/*.path
2026-10-02T08:28:44.6573243Z includeif.gitdir:/github/workspace/.git.path
2026-10-02T08:28:44.6574300Z includeif.gitdir:/github/workspace/.git/worktrees/*.path
2026-10-02T08:28:44.6653278Z [command]/usr/bin/git config --local --get-all includeif.gitdir:/home/runner/work/Bugsy/Bugsy/.git.path
2026-10-02T08:28:44.6655063Z /home/runner/work/_temp/git-credentials-ee719286-a2fc-4db6-8c9d-a2fa2a44b500.config
2026-10-02T08:28:44.6658939Z [command]/usr/bin/git config --local --unset includeif.gitdir:/home/runner/work/Bugsy/Bugsy/.git.path /home/runner/work/_temp/git-credentials-ee719286-a2fc-4db6-8c9d-a2fa2a44b500.config
2026-10-02T08:28:44.6666890Z [command]/usr/bin/git config --local --get-all includeif.gitdir:/home/runner/work/Bugsy/Bugsy/.git/worktrees/*.path
2026-10-02T08:28:44.6695353Z /home/runner/work/_temp/git-credentials-ee719286-a2fc-4db6-8c9d-a2fa2a44b500.config
2026-10-02T08:28:44.6705826Z [command]/usr/bin/git config --local --unset includeif.gitdir:/home/runner/work/Bugsy/Bugsy/.git/worktrees/*.path /home/runner/work/_temp/git-credentials-ee719286-a2fc-4db6-8c9d-a2fa2a44b500.config
2026-10-02T08:28:44.6745512Z [command]/usr/bin/git config --local --get-all includeif.gitdir:/github/workspace/.git.path
2026-10-02T08:28:44.6772305Z /github/runner_temp/git-credentials-ee719286-a2fc-4db6-8c9d-a2fa2a44b500.config
2026-10-02T08:28:44.6782463Z [command]/usr/bin/git config --local --unset includeif.gitdir:/github/workspace/.git.path /github/runner_temp/git-credentials-ee719286-a2fc-4db6-8c9d-a2fa2a44b500.config
2026-10-02T08:28:44.6829931Z [command]/usr/bin/git config --local --get-all includeif.gitdir:/github/workspace/.git/worktrees/*.path
2026-10-02T08:28:44.6856524Z /github/runner_temp/git-credentials-ee719286-a2fc-4db6-8c9d-a2fa2a44b500.config
2026-10-02T08:28:44.6876666Z [command]/usr/bin/git config --local --unset includeif.gitdir:/github/workspace/.git/worktrees/*.path /github/runner_temp/git-credentials-ee719286-a2fc-4db6-8c9d-a2fa2a44b500.config
2026-10-02T08:28:44.6904287Z [command]/usr/bin/git submodule foreach --recursive git config --local --show-origin --name-only --get-regexp remote.origin.url
2026-10-02T08:28:44.7123738Z Removing credentials config '/home/runner/work/_temp/git-credentials-ee719286-a2fc-4db6-8c9d-a2fa2a44b500.config'
2026-10-02T08:28:44.7133415Z ##[endgroup]
2026-10-02T08:28:44.7405680Z ##[group]Run actions/setup-node@v6
2026-10-02T08:28:44.7406148Z with:
2026-10-02T08:28:44.7406901Z   node-version: 22
2026-10-02T08:28:44.7407273Z   cache: npm
2026-10-02T08:28:44.7407695Z   cache-dependency-path: farm3d/tests/package-lock.json
2026-10-02T08:28:44.7408191Z   check-latest: false
2026-10-02T08:28:44.7411102Z   token: ***
2026-10-02T08:28:44.7411479Z   package-manager-cache: true
2026-10-02T08:28:44.7411887Z ##[endgroup]
2026-10-02T08:28:44.8893004Z Found in cache @ /opt/hostedtoolcache/node/22.23.3/x64
2026-10-02T08:28:44.8898104Z ##[group]Environment details
2026-10-02T08:28:45.3342696Z node: v22.23.3
2026-10-02T08:28:45.3343599Z npm: 10.9.9
2026-10-02T08:28:45.3344292Z yarn: 1.22.22
2026-10-02T08:28:45.3345333Z ##[endgroup]
2026-10-02T08:28:45.3371985Z [command]/opt/hostedtoolcache/node/22.23.3/x64/bin/npm config get cache
2026-10-02T08:28:45.4522688Z /home/runner/.npm
2026-10-02T08:28:45.7289942Z Cache hit for: node-cache-Linux-x64-npm-8d1cc99b42d2ddab7088f209979aad3b24f7036b7c6e9ba990041b1ac212e783
2026-10-02T08:28:47.0164500Z Received 0 of 3968776 (0.0%), 0.0 MBs/sec
2026-10-02T08:28:47.1147726Z Received 3968776 of 3968776 (100.0%), 3.4 MBs/sec
2026-10-02T08:28:47.1148219Z Cache Size: ~4 MB (3968776 B)
2026-10-02T08:28:47.1174233Z [command]/usr/bin/tar -xf /home/runner/work/_temp/8fc56eaa-1877-46a9-b7d9-ff3564eee302/cache.tzst -P -C /home/runner/work/Bugsy/Bugsy --use-compress-program unzstd
2026-10-02T08:28:47.1295732Z Cache restored successfully
2026-10-02T08:28:47.1302388Z Cache restored from key: node-cache-Linux-x64-npm-8d1cc99b42d2ddab7088f209979aad3b24f7036b7c6e9ba990041b1ac212e783
2026-10-02T08:28:47.1438492Z ##[group]Run npm ci --ignore-scripts
2026-10-02T08:28:47.1438890Z [36;1mnpm ci --ignore-scripts[0m
2026-10-02T08:28:47.1740470Z shell: /usr/bin/bash -e {0}
2026-10-02T08:28:47.1740849Z ##[endgroup]
2026-10-02T08:28:47.9853700Z 
2026-10-02T08:28:47.9863181Z added 2 packages, and audited 3 packages in 749ms
2026-10-02T08:28:47.9864564Z 
2026-10-02T08:28:47.9864869Z found 0 vulnerabilities
2026-10-02T08:28:48.0281115Z ##[group]Run npx playwright install --with-deps chromium
2026-10-02T08:28:48.0281610Z [36;1mnpx playwright install --with-deps chromium[0m
2026-10-02T08:28:48.0344720Z shell: /usr/bin/bash -e {0}
2026-10-02T08:28:48.0345049Z ##[endgroup]
2026-10-02T08:28:48.8954246Z Installing dependencies...
2026-10-02T08:28:48.9031400Z Switching to root user to install dependencies...
2026-10-02T08:28:49.0028763Z Get:1 file:/etc/apt/apt-mirrors.txt Mirrorlist [144 B]
2026-10-02T08:28:49.0480466Z Hit:2 http://azure.archive.ubuntu.com/ubuntu noble InRelease
2026-10-02T08:28:49.0483195Z Get:6 https://packages.microsoft.com/ubuntu/24.04/prod noble InRelease [3600 B]
2026-10-02T08:28:49.0511361Z Get:3 http://azure.archive.ubuntu.com/ubuntu noble-updates InRelease [126 kB]
2026-10-02T08:28:49.0576468Z Get:4 http://azure.archive.ubuntu.com/ubuntu noble-backports InRelease [126 kB]
2026-10-02T08:28:49.0637550Z Get:5 http://azure.archive.ubuntu.com/ubuntu noble-security InRelease [126 kB]
2026-10-02T08:28:49.1948412Z Get:7 https://packages.microsoft.com/ubuntu/24.04/prod noble/main armhf Packages [12.6 kB]
2026-10-02T08:28:49.2046138Z Get:8 https://packages.microsoft.com/ubuntu/24.04/prod noble/main amd64 Packages [510 kB]
2026-10-02T08:28:49.2138914Z Get:9 https://packages.microsoft.com/ubuntu/24.04/prod noble/main arm64 Packages [458 kB]
2026-10-02T08:28:49.2418871Z Get:10 http://azure.archive.ubuntu.com/ubuntu noble-updates/main amd64 Packages [1364 kB]
2026-10-02T08:28:49.2514784Z Get:11 http://azure.archive.ubuntu.com/ubuntu noble-updates/main Translation-en [304 kB]
2026-10-02T08:28:49.2533842Z Get:12 http://azure.archive.ubuntu.com/ubuntu noble-updates/main amd64 Components [180 kB]
2026-10-02T08:28:49.2543941Z Get:13 http://azure.archive.ubuntu.com/ubuntu noble-updates/universe amd64 Packages [1699 kB]
2026-10-02T08:28:49.2645614Z Get:14 http://azure.archive.ubuntu.com/ubuntu noble-updates/universe Translation-en [341 kB]
2026-10-02T08:28:49.2680526Z Get:15 http://azure.archive.ubuntu.com/ubuntu noble-updates/universe amd64 Components [388 kB]
2026-10-02T08:28:49.2689575Z Get:16 http://azure.archive.ubuntu.com/ubuntu noble-updates/restricted amd64 Packages [1720 kB]
2026-10-02T08:28:49.2773101Z Get:17 http://azure.archive.ubuntu.com/ubuntu noble-updates/restricted Translation-en [394 kB]
2026-10-02T08:28:49.2798967Z Get:18 http://azure.archive.ubuntu.com/ubuntu noble-updates/multiverse amd64 Components [940 B]
2026-10-02T08:28:49.3012850Z Get:19 http://azure.archive.ubuntu.com/ubuntu noble-backports/main amd64 Components [5764 B]
2026-10-02T08:28:49.3455784Z Get:20 http://azure.archive.ubuntu.com/ubuntu noble-backports/universe amd64 Components [12.6 kB]
2026-10-02T08:28:49.3600548Z Get:21 http://azure.archive.ubuntu.com/ubuntu noble-security/main amd64 Packages [1069 kB]
2026-10-02T08:28:49.3653719Z Get:22 http://azure.archive.ubuntu.com/ubuntu noble-security/main Translation-en [221 kB]
2026-10-02T08:28:49.3673523Z Get:23 http://azure.archive.ubuntu.com/ubuntu noble-security/main amd64 Components [46.3 kB]
2026-10-02T08:28:49.3691721Z Get:24 http://azure.archive.ubuntu.com/ubuntu noble-security/universe amd64 Packages [1216 kB]
2026-10-02T08:28:49.3756180Z Get:25 http://azure.archive.ubuntu.com/ubuntu noble-security/universe Translation-en [244 kB]
2026-10-02T08:28:49.3777556Z Get:26 http://azure.archive.ubuntu.com/ubuntu noble-security/universe amd64 Components [76.3 kB]
2026-10-02T08:28:49.3792403Z Get:27 http://azure.archive.ubuntu.com/ubuntu noble-security/restricted amd64 Packages [1566 kB]
2026-10-02T08:28:49.3888112Z Get:28 http://azure.archive.ubuntu.com/ubuntu noble-security/restricted Translation-en [361 kB]
2026-10-02T08:28:53.9749393Z Fetched 12.6 MB in 1s (9059 kB/s)
2026-10-02T08:28:54.8330906Z Reading package lists...
2026-10-02T08:28:54.8572565Z Reading package lists...
2026-10-02T08:28:55.0567551Z Building dependency tree...
2026-10-02T08:28:55.0576011Z Reading state information...
2026-10-02T08:28:55.2149680Z libasound2t64 is already the newest version (1.2.11-1ubuntu0.3).
2026-10-02T08:28:55.2151125Z libasound2t64 set to manually installed.
2026-10-02T08:28:55.2152090Z libatk-bridge2.0-0t64 is already the newest version (2.52.0-1build1).
2026-10-02T08:28:55.2152965Z libatk-bridge2.0-0t64 set to manually installed.
2026-10-02T08:28:55.2153861Z libatk1.0-0t64 is already the newest version (2.52.0-1build1).
2026-10-02T08:28:55.2154634Z libatk1.0-0t64 set to manually installed.
2026-10-02T08:28:55.2155497Z libatspi2.0-0t64 is already the newest version (2.52.0-1build1).
2026-10-02T08:28:55.2156784Z libatspi2.0-0t64 set to manually installed.
2026-10-02T08:28:55.2158269Z libcairo2 is already the newest version (1.18.0-3build1).
2026-10-02T08:28:55.2158987Z libcairo2 set to manually installed.
2026-10-02T08:28:55.2159727Z libcups2t64 is already the newest version (2.4.7-1.2ubuntu7.14).
2026-10-02T08:28:55.2160503Z libcups2t64 set to manually installed.
2026-10-02T08:28:55.2161330Z libdbus-1-3 is already the newest version (1.14.10-4ubuntu4.1).
2026-10-02T08:28:55.2162137Z libdbus-1-3 set to manually installed.
2026-10-02T08:28:55.2162999Z libdrm2 is already the newest version (2.4.125-1ubuntu0.1~24.04.2).
2026-10-02T08:28:55.2163776Z libdrm2 set to manually installed.
2026-10-02T08:28:55.2164661Z libglib2.0-0t64 is already the newest version (2.80.0-6ubuntu3.9).
2026-10-02T08:28:55.2165551Z libglib2.0-0t64 set to manually installed.
2026-10-02T08:28:55.2166702Z libnspr4 is already the newest version (2:4.35-1.1build1).
2026-10-02T08:28:55.2167486Z libnspr4 set to manually installed.
2026-10-02T08:28:55.2168260Z libnss3 is already the newest version (2:3.98-1ubuntu0.2).
2026-10-02T08:28:55.2168997Z libnss3 set to manually installed.
2026-10-02T08:28:55.2169742Z libpango-1.0-0 is already the newest version (1.52.1+ds-1build1).
2026-10-02T08:28:55.2170513Z libpango-1.0-0 set to manually installed.
2026-10-02T08:28:55.2171384Z libx11-6 is already the newest version (2:1.8.7-1build1).
2026-10-02T08:28:55.2172060Z libx11-6 set to manually installed.
2026-10-02T08:28:55.2172741Z libxcb1 is already the newest version (1.15-1ubuntu2).
2026-10-02T08:28:55.2173399Z libxcb1 set to manually installed.
2026-10-02T08:28:55.2174163Z libxcomposite1 is already the newest version (1:0.4.5-1build3).
2026-10-02T08:28:55.2174968Z libxcomposite1 set to manually installed.
2026-10-02T08:28:55.2175795Z libxdamage1 is already the newest version (1:1.1.6-1build1).
2026-10-02T08:28:55.2176835Z libxdamage1 set to manually installed.
2026-10-02T08:28:55.2177595Z libxext6 is already the newest version (2:1.3.4-1build2).
2026-10-02T08:28:55.2178286Z libxext6 set to manually installed.
2026-10-02T08:28:55.2179040Z libxfixes3 is already the newest version (1:6.0.0-2build1).
2026-10-02T08:28:55.2179756Z libxfixes3 set to manually installed.
2026-10-02T08:28:55.2180502Z libxkbcommon0 is already the newest version (1.6.0-1build1).
2026-10-02T08:28:55.2181230Z libxkbcommon0 set to manually installed.
2026-10-02T08:28:55.2181977Z libxrandr2 is already the newest version (2:1.5.2-2build1).
2026-10-02T08:28:55.2182737Z libxrandr2 set to manually installed.
2026-10-02T08:28:55.2183466Z xvfb is already the newest version (2:21.1.12-1ubuntu1.8).
2026-10-02T08:28:55.2184492Z fonts-noto-color-emoji is already the newest version (2.047-0ubuntu0.24.04.1).
2026-10-02T08:28:55.2185550Z libfontconfig1 is already the newest version (2.15.0-1.1ubuntu2).
2026-10-02T08:28:55.2186602Z libfontconfig1 set to manually installed.
2026-10-02T08:28:55.2187512Z libfreetype6 is already the newest version (2.13.2+dfsg-1ubuntu0.1).
2026-10-02T08:28:55.2188355Z libfreetype6 set to manually installed.
2026-10-02T08:28:55.2189129Z fonts-liberation is already the newest version (1:2.1.5-3).
2026-10-02T08:28:55.2189912Z fonts-liberation set to manually installed.
2026-10-02T08:28:55.2190675Z The following additional packages will be installed:
2026-10-02T08:28:55.2191529Z   libgl1-mesa-dri libglx-mesa0 libwayland-server0 mesa-libgallium
2026-10-02T08:28:55.2192292Z   xfonts-encodings xfonts-utils
2026-10-02T08:28:55.2192766Z Recommended packages:
2026-10-02T08:28:55.2193596Z   fonts-ipafont-mincho fonts-tlwg-loma
2026-10-02T08:28:55.2388640Z The following NEW packages will be installed:
2026-10-02T08:28:55.2389509Z   fonts-freefont-ttf fonts-ipafont-gothic fonts-tlwg-loma-otf fonts-unifont
2026-10-02T08:28:55.2395980Z   fonts-wqy-zenhei libwayland-server0 xfonts-cyrillic xfonts-encodings
2026-10-02T08:28:55.2396861Z   xfonts-scalable xfonts-utils
2026-10-02T08:28:55.2401031Z The following packages will be upgraded:
2026-10-02T08:28:55.2406078Z   libgbm1 libgl1-mesa-dri libglx-mesa0 mesa-libgallium
2026-10-02T08:28:55.2574476Z 4 upgraded, 10 newly installed, 0 to remove and 21 not upgraded.
2026-10-02T08:28:55.2575364Z Need to get 32.1 MB of archives.
2026-10-02T08:28:55.2575814Z After this operation, 79.7 MB of additional disk space will be used.
2026-10-02T08:28:55.2576678Z Get:1 file:/etc/apt/apt-mirrors.txt Mirrorlist [144 B]
2026-10-02T08:28:55.4254587Z Get:2 http://azure.archive.ubuntu.com/ubuntu noble/universe amd64 fonts-ipafont-gothic all 00303-21ubuntu1 [3513 kB]
2026-10-02T08:28:55.7494552Z Get:3 http://azure.archive.ubuntu.com/ubuntu noble/main amd64 fonts-freefont-ttf all 20211204+svn4273-2 [5641 kB]
2026-10-02T08:28:56.1781113Z Get:4 http://azure.archive.ubuntu.com/ubuntu noble/universe amd64 fonts-tlwg-loma-otf all 1:0.7.3-1 [107 kB]
2026-10-02T08:28:56.3358097Z Get:5 http://azure.archive.ubuntu.com/ubuntu noble/universe amd64 fonts-unifont all 1:15.1.01-1build1 [2993 kB]
2026-10-02T08:28:56.6338474Z Get:6 http://azure.archive.ubuntu.com/ubuntu noble/universe amd64 fonts-wqy-zenhei all 0.9.45-8 [7472 kB]
2026-10-02T08:28:57.1501019Z Get:7 http://azure.archive.ubuntu.com/ubuntu noble-updates/main amd64 libgl1-mesa-dri amd64 25.2.8-0ubuntu0.24.04.3 [37.9 kB]
2026-10-02T08:28:57.3043570Z Get:8 http://azure.archive.ubuntu.com/ubuntu noble/main amd64 libwayland-server0 amd64 1.22.0-2.1build1 [33.9 kB]
2026-10-02T08:28:57.4584890Z Get:9 http://azure.archive.ubuntu.com/ubuntu noble-updates/main amd64 libglx-mesa0 amd64 25.2.8-0ubuntu0.24.04.3 [110 kB]
2026-10-02T08:28:57.6166795Z Get:10 http://azure.archive.ubuntu.com/ubuntu noble-updates/main amd64 libgbm1 amd64 25.2.8-0ubuntu0.24.04.3 [34.3 kB]
2026-10-02T08:28:57.7708593Z Get:11 http://azure.archive.ubuntu.com/ubuntu noble-updates/main amd64 mesa-libgallium amd64 25.2.8-0ubuntu0.24.04.3 [10.8 MB]
2026-10-02T08:28:58.4488563Z Get:12 http://azure.archive.ubuntu.com/ubuntu noble/main amd64 xfonts-encodings all 1:1.0.5-0ubuntu2 [578 kB]
2026-10-02T08:28:58.6281625Z Get:13 http://azure.archive.ubuntu.com/ubuntu noble/main amd64 xfonts-utils amd64 1:7.7+6build3 [94.4 kB]
2026-10-02T08:28:58.7856574Z Get:14 http://azure.archive.ubuntu.com/ubuntu noble/universe amd64 xfonts-cyrillic all 1:1.0.5+nmu1 [384 kB]
2026-10-02T08:28:58.9566450Z Get:15 http://azure.archive.ubuntu.com/ubuntu noble/main amd64 xfonts-scalable all 1:1.0.3-1.3 [304 kB]
2026-10-02T08:29:00.0154258Z Fetched 32.1 MB in 4s (8619 kB/s)
2026-10-02T08:29:00.0426900Z Selecting previously unselected package fonts-ipafont-gothic.
2026-10-02T08:29:00.0790112Z (Reading database ... 
2026-10-02T08:29:00.0790738Z (Reading database ... 5%
2026-10-02T08:29:00.0791473Z (Reading database ... 10%
2026-10-02T08:29:00.0792011Z (Reading database ... 15%
2026-10-02T08:29:00.0792288Z (Reading database ... 20%
2026-10-02T08:29:00.0792744Z (Reading database ... 25%
2026-10-02T08:29:00.0793183Z (Reading database ... 30%
2026-10-02T08:29:00.0793640Z (Reading database ... 35%
2026-10-02T08:29:00.0794062Z (Reading database ... 40%
2026-10-02T08:29:00.0794507Z (Reading database ... 45%
2026-10-02T08:29:00.0794928Z (Reading database ... 50%
2026-10-02T08:29:00.0845835Z (Reading database ... 55%
2026-10-02T08:29:00.2312375Z (Reading database ... 60%
2026-10-02T08:29:00.4379740Z (Reading database ... 65%
2026-10-02T08:29:00.6430559Z (Reading database ... 70%
2026-10-02T08:29:00.8297097Z (Reading database ... 75%
2026-10-02T08:29:00.9882818Z (Reading database ... 80%
2026-10-02T08:29:01.1930014Z (Reading database ... 85%
2026-10-02T08:29:01.3802697Z (Reading database ... 90%
2026-10-02T08:29:01.5104693Z (Reading database ... 95%
2026-10-02T08:29:01.5105414Z (Reading database ... 100%
2026-10-02T08:29:01.5106674Z (Reading database ... 202296 files and directories currently installed.)
2026-10-02T08:29:01.5146984Z Preparing to unpack .../00-fonts-ipafont-gothic_00303-21ubuntu1_all.deb ...
2026-10-02T08:29:01.5236543Z Unpacking fonts-ipafont-gothic (00303-21ubuntu1) ...
2026-10-02T08:29:01.7543152Z Selecting previously unselected package fonts-freefont-ttf.
2026-10-02T08:29:01.7666597Z Preparing to unpack .../01-fonts-freefont-ttf_20211204+svn4273-2_all.deb ...
2026-10-02T08:29:01.7675145Z Unpacking fonts-freefont-ttf (20211204+svn4273-2) ...
2026-10-02T08:29:01.8445114Z Selecting previously unselected package fonts-tlwg-loma-otf.
2026-10-02T08:29:01.8570597Z Preparing to unpack .../02-fonts-tlwg-loma-otf_1%3a0.7.3-1_all.deb ...
2026-10-02T08:29:01.8579719Z Unpacking fonts-tlwg-loma-otf (1:0.7.3-1) ...
2026-10-02T08:29:01.8790498Z Selecting previously unselected package fonts-unifont.
2026-10-02T08:29:01.8914888Z Preparing to unpack .../03-fonts-unifont_1%3a15.1.01-1build1_all.deb ...
2026-10-02T08:29:01.8922793Z Unpacking fonts-unifont (1:15.1.01-1build1) ...
2026-10-02T08:29:01.9953368Z Selecting previously unselected package fonts-wqy-zenhei.
2026-10-02T08:29:02.0076427Z Preparing to unpack .../04-fonts-wqy-zenhei_0.9.45-8_all.deb ...
2026-10-02T08:29:02.0178016Z Unpacking fonts-wqy-zenhei (0.9.45-8) ...
2026-10-02T08:29:02.4975345Z Preparing to unpack .../05-libgl1-mesa-dri_25.2.8-0ubuntu0.24.04.3_amd64.deb ...
2026-10-02T08:29:02.5125647Z Unpacking libgl1-mesa-dri:amd64 (25.2.8-0ubuntu0.24.04.3) over (25.2.8-0ubuntu0.24.04.2) ...
2026-10-02T08:29:02.5501913Z Selecting previously unselected package libwayland-server0:amd64.
2026-10-02T08:29:02.5628214Z Preparing to unpack .../06-libwayland-server0_1.22.0-2.1build1_amd64.deb ...
2026-10-02T08:29:02.5648334Z Unpacking libwayland-server0:amd64 (1.22.0-2.1build1) ...
2026-10-02T08:29:02.5988301Z Preparing to unpack .../07-libglx-mesa0_25.2.8-0ubuntu0.24.04.3_amd64.deb ...
2026-10-02T08:29:02.6015903Z Unpacking libglx-mesa0:amd64 (25.2.8-0ubuntu0.24.04.3) over (25.2.8-0ubuntu0.24.04.2) ...
2026-10-02T08:29:02.6397382Z Preparing to unpack .../08-libgbm1_25.2.8-0ubuntu0.24.04.3_amd64.deb ...
2026-10-02T08:29:02.6421840Z Unpacking libgbm1:amd64 (25.2.8-0ubuntu0.24.04.3) over (25.2.8-0ubuntu0.24.04.2) ...
2026-10-02T08:29:02.6800998Z Preparing to unpack .../09-mesa-libgallium_25.2.8-0ubuntu0.24.04.3_amd64.deb ...
2026-10-02T08:29:02.6835560Z Unpacking mesa-libgallium:amd64 (25.2.8-0ubuntu0.24.04.3) over (25.2.8-0ubuntu0.24.04.2) ...
2026-10-02T08:29:02.8531106Z Selecting previously unselected package xfonts-encodings.
2026-10-02T08:29:02.8657687Z Preparing to unpack .../10-xfonts-encodings_1%3a1.0.5-0ubuntu2_all.deb ...
2026-10-02T08:29:02.8666314Z Unpacking xfonts-encodings (1:1.0.5-0ubuntu2) ...
2026-10-02T08:29:02.8968082Z Selecting previously unselected package xfonts-utils.
2026-10-02T08:29:02.9093988Z Preparing to unpack .../11-xfonts-utils_1%3a7.7+6build3_amd64.deb ...
2026-10-02T08:29:02.9102842Z Unpacking xfonts-utils (1:7.7+6build3) ...
2026-10-02T08:29:02.9490698Z Selecting previously unselected package xfonts-cyrillic.
2026-10-02T08:29:02.9617225Z Preparing to unpack .../12-xfonts-cyrillic_1%3a1.0.5+nmu1_all.deb ...
2026-10-02T08:29:02.9626994Z Unpacking xfonts-cyrillic (1:1.0.5+nmu1) ...
2026-10-02T08:29:02.9991812Z Selecting previously unselected package xfonts-scalable.
2026-10-02T08:29:03.0117908Z Preparing to unpack .../13-xfonts-scalable_1%3a1.0.3-1.3_all.deb ...
2026-10-02T08:29:03.0126446Z Unpacking xfonts-scalable (1:1.0.3-1.3) ...
2026-10-02T08:29:03.0584131Z Setting up libwayland-server0:amd64 (1.22.0-2.1build1) ...
2026-10-02T08:29:03.0616770Z Setting up mesa-libgallium:amd64 (25.2.8-0ubuntu0.24.04.3) ...
2026-10-02T08:29:03.0637394Z Setting up libgbm1:amd64 (25.2.8-0ubuntu0.24.04.3) ...
2026-10-02T08:29:03.0659163Z Setting up libgl1-mesa-dri:amd64 (25.2.8-0ubuntu0.24.04.3) ...
2026-10-02T08:29:03.0735525Z Setting up fonts-wqy-zenhei (0.9.45-8) ...
2026-10-02T08:29:03.0867166Z Setting up fonts-freefont-ttf (20211204+svn4273-2) ...
2026-10-02T08:29:03.0887721Z Setting up fonts-tlwg-loma-otf (1:0.7.3-1) ...
2026-10-02T08:29:03.0913971Z Setting up xfonts-encodings (1:1.0.5-0ubuntu2) ...
2026-10-02T08:29:03.0935728Z Setting up fonts-ipafont-gothic (00303-21ubuntu1) ...
2026-10-02T08:29:03.1005051Z update-alternatives: using /usr/share/fonts/opentype/ipafont-gothic/ipag.ttf to provide /usr/share/fonts/truetype/fonts-japanese-gothic.ttf (fonts-japanese-gothic.ttf) in auto mode
2026-10-02T08:29:03.1021590Z Setting up fonts-unifont (1:15.1.01-1build1) ...
2026-10-02T08:29:03.1043370Z Setting up libglx-mesa0:amd64 (25.2.8-0ubuntu0.24.04.3) ...
2026-10-02T08:29:03.1068316Z Setting up xfonts-utils (1:7.7+6build3) ...
2026-10-02T08:29:03.1112166Z Setting up xfonts-cyrillic (1:1.0.5+nmu1) ...
2026-10-02T08:29:03.1411034Z Setting up xfonts-scalable (1:1.0.3-1.3) ...
2026-10-02T08:29:03.1686112Z Processing triggers for libc-bin (2.39-0ubuntu8.9) ...
2026-10-02T08:29:03.2028256Z Processing triggers for man-db (2.12.0-4build2) ...
2026-10-02T08:29:03.2049826Z Not building database; man-db/auto-update is not 'true'.
2026-10-02T08:29:03.2062027Z Processing triggers for fontconfig (2.15.0-1.1ubuntu2) ...
2026-10-02T08:29:03.9402427Z 
2026-10-02T08:29:03.9403257Z Running kernel seems to be up-to-date.
2026-10-02T08:29:03.9403781Z 
2026-10-02T08:29:03.9404103Z No services need to be restarted.
2026-10-02T08:29:03.9404358Z 
2026-10-02T08:29:03.9404953Z No containers need to be restarted.
2026-10-02T08:29:03.9428238Z 
2026-10-02T08:29:03.9428585Z No user sessions are running outdated binaries.
2026-10-02T08:29:03.9428971Z 
2026-10-02T08:29:03.9429457Z No VM guests are running outdated hypervisor (qemu) binaries on this host.
2026-10-02T08:29:04.9542445Z Downloading Chrome for Testing 151.0.7922.34 (playwright chromium v1234) from https://cdn.playwright.dev/builds/cft/151.0.7922.34/linux64/chrome-linux64.zip
2026-10-02T08:29:05.9826973Z |                                                                                |   0% of 184.3 MiB
2026-10-02T08:29:06.1541777Z |■■■■■■■■                                                                        |  10% of 184.3 MiB
2026-10-02T08:29:06.2507460Z |■■■■■■■■■■■■■■■■                                                                |  20% of 184.3 MiB
2026-10-02T08:29:06.3234949Z |■■■■■■■■■■■■■■■■■■■■■■■■                                                        |  30% of 184.3 MiB
2026-10-02T08:29:06.4103259Z |■■■■■■■■■■■■■■■■■■■■■■■■■■■■■■■■                                                |  40% of 184.3 MiB
2026-10-02T08:29:06.4912929Z |■■■■■■■■■■■■■■■■■■■■■■■■■■■■■■■■■■■■■■■■                                        |  50% of 184.3 MiB
2026-10-02T08:29:06.5714510Z |■■■■■■■■■■■■■■■■■■■■■■■■■■■■■■■■■■■■■■■■■■■■■■■■                                |  60% of 184.3 MiB
2026-10-02T08:29:06.6533710Z |■■■■■■■■■■■■■■■■■■■■■■■■■■■■■■■■■■■■■■■■■■■■■■■■■■■■■■■■                        |  70% of 184.3 MiB
2026-10-02T08:29:06.7391790Z |■■■■■■■■■■■■■■■■■■■■■■■■■■■■■■■■■■■■■■■■■■■■■■■■■■■■■■■■■■■■■■■■                |  80% of 184.3 MiB
2026-10-02T08:29:06.8322931Z |■■■■■■■■■■■■■■■■■■■■■■■■■■■■■■■■■■■■■■■■■■■■■■■■■■■■■■■■■■■■■■■■■■■■■■■■        |  90% of 184.3 MiB
2026-10-02T08:29:06.9254166Z |■■■■■■■■■■■■■■■■■■■■■■■■■■■■■■■■■■■■■■■■■■■■■■■■■■■■■■■■■■■■■■■■■■■■■■■■■■■■■■■■| 100% of 184.3 MiB
2026-10-02T08:29:09.8548780Z Chrome for Testing 151.0.7922.34 (playwright chromium v1234) downloaded to /home/runner/.cache/ms-playwright/chromium-1234
2026-10-02T08:29:09.8553729Z Downloading FFmpeg (playwright ffmpeg v1011) from https://cdn.playwright.dev/dbazure/download/playwright/builds/ffmpeg/1011/ffmpeg-linux.zip
2026-10-02T08:29:10.8420992Z |                                                                                |   0% of 2.3 MiB
2026-10-02T08:29:10.8536713Z |■■■■■■■■                                                                        |  10% of 2.3 MiB
2026-10-02T08:29:10.8601515Z |■■■■■■■■■■■■■■■■                                                                |  20% of 2.3 MiB
2026-10-02T08:29:10.8644113Z |■■■■■■■■■■■■■■■■■■■■■■■■                                                        |  30% of 2.3 MiB
2026-10-02T08:29:10.8674500Z |■■■■■■■■■■■■■■■■■■■■■■■■■■■■■■■■                                                |  40% of 2.3 MiB
2026-10-02T08:29:10.8701640Z |■■■■■■■■■■■■■■■■■■■■■■■■■■■■■■■■■■■■■■■■                                        |  50% of 2.3 MiB
2026-10-02T08:29:10.8730109Z |■■■■■■■■■■■■■■■■■■■■■■■■■■■■■■■■■■■■■■■■■■■■■■■■                                |  60% of 2.3 MiB
2026-10-02T08:29:10.8741489Z |■■■■■■■■■■■■■■■■■■■■■■■■■■■■■■■■■■■■■■■■■■■■■■■■■■■■■■■■                        |  70% of 2.3 MiB
2026-10-02T08:29:10.8755681Z |■■■■■■■■■■■■■■■■■■■■■■■■■■■■■■■■■■■■■■■■■■■■■■■■■■■■■■■■■■■■■■■■                |  80% of 2.3 MiB
2026-10-02T08:29:10.8779353Z |■■■■■■■■■■■■■■■■■■■■■■■■■■■■■■■■■■■■■■■■■■■■■■■■■■■■■■■■■■■■■■■■■■■■■■■■        |  90% of 2.3 MiB
2026-10-02T08:29:10.8798030Z |■■■■■■■■■■■■■■■■■■■■■■■■■■■■■■■■■■■■■■■■■■■■■■■■■■■■■■■■■■■■■■■■■■■■■■■■■■■■■■■■| 100% of 2.3 MiB
2026-10-02T08:29:10.9422483Z FFmpeg (playwright ffmpeg v1011) downloaded to /home/runner/.cache/ms-playwright/ffmpeg-1011
2026-10-02T08:29:10.9425351Z Downloading Chrome Headless Shell 151.0.7922.34 (playwright chromium-headless-shell v1234) from https://cdn.playwright.dev/builds/cft/151.0.7922.34/linux64/chrome-headless-shell-linux64.zip
2026-10-02T08:29:11.9497872Z |                                                                                |   0% of 114.7 MiB
2026-10-02T08:29:12.0804410Z |■■■■■■■■                                                                        |  10% of 114.7 MiB
2026-10-02T08:29:12.1517894Z |■■■■■■■■■■■■■■■■                                                                |  20% of 114.7 MiB
2026-10-02T08:29:12.2156136Z |■■■■■■■■■■■■■■■■■■■■■■■■                                                        |  30% of 114.7 MiB
2026-10-02T08:29:12.2718087Z |■■■■■■■■■■■■■■■■■■■■■■■■■■■■■■■■                                                |  40% of 114.7 MiB
2026-10-02T08:29:12.3181250Z |■■■■■■■■■■■■■■■■■■■■■■■■■■■■■■■■■■■■■■■■                                        |  50% of 114.7 MiB
2026-10-02T08:29:12.3768338Z |■■■■■■■■■■■■■■■■■■■■■■■■■■■■■■■■■■■■■■■■■■■■■■■■                                |  60% of 114.7 MiB
2026-10-02T08:29:12.4316837Z |■■■■■■■■■■■■■■■■■■■■■■■■■■■■■■■■■■■■■■■■■■■■■■■■■■■■■■■■                        |  70% of 114.7 MiB
2026-10-02T08:29:12.4898460Z |■■■■■■■■■■■■■■■■■■■■■■■■■■■■■■■■■■■■■■■■■■■■■■■■■■■■■■■■■■■■■■■■                |  80% of 114.7 MiB
2026-10-02T08:29:12.5393508Z |■■■■■■■■■■■■■■■■■■■■■■■■■■■■■■■■■■■■■■■■■■■■■■■■■■■■■■■■■■■■■■■■■■■■■■■■        |  90% of 114.7 MiB
2026-10-02T08:29:12.5892711Z |■■■■■■■■■■■■■■■■■■■■■■■■■■■■■■■■■■■■■■■■■■■■■■■■■■■■■■■■■■■■■■■■■■■■■■■■■■■■■■■■| 100% of 114.7 MiB
2026-10-02T08:29:14.5357204Z Chrome Headless Shell 151.0.7922.34 (playwright chromium-headless-shell v1234) downloaded to /home/runner/.cache/ms-playwright/chromium_headless_shell-1234
2026-10-02T08:29:14.5605525Z ##[group]Run npm test
2026-10-02T08:29:14.5605995Z [36;1mnpm test[0m
2026-10-02T08:29:14.5668068Z shell: /usr/bin/bash -e {0}
2026-10-02T08:29:14.5668335Z ##[endgroup]
2026-10-02T08:29:14.6691390Z 
2026-10-02T08:29:14.6692006Z > sunny-acres-regression-tests@1.0.0 test
2026-10-02T08:29:14.6693369Z > node --test perf.test.mjs cow3d.test.mjs versions.test.mjs && node --experimental-vm-modules regression.browser.cjs && node shed-switch.browser.cjs && node cow3d.browser.cjs
2026-10-02T08:29:14.6694207Z 
2026-10-02T08:29:14.7177648Z TAP version 13
2026-10-02T08:29:14.9347794Z # Subtest: actual joints reach hoof targets and keep hooves level in three dimensions
2026-10-02T08:29:14.9367543Z ok 1 - actual joints reach hoof targets and keep hooves level in three dimensions
2026-10-02T08:29:14.9368314Z   ---
2026-10-02T08:29:14.9368694Z   duration_ms: 65.454829
2026-10-02T08:29:14.9369111Z   type: 'test'
2026-10-02T08:29:14.9369455Z   ...
2026-10-02T08:29:14.9370371Z # Subtest: planted feet stay in place through real travel; stationary phase freezes and settles
2026-10-02T08:29:14.9371674Z ok 2 - planted feet stay in place through real travel; stationary phase freezes and settles
2026-10-02T08:29:14.9372438Z   ---
2026-10-02T08:29:14.9372794Z   duration_ms: 63.410449
2026-10-02T08:29:14.9373196Z   type: 'test'
2026-10-02T08:29:14.9373531Z   ...
2026-10-02T08:29:14.9374308Z # Subtest: head turns, independent ears flick, blinking/tail move; sleeping is quieter
2026-10-02T08:29:14.9375479Z ok 3 - head turns, independent ears flick, blinking/tail move; sleeping is quieter
2026-10-02T08:29:14.9376189Z   ---
2026-10-02T08:29:14.9376768Z   duration_ms: 9.09187
2026-10-02T08:29:14.9377168Z   type: 'test'
2026-10-02T08:29:14.9377506Z   ...
2026-10-02T08:29:14.9378354Z # Subtest: skin geometry is shared, animation belongs to each cow, and teleport is not a stride
2026-10-02T08:29:14.9379650Z ok 4 - skin geometry is shared, animation belongs to each cow, and teleport is not a stride
2026-10-02T08:29:14.9380416Z   ---
2026-10-02T08:29:14.9380751Z   duration_ms: 0.722593
2026-10-02T08:29:14.9381147Z   type: 'test'
2026-10-02T08:29:14.9381478Z   ...
2026-10-02T08:29:14.9382220Z # Subtest: equal travel at 30/60/120 Hz gives equal idle/walk cadence and finite turns
2026-10-02T08:29:14.9383358Z ok 5 - equal travel at 30/60/120 Hz gives equal idle/walk cadence and finite turns
2026-10-02T08:29:14.9384052Z   ---
2026-10-02T08:29:14.9384390Z   duration_ms: 4.869502
2026-10-02T08:29:14.9384790Z   type: 'test'
2026-10-02T08:29:14.9385129Z   ...
2026-10-02T08:29:14.9536092Z # Subtest: frame intervals: empty, median, nearest-rank p95 and foreground hitch
2026-10-02T08:29:14.9537703Z ok 6 - frame intervals: empty, median, nearest-rank p95 and foreground hitch
2026-10-02T08:29:14.9547758Z   ---
2026-10-02T08:29:14.9548237Z   duration_ms: 2.354236
2026-10-02T08:29:14.9548732Z   type: 'test'
2026-10-02T08:29:14.9549163Z   ...
2026-10-02T08:29:14.9549975Z # Subtest: rolling windows expire old frames and retain bounded ring data
2026-10-02T08:29:14.9550922Z ok 7 - rolling windows expire old frames and retain bounded ring data
2026-10-02T08:29:14.9551346Z   ---
2026-10-02T08:29:14.9551567Z   duration_ms: 0.415974
2026-10-02T08:29:14.9551931Z   type: 'test'
2026-10-02T08:29:14.9552138Z   ...
2026-10-02T08:29:14.9552578Z # Subtest: pause reset excludes resume gap; rendered intervals reflect a 30 FPS cap
2026-10-02T08:29:14.9553661Z ok 8 - pause reset excludes resume gap; rendered intervals reflect a 30 FPS cap
2026-10-02T08:29:14.9554504Z   ---
2026-10-02T08:29:14.9554936Z   duration_ms: 1.75899
2026-10-02T08:29:14.9555545Z   type: 'test'
2026-10-02T08:29:14.9555980Z   ...
2026-10-02T08:29:14.9558633Z # Subtest: p95 uses nearest rank across 20 distinct intervals
2026-10-02T08:29:14.9559167Z ok 9 - p95 uses nearest rank across 20 distinct intervals
2026-10-02T08:29:14.9559529Z   ---
2026-10-02T08:29:14.9559750Z   duration_ms: 0.394343
2026-10-02T08:29:14.9560024Z   type: 'test'
2026-10-02T08:29:14.9560230Z   ...
2026-10-02T08:29:14.9560981Z # Subtest: composer counters include every pass and restore reset policy
2026-10-02T08:29:14.9562163Z ok 10 - composer counters include every pass and restore reset policy
2026-10-02T08:29:14.9563058Z   ---
2026-10-02T08:29:14.9563629Z   duration_ms: 0.714969
2026-10-02T08:29:14.9564021Z   type: 'test'
2026-10-02T08:29:14.9564369Z   ...
2026-10-02T08:29:14.9565167Z # Subtest: display throttles updates, resets visibility gaps and remains collapsible
2026-10-02T08:29:14.9566699Z ok 11 - display throttles updates, resets visibility gaps and remains collapsible
2026-10-02T08:29:14.9567827Z   ---
2026-10-02T08:29:14.9568209Z   duration_ms: 22.700657
2026-10-02T08:29:14.9568661Z   type: 'test'
2026-10-02T08:29:14.9569225Z   ...
2026-10-02T08:29:14.9570045Z # Subtest: every versioned script is imported with one version only
2026-10-02T08:29:14.9571016Z ok 12 - every versioned script is imported with one version only
2026-10-02T08:29:14.9571643Z   ---
2026-10-02T08:29:14.9572008Z   duration_ms: 1.341133
2026-10-02T08:29:14.9572438Z   type: 'test'
2026-10-02T08:29:14.9572817Z   ...
2026-10-02T08:29:14.9573492Z # Subtest: window.__gameVer matches the game.js version it imports
2026-10-02T08:29:14.9574456Z ok 13 - window.__gameVer matches the game.js version it imports
2026-10-02T08:29:14.9575102Z   ---
2026-10-02T08:29:14.9575481Z   duration_ms: 0.308463
2026-10-02T08:29:14.9575908Z   type: 'test'
2026-10-02T08:29:14.9576564Z   ...
2026-10-02T08:29:14.9577278Z # Subtest: the offline shell caches the same versions the page imports
2026-10-02T08:29:14.9578278Z ok 14 - the offline shell caches the same versions the page imports
2026-10-02T08:29:14.9579064Z   ---
2026-10-02T08:29:14.9579463Z   duration_ms: 0.427745
2026-10-02T08:29:14.9579882Z   type: 'test'
2026-10-02T08:29:14.9580251Z   ...
2026-10-02T08:29:14.9580991Z # Subtest: the cache name is versioned and namespaced away from the 2D game
2026-10-02T08:29:14.9582051Z ok 15 - the cache name is versioned and namespaced away from the 2D game
2026-10-02T08:29:14.9582760Z   ---
2026-10-02T08:29:14.9583135Z   duration_ms: 0.304947
2026-10-02T08:29:14.9583536Z   type: 'test'
2026-10-02T08:29:14.9583855Z   ...
2026-10-02T08:29:14.9584146Z 1..15
2026-10-02T08:29:14.9584444Z # tests 15
2026-10-02T08:29:14.9584745Z # suites 0
2026-10-02T08:29:14.9585132Z # pass 15
2026-10-02T08:29:14.9585470Z # fail 0
2026-10-02T08:29:14.9585779Z # cancelled 0
2026-10-02T08:29:14.9586139Z # skipped 0
2026-10-02T08:29:14.9586764Z # todo 0
2026-10-02T08:29:14.9587153Z # duration_ms 254.599626
2026-10-02T08:29:15.2903889Z PASS All game modules and inline scripts parse 
2026-10-02T08:29:15.2922051Z PASS PR #24 paintAlong guards Null entry and mid-loop cancellation during planting and harvesting
2026-10-02T08:29:15.2942708Z (node:3186) ExperimentalWarning: VM Modules is an experimental feature and might change at any time
2026-10-02T08:29:15.2944007Z (Use `node --trace-warnings ...` to show where the warning was created)
2026-10-02T08:29:35.1214575Z PASS 1280x720 testfarm boot 
2026-10-02T08:29:48.7737249Z PASS KeyW movement 
2026-10-02T08:29:50.2107083Z PASS KeyS movement 
2026-10-02T08:29:51.4134089Z PASS KeyA movement 
2026-10-02T08:29:52.6216829Z PASS KeyD movement 
2026-10-02T08:29:53.8085020Z PASS KeyQ rotation 
2026-10-02T08:29:55.0147460Z PASS ArrowLeft rotation 
2026-10-02T08:29:56.1850482Z PASS ArrowRight rotation 
2026-10-02T08:30:01.0232153Z PASS KeyE interacts without rotation 
2026-10-02T08:30:03.1877871Z PASS Enter interacts without rotation 
2026-10-02T08:30:13.9507364Z PASS 1280x720 planting through seed tray 
2026-10-02T08:30:13.9834493Z PASS 1280x720 pointer harvest adds crops and XP 
2026-10-02T08:30:32.2648290Z PASS 1280x720 cancelled seed drag Second-pointer cancellation followed by continued original pointer movement; ghost/tray cleanup
2026-10-02T08:30:35.4845773Z PASS 1280x720 order delivery pays once and consumes inventory 
2026-10-02T08:30:37.1127783Z PASS 1280x720 insufficient order inventory disables delivery 
2026-10-02T08:31:11.9516878Z PASS 1280x720 orders/barn/shop/settings panels fit and close 
2026-10-02T08:31:11.9707534Z PASS 1280x720 sandbox never writes a farm save 
2026-10-02T08:31:11.9767136Z PASS 1280x720 no page/console/resource errors 
2026-10-02T08:31:36.6449305Z PASS 1280x720 normal fresh guest boot Firebase SDK isolated to exercise offline guest fallback
2026-10-02T08:31:56.9027587Z PASS 1280x720 local v1 save/reload retains crop, coins and guest 
2026-10-02T08:32:16.6370562Z PASS Existing normal farm save survives sandbox play 
2026-10-02T08:32:16.6371379Z PASS 1280x720 normal/reload no page/console/resource errors 
2026-10-02T08:32:41.2998640Z PASS 740x360 testfarm boot 
2026-10-02T08:32:56.0594801Z PASS 740x360 mobile joystick movement 
2026-10-02T08:33:01.6060503Z PASS 740x360 mobile walk action button harvests ripe crop 
2026-10-02T08:33:09.0539130Z PASS 740x360 planting through seed tray 
2026-10-02T08:33:09.0878172Z PASS 740x360 pointer harvest adds crops and XP 
2026-10-02T08:33:11.4569053Z PASS 740x360 order delivery pays once and consumes inventory 
2026-10-02T08:33:12.3221036Z PASS 740x360 insufficient order inventory disables delivery 
2026-10-02T08:33:18.4697628Z PASS 740x360 orders/barn/shop/settings panels fit and close 
2026-10-02T08:33:18.4828385Z PASS 740x360 sandbox never writes a farm save 
2026-10-02T08:33:18.4847487Z PASS 740x360 no page/console/resource errors 
2026-10-02T08:33:37.5896639Z PASS 740x360 normal fresh guest boot Firebase SDK isolated to exercise offline guest fallback
2026-10-02T08:33:52.8545027Z PASS 740x360 local v1 save/reload retains crop, coins and guest 
2026-10-02T08:33:52.8607534Z PASS 740x360 normal/reload no page/console/resource errors 
2026-10-02T08:34:15.8232389Z PASS 844x390 testfarm boot 
2026-10-02T08:34:31.0865241Z PASS 844x390 mobile joystick movement 
2026-10-02T08:34:38.6199795Z PASS 844x390 mobile walk action button harvests ripe crop 
2026-10-02T08:34:47.1231758Z PASS 844x390 planting through seed tray 
2026-10-02T08:34:47.1577786Z PASS 844x390 pointer harvest adds crops and XP 
2026-10-02T08:34:49.6382645Z PASS 844x390 order delivery pays once and consumes inventory 
2026-10-02T08:34:50.0680489Z PASS 844x390 insufficient order inventory disables delivery 
2026-10-02T08:34:56.0752714Z PASS 844x390 orders/barn/shop/settings panels fit and close 
2026-10-02T08:34:56.0862528Z PASS 844x390 sandbox never writes a farm save 
2026-10-02T08:34:56.0883856Z PASS 844x390 no page/console/resource errors 
2026-10-02T08:35:13.9118728Z PASS 844x390 normal fresh guest boot Firebase SDK isolated to exercise offline guest fallback
2026-10-02T08:35:28.8187216Z PASS 844x390 local v1 save/reload retains crop, coins and guest 
2026-10-02T08:35:28.8202269Z PASS 844x390 normal/reload no page/console/resource errors 
2026-10-02T08:36:04.0666963Z PASS one-tap shed switch 740x360 {"a":{"bid":"feedmill","x":393.78700636702825,"y":159.60181650449113},"b":{"bid":"loom","x":694.4020422153583,"y":171.43886100633824},"cam":{"targetX":5,"targetZ":14,"yaw":-0.5,"dist":18}}
2026-10-02T08:36:29.6397812Z PASS one-tap shed switch 844x390 {"a":{"bid":"feedmill","x":447.76925689761396,"y":172.9019678798654},"b":{"bid":"loom","x":773.4355457333048,"y":185.7254327568664},"cam":{"targetX":5,"targetZ":14,"yaw":-0.5,"dist":18}}
2026-10-02T08:36:57.8458691Z PASS one-tap shed switch 1280x720 {"a":{"bid":"feedmill","x":714.2357582545444,"y":324.9486183643515},"b":{"bid":"bakery","x":1103.973489090902,"y":324.9486183643515},"cam":{"targetX":5,"targetZ":14,"yaw":0,"dist":12}}
2026-10-02T08:37:17.5837558Z PASS 3D cow farm travel, blocking, picking and sandbox save 740
2026-10-02T08:37:57.6528348Z PASS 3D preview controls, orbit, geometry and cost 740 [{"shadows":false,"baseline":{"calls":2,"triangles":4},"prototype":{"calls":1,"triangles":9920},"resources":{"geometries":4,"textures":5},"stable":true,"updateMs":0.007699999999953434},{"shadows":true,"baseline":{"calls":3,"triangles":6},"prototype":{"calls":2,"triangles":19840},"resources":{"geometries":4,"textures":7},"stable":true,"updateMs":0.005699999999953434}]
2026-10-02T08:38:15.0239859Z PASS 3D cow farm travel, blocking, picking and sandbox save 844
2026-10-02T08:38:56.1672830Z PASS 3D preview controls, orbit, geometry and cost 844 [{"shadows":false,"baseline":{"calls":2,"triangles":4},"prototype":{"calls":1,"triangles":9920},"resources":{"geometries":4,"textures":5},"stable":true,"updateMs":0.009699999999953433},{"shadows":true,"baseline":{"calls":3,"triangles":6},"prototype":{"calls":2,"triangles":19840},"resources":{"geometries":4,"textures":7},"stable":true,"updateMs":0.0055499999999883585}]
2026-10-02T08:39:12.7637616Z PASS 3D cow farm travel, blocking, picking and sandbox save 1280
2026-10-02T08:40:09.4880513Z PASS 3D preview controls, orbit, geometry and cost 1280 [{"shadows":false,"baseline":{"calls":2,"triangles":4},"prototype":{"calls":1,"triangles":9920},"resources":{"geometries":4,"textures":5},"stable":true,"updateMs":0.00675},{"shadows":true,"baseline":{"calls":3,"triangles":6},"prototype":{"calls":2,"triangles":19840},"resources":{"geometries":4,"textures":7},"stable":true,"updateMs":0.005650000000023283}]
2026-10-02T08:40:27.8677566Z PASS optional painted-cow comparison and sandbox save
2026-10-02T08:40:30.6001419Z ##[group]Run actions/upload-artifact@v5
2026-10-02T08:40:30.6001751Z with:
2026-10-02T08:40:30.6001965Z   name: farm3d-regression-1
2026-10-02T08:40:30.6002223Z   path: farm3d/tests/artifacts/
2026-10-02T08:40:30.6002482Z   if-no-files-found: ignore
2026-10-02T08:40:30.6002714Z   retention-days: 7
2026-10-02T08:40:30.6002932Z   compression-level: 6
2026-10-02T08:40:30.6003171Z   overwrite: false
2026-10-02T08:40:30.6003402Z   include-hidden-files: false
2026-10-02T08:40:30.6003658Z ##[endgroup]
2026-10-02T08:40:30.7788311Z (node:3971) [DEP0040] DeprecationWarning: The `punycode` module is deprecated. Please use a userland alternative instead.
2026-10-02T08:40:30.7789842Z (Use `node --trace-deprecation ...` to show where the warning was created)
2026-10-02T08:40:30.7907337Z With the provided path, there will be 28 files uploaded
2026-10-02T08:40:30.7908463Z Artifact name is valid!
2026-10-02T08:40:30.7909479Z Root directory input is valid!
2026-10-02T08:40:31.1711580Z Beginning upload of artifact content to blob storage
2026-10-02T08:40:31.3316558Z (node:3971) [DEP0169] DeprecationWarning: `url.parse()` behavior is not standardized and prone to errors that have security implications. Use the WHATWG URL API instead. CVEs are not issued for `url.parse()` vulnerabilities.
2026-10-02T08:40:32.1173913Z Uploaded bytes 3693725
2026-10-02T08:40:32.1890950Z Finished uploading artifact content to blob storage!
2026-10-02T08:40:32.1892353Z SHA256 digest of uploaded artifact zip is ce4e77fcfb06bb1f702962b8066336721cae8556bc247c3cb43e6ca4a730dade
2026-10-02T08:40:32.1893617Z Finalizing artifact upload
2026-10-02T08:40:32.4397588Z Artifact farm3d-regression-1.zip successfully finalized. Artifact ID 11217520611
2026-10-02T08:40:32.4399471Z Artifact farm3d-regression-1 has been successfully uploaded! Final size is 3693725 bytes. Artifact ID is 11217520611
2026-10-02T08:40:32.4405611Z Artifact download URL: https://github.com/pederaus9-ux/Bugsy/actions/runs/36984236000/artifacts/11217520611
2026-10-02T08:40:32.4591020Z Post job cleanup.
2026-10-02T08:40:32.5891165Z Cache hit occurred on the primary key node-cache-Linux-x64-npm-8d1cc99b42d2ddab7088f209979aad3b24f7036b7c6e9ba990041b1ac212e783, not saving cache.
2026-10-02T08:40:32.6030388Z Post job cleanup.
2026-10-02T08:40:32.6985130Z [command]/usr/bin/git version
2026-10-02T08:40:32.7031290Z git version 2.55.0
2026-10-02T08:40:32.7074110Z Temporarily overriding HOME='/home/runner/work/_temp/1df3ae0c-7f4c-4256-9238-f59687558673' before making global git config changes
2026-10-02T08:40:32.7075709Z Adding repository directory to the temporary git global config as a safe directory
2026-10-02T08:40:32.7091698Z [command]/usr/bin/git config --global --add safe.directory /home/runner/work/Bugsy/Bugsy
2026-10-02T08:40:32.7127578Z Removing SSH command configuration
2026-10-02T08:40:32.7129988Z [command]/usr/bin/git config --local --name-only --get-regexp core\.sshCommand
2026-10-02T08:40:32.7176548Z [command]/usr/bin/git submodule foreach --recursive sh -c "git config --local --name-only --get-regexp 'core\.sshCommand' && git config --local --unset-all 'core.sshCommand' || :"
2026-10-02T08:40:32.7448783Z Removing HTTP extra header
2026-10-02T08:40:32.7457350Z [command]/usr/bin/git config --local --name-only --get-regexp http\.https\:\/\/github\.com\/\.extraheader
2026-10-02T08:40:32.7499841Z [command]/usr/bin/git submodule foreach --recursive sh -c "git config --local --name-only --get-regexp 'http\.https\:\/\/github\.com\/\.extraheader' && git config --local --unset-all 'http.https://github.com/.extraheader' || :"
2026-10-02T08:40:32.7888951Z Removing includeIf entries pointing to credentials config files
2026-10-02T08:40:32.7890489Z [command]/usr/bin/git config --local --name-only --get-regexp ^includeIf\.gitdir:
2026-10-02T08:40:32.7914040Z [command]/usr/bin/git submodule foreach --recursive git config --local --show-origin --name-only --get-regexp remote.origin.url
2026-10-02T08:40:32.8404713Z Cleaning up orphan processes
2026-10-02T08:40:32.8731397Z ##[warning]Node.js 20 is deprecated. The following actions target Node.js 20 but are being forced to run on Node.js 24: actions/upload-artifact@v5. For more information see: https://github.blog/changelog/2025-09-19-deprecation-of-node-20-on-github-actions-runners/
