(node:4846) [DEP0040] DeprecationWarning: The `punycode` module is deprecated. Please use a userland alternative instead.
(Use `node --trace-deprecation ...` to show where the warning was created)
i  emulators: Starting emulators: firestore
i  emulators: Detected demo project ID "demo-sunny-acres", emulated services will use a demo configuration and attempts to access non-emulated services for this project will fail.
⚠  hub: Error when trying to check port 4400 on ::1: Error: listen EAFNOSUPPORT: address family not supported ::1:4400
⚠  hub: Port 4400 is available on 127.0.0.1 but not ::1. This may cause issues with some clients.
⚠  hub: If you encounter connectivity issues, consider switching to a different port or explicitly specifying "host": "<ip address>" instead of hostname in firebase.json
⚠  logging: Error when trying to check port 4500 on ::1: Error: listen EAFNOSUPPORT: address family not supported ::1:4500
⚠  logging: Port 4500 is available on 127.0.0.1 but not ::1. This may cause issues with some clients.
⚠  logging: If you encounter connectivity issues, consider switching to a different port or explicitly specifying "host": "<ip address>" instead of hostname in firebase.json
i  firestore: Firestore Emulator logging to firestore-debug.log
✔  firestore: Firestore Emulator UI websocket is running on 9150.
i  Running script: node --test tests/rules.test.mjs
TAP version 13
# Subtest: farms: owner saves, reads and updates with the revision transaction
ok 1 - farms: owner saves, reads and updates with the revision transaction
  ---
  duration_ms: 1984.922521
  type: 'test'
  ...
# Subtest: farms: a save from before revisions (no rev field) can still be updated
ok 2 - farms: a save from before revisions (no rev field) can still be updated
  ---
  duration_ms: 152.373304
  type: 'test'
  ...
# Subtest: farms: nobody else, and nobody signed out, can read or write
ok 3 - farms: nobody else, and nobody signed out, can read or write
  ---
  duration_ms: 330.263773
  type: 'test'
  ...
# Subtest: farms: rev must move forward by exactly one; shape and size are checked
ok 4 - farms: rev must move forward by exactly one; shape and size are checked
  ---
  duration_ms: 212.969356
  type: 'test'
  ...
# Subtest: farms: nobody can list or count farms, not even the owner (a count needs list, and list returns every save)
ok 5 - farms: nobody can list or count farms, not even the owner (a count needs list, and list returns every save)
  ---
  duration_ms: 224.487215
  type: 'test'
  ...
# Subtest: authorization matrix: get, list and count for every collection and role
ok 6 - authorization matrix: get, list and count for every collection and role
  ---
  duration_ms: 1077.81257
  type: 'test'
  ...
# Subtest: owner check: documents that an unverified owner-email token is accepted (residual risk, see README)
ok 7 - owner check: documents that an unverified owner-email token is accepted (residual risk, see README)
  ---
  duration_ms: 155.691642
  type: 'test'
  ...
# Subtest: presence: heartbeat by its own player; only the owner reads it
ok 8 - presence: heartbeat by its own player; only the owner reads it
  ---
  duration_ms: 276.288006
  type: 'test'
  ...
# Subtest: usernames: claim, re-save, and rename all work through the game's transaction
ok 9 - usernames: claim, re-save, and rename all work through the game's transaction
  ---
  duration_ms: 170.314364
  type: 'test'
  ...
# [2026-10-02T07:26:01.304Z]  @firebase/firestore: Firestore (11.10.0): GrpcConnection RPC 'Write' stream 0x1b3eb8b2 error. Code: 5 Message: 5 NOT_FOUND: no entity to update: app: "dev~demo-sunny-acres"
# path <
#   Element {
#     type: "usernames"
#     name: "sunnygrandma"
#   }
# >
# MUTATION-SURVIVOR not-found     at process.processTicksAndRejections (node:internal/process/task_queues:103:5)
# Subtest: usernames: a name somebody else has can't be taken or deleted
ok 10 - usernames: a name somebody else has can't be taken or deleted
  ---
  duration_ms: 138.899933
  type: 'test'
  ...
# Subtest: usernames + players: both halves must agree, with a valid name
ok 11 - usernames + players: both halves must agree, with a valid name
  ---
  duration_ms: 93.399014
  type: 'test'
  ...
# [2026-10-02T07:26:01.664Z]  @firebase/firestore: Firestore (11.10.0): GrpcConnection RPC 'Write' stream 0x1b3eb8c1 error. Code: 5 Message: 5 NOT_FOUND: no entity to update: app: "dev~demo-sunny-acres"
# path <
#   Element {
#     type: "players"
#     name: "alice"
#   }
# >
# MUTATION-SURVIVOR not-found     at process.processTicksAndRejections (node:internal/process/task_queues:103:5)
# Subtest: players: profiles are readable and searchable by signed-in players only, writable by their owner only
ok 12 - players: profiles are readable and searchable by signed-in players only, writable by their owner only
  ---
  duration_ms: 212.583741
  type: 'test'
  ...
# Subtest: friends: your own list only
ok 13 - friends: your own list only
  ---
  duration_ms: 145.189203
  type: 'test'
  ...
# Subtest: showcase: publish your own, friends can visit, nobody can overwrite yours
ok 14 - showcase: publish your own, friends can visit, nobody can overwrite yours
  ---
  duration_ms: 436.01016
  type: 'test'
  ...
# [2026-10-02T07:26:02.461Z]  @firebase/firestore: Firestore (11.10.0): GrpcConnection RPC 'Write' stream 0x1b3eb8d8 error. Code: 5 Message: 5 NOT_FOUND: no entity to update: app: "dev~demo-sunny-acres"
# path <
#   Element {
#     type: "help"
#     name: "alice"
#   }
#   Element {
#     type: "items"
#     name: "bob-1790000000000-3"
#   }
# >
# MUTATION-SURVIVOR not-found     at process.processTicksAndRejections (node:internal/process/task_queues:103:5)
# Subtest: help: a friend waters your crops; only you read and clear the notes
ok 15 - help: a friend waters your crops; only you read and clear the notes
  ---
  duration_ms: 233.201351
  type: 'test'
  ...
# Subtest: help: no forged senders, self-help or oversized notes
ok 16 - help: no forged senders, self-help or oversized notes
  ---
  duration_ms: 80.01389
  type: 'test'
  ...
# Subtest: market: list, buy, collect: the whole trading-post flow from friends.js
ok 17 - market: list, buy, collect: the whole trading-post flow from friends.js
  ---
  duration_ms: 100.278333
  type: 'test'
  ...
# Subtest: market: the seller can take back an unsold listing; nobody else can delete one
ok 18 - market: the seller can take back an unsold listing; nobody else can delete one
  ---
  duration_ms: 119.609254
  type: 'test'
  ...
# Subtest: market: listings must be your own and well-formed
ok 19 - market: listings must be your own and well-formed
  ---
  duration_ms: 108.875161
  type: 'test'
  ...
# Subtest: market: buyers can only mark an unsold listing as theirs, and change nothing else
ok 20 - market: buyers can only mark an unsold listing as theirs, and change nothing else
  ---
  duration_ms: 176.910207
  type: 'test'
  ...
# Subtest: market: two buyers at the same moment: exactly one gets it (game transaction, and blind writes stopped by the rules)
ok 21 - market: two buyers at the same moment: exactly one gets it (game transaction, and blind writes stopped by the rules)
  ---
  duration_ms: 1208.147828
  type: 'test'
  ...
# Subtest: events: guests and players can add a milestone; nothing else, and only the owner reads
ok 22 - events: guests and players can add a milestone; nothing else, and only the owner reads
  ---
  duration_ms: 315.522438
  type: 'test'
  ...
# RULES CHECKS: 75 allow + 185 deny = 260 | open rules let 182 of 185 deny cases through
# Subtest: unknown collections are closed
ok 23 - unknown collections are closed
  ---
  duration_ms: 100.311716
  type: 'test'
  ...
1..23
# tests 23
# suites 0
# pass 23
# fail 0
# cancelled 0
# skipped 0
# todo 0
# duration_ms 8448.843062
✔  Script exited successfully (code 0)
i  emulators: Shutting down emulators.
i  firestore: Stopping Firestore Emulator
i  hub: Stopping emulator hub
i  logging: Stopping Logging Emulator
