(node:1657) [DEP0040] DeprecationWarning: The `punycode` module is deprecated. Please use a userland alternative instead.
(Use `node --trace-deprecation ...` to show where the warning was created)
i  emulators: Starting emulators: auth, firestore
i  emulators: Detected demo project ID "demo-sunny-acres", emulated services will use a demo configuration and attempts to access non-emulated services for this project will fail.
⚠  hub: Error when trying to check port 4400 on ::1: Error: listen EAFNOSUPPORT: address family not supported ::1:4400
⚠  hub: Port 4400 is available on 127.0.0.1 but not ::1. This may cause issues with some clients.
⚠  hub: If you encounter connectivity issues, consider switching to a different port or explicitly specifying "host": "<ip address>" instead of hostname in firebase.json
⚠  logging: Error when trying to check port 4500 on ::1: Error: listen EAFNOSUPPORT: address family not supported ::1:4500
⚠  logging: Port 4500 is available on 127.0.0.1 but not ::1. This may cause issues with some clients.
⚠  logging: If you encounter connectivity issues, consider switching to a different port or explicitly specifying "host": "<ip address>" instead of hostname in firebase.json
i  firestore: Firestore Emulator logging to firestore-debug.log
✔  firestore: Firestore Emulator UI websocket is running on 9150.
i  Running script: node tests/recovery.browser.cjs
PASS 0 race (sign-in before the game reads the save): the cloud farm still comes back — restored true after 49s, page loads +2, recover null, cloud rev 1->1, bad samples 0, stand-in writes 0
RECOVERY ERROR ONLY=race: stopping after the race scenario
STATE {"sentinel":"race-3jcyqc3e","level":1,"coins":160,"recover":null,"sync":"1","kept":"{\"race cut","raw":"{\"v\":1,\"coins\":160,\"gems\":5,\"xp\":1,\"level\":1,\"barn\":{\"wheat\":3,\"corn\":2},\"barnCap\":50,\"barnUps\":0,\"plots\":[{\"crop\":null,\"end\":0,\"water\":0,\"fert\":0,\"soil\":100,\"soilAt\":0,\"last\":null},{\"crop\":null,\"end\":0,\"water\":0,\"fert\":0,\"soil\":100,\"soilAt\":0,\"last\":null},{\"crop\":null,\"end\":0,\"water\":0,\"fert\":0,\"soil\":100,\"soilAt\":0,\"last\":null},{\"crop\":null,\"end\":0,\"water\":0,\"fert\":0,\"soil\":100,\"soilAt\":0,\"last\":null},{\"crop\":null,\"end\":0,\"water\":0,\"fert\":0,\"soil\":100,\"soilAt\":0,\"last\":null},{\"crop\":null,\"end\":0,\"water\":0,\"fert\":0,\"soil\":100,\"soilAt\":0,\"last\":null}],\"stand\":{\"slots\":4,\"list\":[null,null,null,null]},\"decor\":{\"inv\":{},\"placed\":[]},\"event\":null,\"nextEventAt\":0,\"holidayDone\":{},\"lastCrop\":\"wheat\",\"pens\":{\"chicken\":{\"owned\":false,\"list\":[]},\"cow\":{\"owned\":false,\"list\":[]},\"sheep\":{\"owned\":false,\"list\":[]},\"horse\":{\"owned\":false,\"list\":[]}},\"pets\":[],\"buildings\":{\"feedmill\":{\"owned\":true,\"jobs\":[]},\"bakery\":{\"owned\":false,\"jobs\":[]},\"sugarmill\":{\"owned\":false,\"jobs\":[]},\"dairy\":{\"owned\":false,\"jobs\":[]},\"kitchen\":{\"owned\":false,\"jobs\":[]},\"loom\":{\"owned\":false,\"jobs\":[]}},\"orders\":[{\"items\":{\"chicken_feed\":1},\"coins\":8,\"xp\":2,\"gem\":0,\"wait\":0},{\"items\":{\"wheat\":4,\"chicken_feed\":2},\"coins\":23,\"xp\":4,\"gem\":0,\"wait\":0},{\"items\":{\"chicken_feed\":2},\"coins\":12,\"xp\":2,\"gem\":0,\"wait\":0},{\"items\":{\"corn\":3},\"coins\":20,\"xp\":3,\"gem\":0,\"wait\":0}],\"lastDaily\":\"\",\"stats\":{\"orders\":0,\"harvests\":0,\"made\":0,\"earned\":0,\"gold\":0,\"water\":0,\"visitors\":0,\"rush\":0,\"bestCombo\":0,\"helped\":0},\"style\":{},\"tut\":0,\"gold\":{},\"sprinklers\":0,\"land\":0,\"perks\":{\"grow\":0,\"sell\":0,\"owed\":0},\"quests\":{\"day\":\"2026-10-02\",\"list\":[{\"m\":\"orders\",\"n\":2,\"prog\":0,\"got\":0},{\"m\":\"market\",\"n\":40,\"prog\":0,\"got\":0},{\"m\":\"harvest\",\"n\":12,\"prog\":0,\"got\":0}],\"bonus\":0},\"ach\":{},\"museum\":{},\"rush\":null,\"nextRushAt\":0,\"visitor\":null,\"nextVisitorAt\":0,\"villagers\":{},\"lastSeen\":1790922007369,\"streak\":{\"n\":0,\"last\":\"\"},\"seasonTrack\":null,\"look\":null,\"unlocks\":{},\"layout\":{\"b\":{},\"t\":{}},\"__sentinel\":\"race-3jcyqc3e\"}","user":"grandma@example.com"}

RECOVERY: 1/1 passed (console logs: artifacts/console-*.log)
⚠  Script exited unsuccessfully (code 1)
i  emulators: Shutting down emulators.
i  firestore: Stopping Firestore Emulator
i  auth: Stopping Authentication Emulator
i  hub: Stopping emulator hub
i  logging: Stopping Logging Emulator

Error: Script "node tests/recovery.browser.cjs" exited with code 1
