(node:2756) [DEP0040] DeprecationWarning: The `punycode` module is deprecated. Please use a userland alternative instead.
(Use `node --trace-deprecation ...` to show where the warning was created)
i  emulators: Starting emulators: auth, firestore
i  emulators: Detected demo project ID "demo-sunny-acres", emulated services will use a demo configuration and attempts to access non-emulated services for this project will fail.
⚠  hub: Error when trying to check port 4400 on ::1: Error: listen EAFNOSUPPORT: address family not supported ::1:4400
⚠  hub: Port 4400 is available on 127.0.0.1 but not ::1. This may cause issues with some clients.
⚠  hub: If you encounter connectivity issues, consider switching to a different port or explicitly specifying "host": "<ip address>" instead of hostname in firebase.json
⚠  logging: Error when trying to check port 4500 on ::1: Error: listen EAFNOSUPPORT: address family not supported ::1:4500
⚠  logging: Port 4500 is available on 127.0.0.1 but not ::1. This may cause issues with some clients.
⚠  logging: If you encounter connectivity issues, consider switching to a different port or explicitly specifying "host": "<ip address>" instead of hostname in firebase.json
i  firestore: Firestore Emulator logging to firestore-debug.log
✔  firestore: Firestore Emulator UI websocket is running on 9150.
i  Running script: node tests/recovery.browser.cjs
PASS 0 race (sign-in before the game reads the save): the cloud farm still comes back — restored true after 50s, page loads +2, recover null, cloud rev 1->1, bad samples 0, stand-in writes 0
PASS 1.1 corrupt local + good cloud: the cloud farm is restored (same progress + sentinel), exactly one recovery reload — restored true in 45.0s, same progress true, page loads +2, recover null
PASS 1.1 cloud untouched until recovery, and never without the sentinel for 40 s (> 15 s upload delay) — rev 2->2, bad samples 0, stand-in writes sent 0
PASS 1.1 a normal save after recovery uploads the restored farm — rev 2->3
PASS 1.2 corrupt local + good cloud: the cloud farm is restored (same progress + sentinel), exactly one recovery reload — restored true in 44.0s, same progress true, page loads +2, recover null
PASS 1.2 cloud untouched until recovery, and never without the sentinel for 40 s (> 15 s upload delay) — rev 4->4, bad samples 0, stand-in writes sent 0
PASS 1.2 a normal save after recovery uploads the restored farm — rev 4->5
PASS 2 good local + corrupt cloud: phone farm kept, one page load, cloud repaired with it — page loads +1, cloud rev 8 (corrupt was 7), cloud has sentinel true
PASS 3 corrupt local + missing cloud: no recovery reload, copy kept, the farm starts a new cloud save — page loads +1, recover null, sync-rev 0, kept first copy true, new cloud rev 1
PASS 11 cloud unreachable at start (no recovery): the same visit syncs when it comes back, no reload — recover null, cloud rev 2->3, page loads +1
PASS 4/9/10/8 reload during recovery: still pending after a reload, same coins/different state, nothing uploaded through 25 s online (> 15 s delay) — pending 1/1/1, stand-in coins 66 = good 66, farm reads refused 1, bad samples 0, stand-in writes 0
PASS 6 sign-out during recovery: nothing uploaded, recovery still pending — pending 1, bad samples 0, stand-in writes 0
PASS 5 sign-in during recovery: cloud farm restored, cloud copy byte-identical — restored true, page loads +1, cloud rev 4

RECOVERY: 13/13 passed (console logs: artifacts/console-*.log)
✔  Script exited successfully (code 0)
i  emulators: Shutting down emulators.
i  firestore: Stopping Firestore Emulator
i  auth: Stopping Authentication Emulator
i  hub: Stopping emulator hub
i  logging: Stopping Logging Emulator
