2026-10-02T07:53:17.9539380Z Current runner version: '2.337.0'
2026-10-02T07:53:17.9555792Z ##[group]Runner Image Provisioner
2026-10-02T07:53:17.9556425Z Hosted Compute Agent
2026-10-02T07:53:17.9556874Z Version: 20260901.588
2026-10-02T07:53:17.9557311Z Commit: f88ec8081b781fac6c440065ac7ff9e710ce3d0b
2026-10-02T07:53:17.9557806Z Build Date: 2026-09-01T19:56:44Z
2026-10-02T07:53:17.9558278Z Worker ID: {0a476515-33bc-4f57-8555-f5a9c2511c46}
2026-10-02T07:53:17.9558768Z Azure Region: centralus
2026-10-02T07:53:17.9559166Z ##[endgroup]
2026-10-02T07:53:17.9560051Z ##[group]Operating System
2026-10-02T07:53:17.9560465Z Ubuntu
2026-10-02T07:53:17.9560823Z 24.04.5
2026-10-02T07:53:17.9561209Z LTS
2026-10-02T07:53:17.9561562Z ##[endgroup]
2026-10-02T07:53:17.9561959Z ##[group]Runner Image
2026-10-02T07:53:17.9562361Z Image: ubuntu-24.04
2026-10-02T07:53:17.9562744Z Version: 20260927.320.1
2026-10-02T07:53:17.9563620Z Included Software: https://github.com/actions/runner-images/blob/ubuntu24/20260927.320/images/ubuntu/Ubuntu2404-Readme.md
2026-10-02T07:53:17.9565033Z Image Release: https://github.com/actions/runner-images/releases/tag/ubuntu24%2F20260927.320
2026-10-02T07:53:17.9565770Z ##[endgroup]
2026-10-02T07:53:17.9566562Z ##[group]GITHUB_TOKEN Permissions
2026-10-02T07:53:17.9568138Z Contents: read
2026-10-02T07:53:17.9568530Z Metadata: read
2026-10-02T07:53:17.9568915Z ##[endgroup]
2026-10-02T07:53:17.9570315Z Secret source: Actions
2026-10-02T07:53:17.9570973Z Cache mode: write
2026-10-02T07:53:17.9571457Z Prepare workflow directory
2026-10-02T07:53:18.0128062Z Prepare all required actions
2026-10-02T07:53:18.0164737Z Getting action download info
2026-10-02T07:53:18.2663617Z Download action repository 'actions/checkout@v6' (SHA:d23441a48e516b6c34aea4fa41551a30e30af803)
2026-10-02T07:53:18.5831734Z Download action repository 'actions/setup-node@v6' (SHA:249970729cb0ef3589644e2896645e5dc5ba9c38)
2026-10-02T07:53:18.6915750Z Download action repository 'actions/upload-artifact@v5' (SHA:330a01c490aca151604b8cf639adc76d48f6c5d4)
2026-10-02T07:53:18.9755567Z Complete job name: Farm3D regression
2026-10-02T07:53:19.0285467Z ##[group]Run actions/checkout@v6
2026-10-02T07:53:19.0286174Z with:
2026-10-02T07:53:19.0286615Z   persist-credentials: false
2026-10-02T07:53:19.0287084Z   repository: pederaus9-ux/Bugsy
2026-10-02T07:53:19.0290013Z   token: ***
2026-10-02T07:53:19.0290470Z   ssh-strict: true
2026-10-02T07:53:19.0290882Z   ssh-user: git
2026-10-02T07:53:19.0291271Z   clean: true
2026-10-02T07:53:19.0291704Z   sparse-checkout-cone-mode: true
2026-10-02T07:53:19.0292169Z   fetch-depth: 1
2026-10-02T07:53:19.0292578Z   fetch-tags: false
2026-10-02T07:53:19.0292999Z   show-progress: true
2026-10-02T07:53:19.0293407Z   lfs: false
2026-10-02T07:53:19.0293774Z   submodules: false
2026-10-02T07:53:19.0294468Z   set-safe-directory: true
2026-10-02T07:53:19.0294970Z   allow-unsafe-pr-checkout: false
2026-10-02T07:53:19.0295578Z ##[endgroup]
2026-10-02T07:53:19.1041615Z Syncing repository: pederaus9-ux/Bugsy
2026-10-02T07:53:19.1043782Z ##[group]Getting Git version info
2026-10-02T07:53:19.1045119Z Working directory is '/home/runner/work/Bugsy/Bugsy'
2026-10-02T07:53:19.1046436Z [command]/usr/bin/git version
2026-10-02T07:53:19.1283022Z git version 2.55.0
2026-10-02T07:53:19.1297732Z ##[endgroup]
2026-10-02T07:53:19.1309460Z Temporarily overriding HOME='/home/runner/work/_temp/44c678d7-10a3-4504-b522-134ae13eaed6' before making global git config changes
2026-10-02T07:53:19.1311012Z Adding repository directory to the temporary git global config as a safe directory
2026-10-02T07:53:19.1313942Z [command]/usr/bin/git config --global --add safe.directory /home/runner/work/Bugsy/Bugsy
2026-10-02T07:53:19.1349644Z Deleting the contents of '/home/runner/work/Bugsy/Bugsy'
2026-10-02T07:53:19.1352491Z ##[group]Determining repository object format
2026-10-02T07:53:19.1355115Z ##[endgroup]
2026-10-02T07:53:19.1356540Z ##[group]Initializing the repository
2026-10-02T07:53:19.1366964Z [command]/usr/bin/git init /home/runner/work/Bugsy/Bugsy
2026-10-02T07:53:19.1475363Z hint: Using 'master' as the name for the initial branch. This default branch name
2026-10-02T07:53:19.1478134Z hint: will change to "main" in Git 3.0. To configure the initial branch name
2026-10-02T07:53:19.1478982Z hint: to use in all of your new repositories, which will suppress this warning,
2026-10-02T07:53:19.1479620Z hint: call:
2026-10-02T07:53:19.1480019Z hint:
2026-10-02T07:53:19.1480633Z hint: 	git config --global init.defaultBranch <name>
2026-10-02T07:53:19.1481382Z hint:
2026-10-02T07:53:19.1481911Z hint: Names commonly chosen instead of 'master' are 'main', 'trunk' and
2026-10-02T07:53:19.1482702Z hint: 'development'. The just-created branch can be renamed via this command:
2026-10-02T07:53:19.1483352Z hint:
2026-10-02T07:53:19.1483794Z hint: 	git branch -m <name>
2026-10-02T07:53:19.1484525Z hint:
2026-10-02T07:53:19.1485282Z hint: Disable this message with "git config set advice.defaultBranchName false"
2026-10-02T07:53:19.1486208Z Initialized empty Git repository in /home/runner/work/Bugsy/Bugsy/.git/
2026-10-02T07:53:19.1489752Z [command]/usr/bin/git remote add origin https://github.com/pederaus9-ux/Bugsy
2026-10-02T07:53:19.1544902Z ##[endgroup]
2026-10-02T07:53:19.1545907Z ##[group]Disabling automatic garbage collection
2026-10-02T07:53:19.1546734Z [command]/usr/bin/git config --local gc.auto 0
2026-10-02T07:53:19.1566792Z ##[endgroup]
2026-10-02T07:53:19.1567802Z ##[group]Setting up auth
2026-10-02T07:53:19.1568523Z Removing SSH command configuration
2026-10-02T07:53:19.1583229Z [command]/usr/bin/git config --local --name-only --get-regexp core\.sshCommand
2026-10-02T07:53:19.1602304Z [command]/usr/bin/git submodule foreach --recursive sh -c "git config --local --name-only --get-regexp 'core\.sshCommand' && git config --local --unset-all 'core.sshCommand' || :"
2026-10-02T07:53:19.1855360Z Removing HTTP extra header
2026-10-02T07:53:19.1859772Z [command]/usr/bin/git config --local --name-only --get-regexp http\.https\:\/\/github\.com\/\.extraheader
2026-10-02T07:53:19.1880899Z [command]/usr/bin/git submodule foreach --recursive sh -c "git config --local --name-only --get-regexp 'http\.https\:\/\/github\.com\/\.extraheader' && git config --local --unset-all 'http.https://github.com/.extraheader' || :"
2026-10-02T07:53:19.2011866Z Removing includeIf entries pointing to credentials config files
2026-10-02T07:53:19.2016101Z [command]/usr/bin/git config --local --name-only --get-regexp ^includeIf\.gitdir:
2026-10-02T07:53:19.2040465Z [command]/usr/bin/git submodule foreach --recursive git config --local --show-origin --name-only --get-regexp remote.origin.url
2026-10-02T07:53:19.2179875Z [command]/usr/bin/git config --file /home/runner/work/_temp/git-credentials-a7342c78-473e-486b-9893-5049e23c79c4.config http.https://github.com/.extraheader AUTHORIZATION: basic ***
2026-10-02T07:53:19.2204788Z [command]/usr/bin/git config --local includeIf.gitdir:/home/runner/work/Bugsy/Bugsy/.git.path /home/runner/work/_temp/git-credentials-a7342c78-473e-486b-9893-5049e23c79c4.config
2026-10-02T07:53:19.2228312Z [command]/usr/bin/git config --local includeIf.gitdir:/home/runner/work/Bugsy/Bugsy/.git/worktrees/*.path /home/runner/work/_temp/git-credentials-a7342c78-473e-486b-9893-5049e23c79c4.config
2026-10-02T07:53:19.3543467Z [command]/usr/bin/git config --local includeIf.gitdir:/github/workspace/.git.path /github/runner_temp/git-credentials-a7342c78-473e-486b-9893-5049e23c79c4.config
2026-10-02T07:53:19.3567354Z [command]/usr/bin/git config --local includeIf.gitdir:/github/workspace/.git/worktrees/*.path /github/runner_temp/git-credentials-a7342c78-473e-486b-9893-5049e23c79c4.config
2026-10-02T07:53:19.3590538Z ##[endgroup]
2026-10-02T07:53:19.3591435Z ##[group]Fetching the repository
2026-10-02T07:53:19.3596725Z [command]/usr/bin/git -c protocol.version=2 fetch --no-tags --prune --no-recurse-submodules --depth=1 origin +3bc00fb3c7f160a3dd1ec0717204fb7e450c01f5:refs/remotes/pull/38/merge
2026-10-02T07:53:20.3300559Z From https://github.com/pederaus9-ux/Bugsy
2026-10-02T07:53:20.3301375Z  * [new ref]         3bc00fb3c7f160a3dd1ec0717204fb7e450c01f5 -> pull/38/merge
2026-10-02T07:53:20.3306000Z ##[endgroup]
2026-10-02T07:53:20.3306998Z ##[group]Determining the checkout info
2026-10-02T07:53:20.3307886Z ##[endgroup]
2026-10-02T07:53:20.3311771Z [command]/usr/bin/git sparse-checkout disable
2026-10-02T07:53:20.3357361Z [command]/usr/bin/git config --local --unset-all extensions.worktreeConfig
2026-10-02T07:53:20.3381757Z ##[group]Checking out the ref
2026-10-02T07:53:20.3383927Z [command]/usr/bin/git checkout --progress --force refs/remotes/pull/38/merge
2026-10-02T07:53:20.3662872Z Note: switching to 'refs/remotes/pull/38/merge'.
2026-10-02T07:53:20.3663650Z 
2026-10-02T07:53:20.3664179Z You are in 'detached HEAD' state. You can look around, make experimental
2026-10-02T07:53:20.3665341Z changes and commit them, and you can discard any commits you make in this
2026-10-02T07:53:20.3666346Z state without impacting any branches by switching back to a branch.
2026-10-02T07:53:20.3667070Z 
2026-10-02T07:53:20.3667746Z If you want to create a new branch to retain commits you create, you may
2026-10-02T07:53:20.3669009Z do so (now or later) by using -c with the switch command. Example:
2026-10-02T07:53:20.3669693Z 
2026-10-02T07:53:20.3670212Z   git switch -c <new-branch-name>
2026-10-02T07:53:20.3670855Z 
2026-10-02T07:53:20.3671379Z Or undo this operation with:
2026-10-02T07:53:20.3671951Z 
2026-10-02T07:53:20.3672450Z   git switch -
2026-10-02T07:53:20.3673025Z 
2026-10-02T07:53:20.3673722Z Turn off this advice by setting config variable advice.detachedHead to false
2026-10-02T07:53:20.3674664Z 
2026-10-02T07:53:20.3675468Z HEAD is now at 3bc00fb Merge 11cab6d55ee163888bc94eb1afa4f1f5c90735ff into 036bfb4f027cf223d6e2a208e146523c63bbfa68
2026-10-02T07:53:20.3679061Z ##[endgroup]
2026-10-02T07:53:20.3699942Z [command]/usr/bin/git log -1 --format=%H
2026-10-02T07:53:20.3716496Z 3bc00fb3c7f160a3dd1ec0717204fb7e450c01f5
2026-10-02T07:53:20.3723793Z ##[group]Removing auth
2026-10-02T07:53:20.3725251Z Removing SSH command configuration
2026-10-02T07:53:20.3726979Z [command]/usr/bin/git config --local --name-only --get-regexp core\.sshCommand
2026-10-02T07:53:20.3748716Z [command]/usr/bin/git submodule foreach --recursive sh -c "git config --local --name-only --get-regexp 'core\.sshCommand' && git config --local --unset-all 'core.sshCommand' || :"
2026-10-02T07:53:20.3890946Z Removing HTTP extra header
2026-10-02T07:53:20.3893717Z [command]/usr/bin/git config --local --name-only --get-regexp http\.https\:\/\/github\.com\/\.extraheader
2026-10-02T07:53:20.3918904Z [command]/usr/bin/git submodule foreach --recursive sh -c "git config --local --name-only --get-regexp 'http\.https\:\/\/github\.com\/\.extraheader' && git config --local --unset-all 'http.https://github.com/.extraheader' || :"
2026-10-02T07:53:20.4060970Z Removing includeIf entries pointing to credentials config files
2026-10-02T07:53:20.4062203Z [command]/usr/bin/git config --local --name-only --get-regexp ^includeIf\.gitdir:
2026-10-02T07:53:20.5640797Z includeif.gitdir:/home/runner/work/Bugsy/Bugsy/.git.path
2026-10-02T07:53:20.5642434Z includeif.gitdir:/home/runner/work/Bugsy/Bugsy/.git/worktrees/*.path
2026-10-02T07:53:20.5643339Z includeif.gitdir:/github/workspace/.git.path
2026-10-02T07:53:20.5644412Z includeif.gitdir:/github/workspace/.git/worktrees/*.path
2026-10-02T07:53:20.5646794Z [command]/usr/bin/git config --local --get-all includeif.gitdir:/home/runner/work/Bugsy/Bugsy/.git.path
2026-10-02T07:53:20.5662280Z /home/runner/work/_temp/git-credentials-a7342c78-473e-486b-9893-5049e23c79c4.config
2026-10-02T07:53:20.5670134Z [command]/usr/bin/git config --local --unset includeif.gitdir:/home/runner/work/Bugsy/Bugsy/.git.path /home/runner/work/_temp/git-credentials-a7342c78-473e-486b-9893-5049e23c79c4.config
2026-10-02T07:53:20.5698299Z [command]/usr/bin/git config --local --get-all includeif.gitdir:/home/runner/work/Bugsy/Bugsy/.git/worktrees/*.path
2026-10-02T07:53:20.5714563Z /home/runner/work/_temp/git-credentials-a7342c78-473e-486b-9893-5049e23c79c4.config
2026-10-02T07:53:20.5721146Z [command]/usr/bin/git config --local --unset includeif.gitdir:/home/runner/work/Bugsy/Bugsy/.git/worktrees/*.path /home/runner/work/_temp/git-credentials-a7342c78-473e-486b-9893-5049e23c79c4.config
2026-10-02T07:53:20.5748100Z [command]/usr/bin/git config --local --get-all includeif.gitdir:/github/workspace/.git.path
2026-10-02T07:53:20.5762258Z /github/runner_temp/git-credentials-a7342c78-473e-486b-9893-5049e23c79c4.config
2026-10-02T07:53:20.5769298Z [command]/usr/bin/git config --local --unset includeif.gitdir:/github/workspace/.git.path /github/runner_temp/git-credentials-a7342c78-473e-486b-9893-5049e23c79c4.config
2026-10-02T07:53:20.5802477Z [command]/usr/bin/git config --local --get-all includeif.gitdir:/github/workspace/.git/worktrees/*.path
2026-10-02T07:53:20.5825576Z /github/runner_temp/git-credentials-a7342c78-473e-486b-9893-5049e23c79c4.config
2026-10-02T07:53:20.5828965Z [command]/usr/bin/git config --local --unset includeif.gitdir:/github/workspace/.git/worktrees/*.path /github/runner_temp/git-credentials-a7342c78-473e-486b-9893-5049e23c79c4.config
2026-10-02T07:53:20.5851458Z [command]/usr/bin/git submodule foreach --recursive git config --local --show-origin --name-only --get-regexp remote.origin.url
2026-10-02T07:53:20.5984449Z Removing credentials config '/home/runner/work/_temp/git-credentials-a7342c78-473e-486b-9893-5049e23c79c4.config'
2026-10-02T07:53:20.5994371Z ##[endgroup]
2026-10-02T07:53:20.6182492Z ##[group]Run actions/setup-node@v6
2026-10-02T07:53:20.6182858Z with:
2026-10-02T07:53:20.6183135Z   node-version: 22
2026-10-02T07:53:20.6183423Z   cache: npm
2026-10-02T07:53:20.6183723Z   cache-dependency-path: farm3d/tests/package-lock.json
2026-10-02T07:53:20.6184087Z   check-latest: false
2026-10-02T07:53:20.6186040Z   token: ***
2026-10-02T07:53:20.6186291Z   package-manager-cache: true
2026-10-02T07:53:20.6186611Z ##[endgroup]
2026-10-02T07:53:20.7720731Z Found in cache @ /opt/hostedtoolcache/node/22.23.3/x64
2026-10-02T07:53:20.7722975Z ##[group]Environment details
2026-10-02T07:53:21.3013431Z node: v22.23.3
2026-10-02T07:53:21.3013795Z npm: 10.9.9
2026-10-02T07:53:21.3014047Z yarn: 1.22.22
2026-10-02T07:53:21.3014871Z ##[endgroup]
2026-10-02T07:53:21.3030618Z [command]/opt/hostedtoolcache/node/22.23.3/x64/bin/npm config get cache
2026-10-02T07:53:21.4111537Z /home/runner/.npm
2026-10-02T07:53:21.5633485Z Cache hit for: node-cache-Linux-x64-npm-8d1cc99b42d2ddab7088f209979aad3b24f7036b7c6e9ba990041b1ac212e783
2026-10-02T07:53:22.2075593Z Received 3968776 of 3968776 (100.0%), 7.7 MBs/sec
2026-10-02T07:53:22.2078066Z Cache Size: ~4 MB (3968776 B)
2026-10-02T07:53:22.2097174Z [command]/usr/bin/tar -xf /home/runner/work/_temp/3e6b6da3-a1ec-4d9b-bdde-3ae14c5083ab/cache.tzst -P -C /home/runner/work/Bugsy/Bugsy --use-compress-program unzstd
2026-10-02T07:53:22.2190205Z Cache restored successfully
2026-10-02T07:53:22.2193933Z Cache restored from key: node-cache-Linux-x64-npm-8d1cc99b42d2ddab7088f209979aad3b24f7036b7c6e9ba990041b1ac212e783
2026-10-02T07:53:22.2291457Z ##[group]Run npm ci --ignore-scripts
2026-10-02T07:53:22.2291856Z [36;1mnpm ci --ignore-scripts[0m
2026-10-02T07:53:22.3999881Z shell: /usr/bin/bash -e {0}
2026-10-02T07:53:22.4000162Z ##[endgroup]
2026-10-02T07:53:23.6624682Z 
2026-10-02T07:53:23.6630226Z added 2 packages, and audited 3 packages in 1s
2026-10-02T07:53:23.6630613Z 
2026-10-02T07:53:23.6630913Z found 0 vulnerabilities
2026-10-02T07:53:23.6806783Z ##[group]Run npx playwright install --with-deps chromium
2026-10-02T07:53:23.6807151Z [36;1mnpx playwright install --with-deps chromium[0m
2026-10-02T07:53:23.6838800Z shell: /usr/bin/bash -e {0}
2026-10-02T07:53:23.6839065Z ##[endgroup]
2026-10-02T07:53:24.1673713Z Installing dependencies...
2026-10-02T07:53:24.2078805Z Switching to root user to install dependencies...
2026-10-02T07:53:24.2655689Z Get:1 file:/etc/apt/apt-mirrors.txt Mirrorlist [144 B]
2026-10-02T07:53:24.2957712Z Hit:2 http://azure.archive.ubuntu.com/ubuntu noble InRelease
2026-10-02T07:53:24.2966661Z Get:3 http://azure.archive.ubuntu.com/ubuntu noble-updates InRelease [126 kB]
2026-10-02T07:53:24.3030127Z Get:4 http://azure.archive.ubuntu.com/ubuntu noble-backports InRelease [126 kB]
2026-10-02T07:53:24.3041562Z Get:5 http://azure.archive.ubuntu.com/ubuntu noble-security InRelease [126 kB]
2026-10-02T07:53:24.3050163Z Get:6 https://packages.microsoft.com/ubuntu/24.04/prod noble InRelease [3600 B]
2026-10-02T07:53:24.3866737Z Get:7 http://azure.archive.ubuntu.com/ubuntu noble-updates/main amd64 Packages [1364 kB]
2026-10-02T07:53:24.3985725Z Get:8 http://azure.archive.ubuntu.com/ubuntu noble-updates/main Translation-en [304 kB]
2026-10-02T07:53:24.4001891Z Get:9 http://azure.archive.ubuntu.com/ubuntu noble-updates/main amd64 Components [181 kB]
2026-10-02T07:53:24.4015895Z Get:10 http://azure.archive.ubuntu.com/ubuntu noble-updates/universe amd64 Packages [1699 kB]
2026-10-02T07:53:24.4086181Z Get:11 http://azure.archive.ubuntu.com/ubuntu noble-updates/universe Translation-en [341 kB]
2026-10-02T07:53:24.4092427Z Get:12 http://azure.archive.ubuntu.com/ubuntu noble-updates/universe amd64 Components [388 kB]
2026-10-02T07:53:24.4111003Z Get:13 http://azure.archive.ubuntu.com/ubuntu noble-updates/restricted amd64 Packages [1720 kB]
2026-10-02T07:53:24.4172799Z Get:14 http://azure.archive.ubuntu.com/ubuntu noble-updates/restricted Translation-en [394 kB]
2026-10-02T07:53:24.4211268Z Get:15 http://azure.archive.ubuntu.com/ubuntu noble-updates/multiverse amd64 Components [940 B]
2026-10-02T07:53:24.4219565Z Get:16 http://azure.archive.ubuntu.com/ubuntu noble-backports/main amd64 Components [5760 B]
2026-10-02T07:53:24.4669918Z Get:17 http://azure.archive.ubuntu.com/ubuntu noble-backports/universe amd64 Components [12.6 kB]
2026-10-02T07:53:24.4681384Z Get:18 http://azure.archive.ubuntu.com/ubuntu noble-security/main amd64 Packages [1069 kB]
2026-10-02T07:53:24.4721585Z Get:19 http://azure.archive.ubuntu.com/ubuntu noble-security/main Translation-en [221 kB]
2026-10-02T07:53:24.4736427Z Get:20 http://azure.archive.ubuntu.com/ubuntu noble-security/main amd64 Components [46.4 kB]
2026-10-02T07:53:24.4746329Z Get:21 http://azure.archive.ubuntu.com/ubuntu noble-security/universe amd64 Packages [1216 kB]
2026-10-02T07:53:24.4793573Z Get:22 http://azure.archive.ubuntu.com/ubuntu noble-security/universe Translation-en [244 kB]
2026-10-02T07:53:24.4807223Z Get:23 http://azure.archive.ubuntu.com/ubuntu noble-security/universe amd64 Components [76.3 kB]
2026-10-02T07:53:24.4822427Z Get:24 http://azure.archive.ubuntu.com/ubuntu noble-security/restricted amd64 Packages [1566 kB]
2026-10-02T07:53:24.4841910Z Get:26 https://packages.microsoft.com/ubuntu/24.04/prod noble/main armhf Packages [12.6 kB]
2026-10-02T07:53:24.4870189Z Get:25 http://azure.archive.ubuntu.com/ubuntu noble-security/restricted Translation-en [361 kB]
2026-10-02T07:53:24.4887028Z Get:27 https://packages.microsoft.com/ubuntu/24.04/prod noble/main arm64 Packages [458 kB]
2026-10-02T07:53:24.4947853Z Get:28 https://packages.microsoft.com/ubuntu/24.04/prod noble/main amd64 Packages [510 kB]
2026-10-02T07:53:31.0605573Z Fetched 12.6 MB in 1s (12.0 MB/s)
2026-10-02T07:53:31.6558401Z Reading package lists...
2026-10-02T07:53:31.6754382Z Reading package lists...
2026-10-02T07:53:31.7882868Z Building dependency tree...
2026-10-02T07:53:31.7889345Z Reading state information...
2026-10-02T07:53:31.9169922Z libasound2t64 is already the newest version (1.2.11-1ubuntu0.3).
2026-10-02T07:53:31.9172209Z libasound2t64 set to manually installed.
2026-10-02T07:53:31.9173618Z libatk-bridge2.0-0t64 is already the newest version (2.52.0-1build1).
2026-10-02T07:53:31.9174709Z libatk-bridge2.0-0t64 set to manually installed.
2026-10-02T07:53:31.9175656Z libatk1.0-0t64 is already the newest version (2.52.0-1build1).
2026-10-02T07:53:31.9176637Z libatk1.0-0t64 set to manually installed.
2026-10-02T07:53:31.9177714Z libatspi2.0-0t64 is already the newest version (2.52.0-1build1).
2026-10-02T07:53:31.9178794Z libatspi2.0-0t64 set to manually installed.
2026-10-02T07:53:31.9179730Z libcairo2 is already the newest version (1.18.0-3build1).
2026-10-02T07:53:31.9180930Z libcairo2 set to manually installed.
2026-10-02T07:53:31.9181705Z libcups2t64 is already the newest version (2.4.7-1.2ubuntu7.14).
2026-10-02T07:53:31.9182325Z libcups2t64 set to manually installed.
2026-10-02T07:53:31.9183400Z libdbus-1-3 is already the newest version (1.14.10-4ubuntu4.1).
2026-10-02T07:53:31.9183836Z libdbus-1-3 set to manually installed.
2026-10-02T07:53:31.9184468Z libdrm2 is already the newest version (2.4.125-1ubuntu0.1~24.04.2).
2026-10-02T07:53:31.9184834Z libdrm2 set to manually installed.
2026-10-02T07:53:31.9185276Z libglib2.0-0t64 is already the newest version (2.80.0-6ubuntu3.9).
2026-10-02T07:53:31.9185635Z libglib2.0-0t64 set to manually installed.
2026-10-02T07:53:31.9185981Z libnspr4 is already the newest version (2:4.35-1.1build1).
2026-10-02T07:53:31.9186448Z libnspr4 set to manually installed.
2026-10-02T07:53:31.9186804Z libnss3 is already the newest version (2:3.98-1ubuntu0.2).
2026-10-02T07:53:31.9187136Z libnss3 set to manually installed.
2026-10-02T07:53:31.9187528Z libpango-1.0-0 is already the newest version (1.52.1+ds-1build1).
2026-10-02T07:53:31.9187880Z libpango-1.0-0 set to manually installed.
2026-10-02T07:53:31.9188304Z libx11-6 is already the newest version (2:1.8.7-1build1).
2026-10-02T07:53:31.9188664Z libx11-6 set to manually installed.
2026-10-02T07:53:31.9189023Z libxcb1 is already the newest version (1.15-1ubuntu2).
2026-10-02T07:53:31.9189340Z libxcb1 set to manually installed.
2026-10-02T07:53:31.9189730Z libxcomposite1 is already the newest version (1:0.4.5-1build3).
2026-10-02T07:53:31.9190092Z libxcomposite1 set to manually installed.
2026-10-02T07:53:31.9190432Z libxdamage1 is already the newest version (1:1.1.6-1build1).
2026-10-02T07:53:31.9190811Z libxdamage1 set to manually installed.
2026-10-02T07:53:31.9191149Z libxext6 is already the newest version (2:1.3.4-1build2).
2026-10-02T07:53:31.9191472Z libxext6 set to manually installed.
2026-10-02T07:53:31.9191849Z libxfixes3 is already the newest version (1:6.0.0-2build1).
2026-10-02T07:53:31.9192184Z libxfixes3 set to manually installed.
2026-10-02T07:53:31.9192540Z libxkbcommon0 is already the newest version (1.6.0-1build1).
2026-10-02T07:53:31.9192878Z libxkbcommon0 set to manually installed.
2026-10-02T07:53:31.9193674Z libxrandr2 is already the newest version (2:1.5.2-2build1).
2026-10-02T07:53:31.9194031Z libxrandr2 set to manually installed.
2026-10-02T07:53:31.9194515Z xvfb is already the newest version (2:21.1.12-1ubuntu1.8).
2026-10-02T07:53:31.9194954Z fonts-noto-color-emoji is already the newest version (2.047-0ubuntu0.24.04.1).
2026-10-02T07:53:31.9195382Z libfontconfig1 is already the newest version (2.15.0-1.1ubuntu2).
2026-10-02T07:53:31.9195802Z libfontconfig1 set to manually installed.
2026-10-02T07:53:31.9196172Z libfreetype6 is already the newest version (2.13.2+dfsg-1ubuntu0.1).
2026-10-02T07:53:31.9196572Z libfreetype6 set to manually installed.
2026-10-02T07:53:31.9196955Z fonts-liberation is already the newest version (1:2.1.5-3).
2026-10-02T07:53:31.9197310Z fonts-liberation set to manually installed.
2026-10-02T07:53:31.9197680Z The following additional packages will be installed:
2026-10-02T07:53:31.9198068Z   libgl1-mesa-dri libglx-mesa0 libwayland-server0 mesa-libgallium
2026-10-02T07:53:31.9198425Z   xfonts-encodings xfonts-utils
2026-10-02T07:53:31.9198688Z Recommended packages:
2026-10-02T07:53:31.9199222Z   fonts-ipafont-mincho fonts-tlwg-loma
2026-10-02T07:53:31.9393636Z The following NEW packages will be installed:
2026-10-02T07:53:31.9394112Z   fonts-freefont-ttf fonts-ipafont-gothic fonts-tlwg-loma-otf fonts-unifont
2026-10-02T07:53:31.9399640Z   fonts-wqy-zenhei libwayland-server0 xfonts-cyrillic xfonts-encodings
2026-10-02T07:53:31.9400015Z   xfonts-scalable xfonts-utils
2026-10-02T07:53:31.9404315Z The following packages will be upgraded:
2026-10-02T07:53:31.9409096Z   libgbm1 libgl1-mesa-dri libglx-mesa0 mesa-libgallium
2026-10-02T07:53:31.9533830Z 4 upgraded, 10 newly installed, 0 to remove and 21 not upgraded.
2026-10-02T07:53:31.9534507Z Need to get 32.1 MB of archives.
2026-10-02T07:53:31.9535099Z After this operation, 79.7 MB of additional disk space will be used.
2026-10-02T07:53:31.9535553Z Get:1 file:/etc/apt/apt-mirrors.txt Mirrorlist [144 B]
2026-10-02T07:53:32.0080341Z Get:2 http://azure.archive.ubuntu.com/ubuntu noble/universe amd64 fonts-ipafont-gothic all 00303-21ubuntu1 [3513 kB]
2026-10-02T07:53:32.0760943Z Get:3 http://azure.archive.ubuntu.com/ubuntu noble/main amd64 fonts-freefont-ttf all 20211204+svn4273-2 [5641 kB]
2026-10-02T07:53:32.1785319Z Get:4 http://azure.archive.ubuntu.com/ubuntu noble/universe amd64 fonts-tlwg-loma-otf all 1:0.7.3-1 [107 kB]
2026-10-02T07:53:32.2067318Z Get:5 http://azure.archive.ubuntu.com/ubuntu noble/universe amd64 fonts-unifont all 1:15.1.01-1build1 [2993 kB]
2026-10-02T07:53:32.2725145Z Get:6 http://azure.archive.ubuntu.com/ubuntu noble/universe amd64 fonts-wqy-zenhei all 0.9.45-8 [7472 kB]
2026-10-02T07:53:32.3823578Z Get:7 http://azure.archive.ubuntu.com/ubuntu noble-updates/main amd64 libgl1-mesa-dri amd64 25.2.8-0ubuntu0.24.04.3 [37.9 kB]
2026-10-02T07:53:32.4102568Z Get:8 http://azure.archive.ubuntu.com/ubuntu noble/main amd64 libwayland-server0 amd64 1.22.0-2.1build1 [33.9 kB]
2026-10-02T07:53:32.4383028Z Get:9 http://azure.archive.ubuntu.com/ubuntu noble-updates/main amd64 libglx-mesa0 amd64 25.2.8-0ubuntu0.24.04.3 [110 kB]
2026-10-02T07:53:32.4668007Z Get:10 http://azure.archive.ubuntu.com/ubuntu noble-updates/main amd64 libgbm1 amd64 25.2.8-0ubuntu0.24.04.3 [34.3 kB]
2026-10-02T07:53:32.4945934Z Get:11 http://azure.archive.ubuntu.com/ubuntu noble-updates/main amd64 mesa-libgallium amd64 25.2.8-0ubuntu0.24.04.3 [10.8 MB]
2026-10-02T07:53:32.6335172Z Get:12 http://azure.archive.ubuntu.com/ubuntu noble/main amd64 xfonts-encodings all 1:1.0.5-0ubuntu2 [578 kB]
2026-10-02T07:53:32.6663117Z Get:13 http://azure.archive.ubuntu.com/ubuntu noble/main amd64 xfonts-utils amd64 1:7.7+6build3 [94.4 kB]
2026-10-02T07:53:32.7060254Z Get:14 http://azure.archive.ubuntu.com/ubuntu noble/universe amd64 xfonts-cyrillic all 1:1.0.5+nmu1 [384 kB]
2026-10-02T07:53:32.7455067Z Get:15 http://azure.archive.ubuntu.com/ubuntu noble/main amd64 xfonts-scalable all 1:1.0.3-1.3 [304 kB]
2026-10-02T07:53:32.9836782Z Fetched 32.1 MB in 1s (40.0 MB/s)
2026-10-02T07:53:33.0841985Z Selecting previously unselected package fonts-ipafont-gothic.
2026-10-02T07:53:33.1012869Z (Reading database ... 
2026-10-02T07:53:33.1013297Z (Reading database ... 5%
2026-10-02T07:53:33.1013558Z (Reading database ... 10%
2026-10-02T07:53:33.1013822Z (Reading database ... 15%
2026-10-02T07:53:33.1014084Z (Reading database ... 20%
2026-10-02T07:53:33.1014526Z (Reading database ... 25%
2026-10-02T07:53:33.1014819Z (Reading database ... 30%
2026-10-02T07:53:33.1015052Z (Reading database ... 35%
2026-10-02T07:53:33.1015274Z (Reading database ... 40%
2026-10-02T07:53:33.1015635Z (Reading database ... 45%
2026-10-02T07:53:33.1016058Z (Reading database ... 50%
2026-10-02T07:53:33.1054293Z (Reading database ... 55%
2026-10-02T07:53:33.4892887Z (Reading database ... 60%
2026-10-02T07:53:33.6985611Z (Reading database ... 65%
2026-10-02T07:53:33.9548818Z (Reading database ... 70%
2026-10-02T07:53:34.2617477Z (Reading database ... 75%
2026-10-02T07:53:34.3935020Z (Reading database ... 80%
2026-10-02T07:53:34.6103742Z (Reading database ... 85%
2026-10-02T07:53:34.8056415Z (Reading database ... 90%
2026-10-02T07:53:34.9556892Z (Reading database ... 95%
2026-10-02T07:53:34.9557178Z (Reading database ... 100%
2026-10-02T07:53:34.9557668Z (Reading database ... 202296 files and directories currently installed.)
2026-10-02T07:53:34.9590555Z Preparing to unpack .../00-fonts-ipafont-gothic_00303-21ubuntu1_all.deb ...
2026-10-02T07:53:34.9687894Z Unpacking fonts-ipafont-gothic (00303-21ubuntu1) ...
2026-10-02T07:53:35.4472963Z Selecting previously unselected package fonts-freefont-ttf.
2026-10-02T07:53:35.4577022Z Preparing to unpack .../01-fonts-freefont-ttf_20211204+svn4273-2_all.deb ...
2026-10-02T07:53:35.5365974Z Unpacking fonts-freefont-ttf (20211204+svn4273-2) ...
2026-10-02T07:53:35.7326011Z Selecting previously unselected package fonts-tlwg-loma-otf.
2026-10-02T07:53:35.7409688Z Preparing to unpack .../02-fonts-tlwg-loma-otf_1%3a0.7.3-1_all.deb ...
2026-10-02T07:53:35.7419285Z Unpacking fonts-tlwg-loma-otf (1:0.7.3-1) ...
2026-10-02T07:53:35.7591104Z Selecting previously unselected package fonts-unifont.
2026-10-02T07:53:35.7668849Z Preparing to unpack .../03-fonts-unifont_1%3a15.1.01-1build1_all.deb ...
2026-10-02T07:53:35.7677968Z Unpacking fonts-unifont (1:15.1.01-1build1) ...
2026-10-02T07:53:35.9946052Z Selecting previously unselected package fonts-wqy-zenhei.
2026-10-02T07:53:36.0022672Z Preparing to unpack .../04-fonts-wqy-zenhei_0.9.45-8_all.deb ...
2026-10-02T07:53:36.0092056Z Unpacking fonts-wqy-zenhei (0.9.45-8) ...
2026-10-02T07:53:36.4879379Z Preparing to unpack .../05-libgl1-mesa-dri_25.2.8-0ubuntu0.24.04.3_amd64.deb ...
2026-10-02T07:53:36.4991333Z Unpacking libgl1-mesa-dri:amd64 (25.2.8-0ubuntu0.24.04.3) over (25.2.8-0ubuntu0.24.04.2) ...
2026-10-02T07:53:36.5427060Z Selecting previously unselected package libwayland-server0:amd64.
2026-10-02T07:53:36.5504619Z Preparing to unpack .../06-libwayland-server0_1.22.0-2.1build1_amd64.deb ...
2026-10-02T07:53:36.5849473Z Unpacking libwayland-server0:amd64 (1.22.0-2.1build1) ...
2026-10-02T07:53:36.6206767Z Preparing to unpack .../07-libglx-mesa0_25.2.8-0ubuntu0.24.04.3_amd64.deb ...
2026-10-02T07:53:36.6236730Z Unpacking libglx-mesa0:amd64 (25.2.8-0ubuntu0.24.04.3) over (25.2.8-0ubuntu0.24.04.2) ...
2026-10-02T07:53:36.6533766Z Preparing to unpack .../08-libgbm1_25.2.8-0ubuntu0.24.04.3_amd64.deb ...
2026-10-02T07:53:36.6563594Z Unpacking libgbm1:amd64 (25.2.8-0ubuntu0.24.04.3) over (25.2.8-0ubuntu0.24.04.2) ...
2026-10-02T07:53:36.7136966Z Preparing to unpack .../09-mesa-libgallium_25.2.8-0ubuntu0.24.04.3_amd64.deb ...
2026-10-02T07:53:36.7166247Z Unpacking mesa-libgallium:amd64 (25.2.8-0ubuntu0.24.04.3) over (25.2.8-0ubuntu0.24.04.2) ...
2026-10-02T07:53:37.1495600Z Selecting previously unselected package xfonts-encodings.
2026-10-02T07:53:37.1571651Z Preparing to unpack .../10-xfonts-encodings_1%3a1.0.5-0ubuntu2_all.deb ...
2026-10-02T07:53:37.1580466Z Unpacking xfonts-encodings (1:1.0.5-0ubuntu2) ...
2026-10-02T07:53:37.4685363Z Selecting previously unselected package xfonts-utils.
2026-10-02T07:53:37.4764511Z Preparing to unpack .../11-xfonts-utils_1%3a7.7+6build3_amd64.deb ...
2026-10-02T07:53:37.4772367Z Unpacking xfonts-utils (1:7.7+6build3) ...
2026-10-02T07:53:37.5021338Z Selecting previously unselected package xfonts-cyrillic.
2026-10-02T07:53:37.5098121Z Preparing to unpack .../12-xfonts-cyrillic_1%3a1.0.5+nmu1_all.deb ...
2026-10-02T07:53:37.5107221Z Unpacking xfonts-cyrillic (1:1.0.5+nmu1) ...
2026-10-02T07:53:37.5306573Z Selecting previously unselected package xfonts-scalable.
2026-10-02T07:53:37.5380790Z Preparing to unpack .../13-xfonts-scalable_1%3a1.0.3-1.3_all.deb ...
2026-10-02T07:53:37.5390783Z Unpacking xfonts-scalable (1:1.0.3-1.3) ...
2026-10-02T07:53:37.6013710Z Setting up libwayland-server0:amd64 (1.22.0-2.1build1) ...
2026-10-02T07:53:37.6078395Z Setting up mesa-libgallium:amd64 (25.2.8-0ubuntu0.24.04.3) ...
2026-10-02T07:53:37.6102500Z Setting up libgbm1:amd64 (25.2.8-0ubuntu0.24.04.3) ...
2026-10-02T07:53:37.6127220Z Setting up libgl1-mesa-dri:amd64 (25.2.8-0ubuntu0.24.04.3) ...
2026-10-02T07:53:37.6189377Z Setting up fonts-wqy-zenhei (0.9.45-8) ...
2026-10-02T07:53:37.6428620Z Setting up fonts-freefont-ttf (20211204+svn4273-2) ...
2026-10-02T07:53:37.6454169Z Setting up fonts-tlwg-loma-otf (1:0.7.3-1) ...
2026-10-02T07:53:37.6478835Z Setting up xfonts-encodings (1:1.0.5-0ubuntu2) ...
2026-10-02T07:53:37.6503858Z Setting up fonts-ipafont-gothic (00303-21ubuntu1) ...
2026-10-02T07:53:37.6560315Z update-alternatives: using /usr/share/fonts/opentype/ipafont-gothic/ipag.ttf to provide /usr/share/fonts/truetype/fonts-japanese-gothic.ttf (fonts-japanese-gothic.ttf) in auto mode
2026-10-02T07:53:37.6577534Z Setting up fonts-unifont (1:15.1.01-1build1) ...
2026-10-02T07:53:37.6602765Z Setting up libglx-mesa0:amd64 (25.2.8-0ubuntu0.24.04.3) ...
2026-10-02T07:53:37.6629055Z Setting up xfonts-utils (1:7.7+6build3) ...
2026-10-02T07:53:37.6667963Z Setting up xfonts-cyrillic (1:1.0.5+nmu1) ...
2026-10-02T07:53:37.6881604Z Setting up xfonts-scalable (1:1.0.3-1.3) ...
2026-10-02T07:53:37.7137748Z Processing triggers for libc-bin (2.39-0ubuntu8.9) ...
2026-10-02T07:53:37.9209210Z Processing triggers for man-db (2.12.0-4build2) ...
2026-10-02T07:53:37.9229317Z Not building database; man-db/auto-update is not 'true'.
2026-10-02T07:53:37.9242350Z Processing triggers for fontconfig (2.15.0-1.1ubuntu2) ...
2026-10-02T07:53:38.5240751Z 
2026-10-02T07:53:38.5241450Z Running kernel seems to be up-to-date.
2026-10-02T07:53:38.5241841Z 
2026-10-02T07:53:38.5241998Z No services need to be restarted.
2026-10-02T07:53:38.5242181Z 
2026-10-02T07:53:38.5242304Z No containers need to be restarted.
2026-10-02T07:53:38.5242483Z 
2026-10-02T07:53:38.5242665Z No user sessions are running outdated binaries.
2026-10-02T07:53:38.5242831Z 
2026-10-02T07:53:38.5243132Z No VM guests are running outdated hypervisor (qemu) binaries on this host.
2026-10-02T07:53:39.1230126Z Downloading Chrome for Testing 151.0.7922.34 (playwright chromium v1234) from https://cdn.playwright.dev/builds/cft/151.0.7922.34/linux64/chrome-linux64.zip
2026-10-02T07:53:40.0515874Z |                                                                                |   0% of 184.3 MiB
2026-10-02T07:53:40.2042498Z |■■■■■■■■                                                                        |  10% of 184.3 MiB
2026-10-02T07:53:40.2771844Z |■■■■■■■■■■■■■■■■                                                                |  20% of 184.3 MiB
2026-10-02T07:53:40.3477842Z |■■■■■■■■■■■■■■■■■■■■■■■■                                                        |  30% of 184.3 MiB
2026-10-02T07:53:40.4194801Z |■■■■■■■■■■■■■■■■■■■■■■■■■■■■■■■■                                                |  40% of 184.3 MiB
2026-10-02T07:53:40.4950995Z |■■■■■■■■■■■■■■■■■■■■■■■■■■■■■■■■■■■■■■■■                                        |  50% of 184.3 MiB
2026-10-02T07:53:40.5643744Z |■■■■■■■■■■■■■■■■■■■■■■■■■■■■■■■■■■■■■■■■■■■■■■■■                                |  60% of 184.3 MiB
2026-10-02T07:53:40.6463466Z |■■■■■■■■■■■■■■■■■■■■■■■■■■■■■■■■■■■■■■■■■■■■■■■■■■■■■■■■                        |  70% of 184.3 MiB
2026-10-02T07:53:40.7163325Z |■■■■■■■■■■■■■■■■■■■■■■■■■■■■■■■■■■■■■■■■■■■■■■■■■■■■■■■■■■■■■■■■                |  80% of 184.3 MiB
2026-10-02T07:53:40.7861209Z |■■■■■■■■■■■■■■■■■■■■■■■■■■■■■■■■■■■■■■■■■■■■■■■■■■■■■■■■■■■■■■■■■■■■■■■■        |  90% of 184.3 MiB
2026-10-02T07:53:40.8540172Z |■■■■■■■■■■■■■■■■■■■■■■■■■■■■■■■■■■■■■■■■■■■■■■■■■■■■■■■■■■■■■■■■■■■■■■■■■■■■■■■■| 100% of 184.3 MiB
2026-10-02T07:53:43.4974454Z Chrome for Testing 151.0.7922.34 (playwright chromium v1234) downloaded to /home/runner/.cache/ms-playwright/chromium-1234
2026-10-02T07:53:43.4976609Z Downloading FFmpeg (playwright ffmpeg v1011) from https://cdn.playwright.dev/dbazure/download/playwright/builds/ffmpeg/1011/ffmpeg-linux.zip
2026-10-02T07:53:44.3815004Z |                                                                                |   0% of 2.3 MiB
2026-10-02T07:53:44.4144152Z |■■■■■■■■                                                                        |  10% of 2.3 MiB
2026-10-02T07:53:44.4256856Z |■■■■■■■■■■■■■■■■                                                                |  20% of 2.3 MiB
2026-10-02T07:53:44.4368063Z |■■■■■■■■■■■■■■■■■■■■■■■■                                                        |  30% of 2.3 MiB
2026-10-02T07:53:44.4456863Z |■■■■■■■■■■■■■■■■■■■■■■■■■■■■■■■■                                                |  40% of 2.3 MiB
2026-10-02T07:53:44.4483396Z |■■■■■■■■■■■■■■■■■■■■■■■■■■■■■■■■■■■■■■■■                                        |  50% of 2.3 MiB
2026-10-02T07:53:44.4565698Z |■■■■■■■■■■■■■■■■■■■■■■■■■■■■■■■■■■■■■■■■■■■■■■■■                                |  60% of 2.3 MiB
2026-10-02T07:53:44.4590543Z |■■■■■■■■■■■■■■■■■■■■■■■■■■■■■■■■■■■■■■■■■■■■■■■■■■■■■■■■                        |  70% of 2.3 MiB
2026-10-02T07:53:44.4602696Z |■■■■■■■■■■■■■■■■■■■■■■■■■■■■■■■■■■■■■■■■■■■■■■■■■■■■■■■■■■■■■■■■                |  80% of 2.3 MiB
2026-10-02T07:53:44.4694580Z |■■■■■■■■■■■■■■■■■■■■■■■■■■■■■■■■■■■■■■■■■■■■■■■■■■■■■■■■■■■■■■■■■■■■■■■■        |  90% of 2.3 MiB
2026-10-02T07:53:44.4701043Z |■■■■■■■■■■■■■■■■■■■■■■■■■■■■■■■■■■■■■■■■■■■■■■■■■■■■■■■■■■■■■■■■■■■■■■■■■■■■■■■■| 100% of 2.3 MiB
2026-10-02T07:53:44.5156943Z FFmpeg (playwright ffmpeg v1011) downloaded to /home/runner/.cache/ms-playwright/ffmpeg-1011
2026-10-02T07:53:44.5159873Z Downloading Chrome Headless Shell 151.0.7922.34 (playwright chromium-headless-shell v1234) from https://cdn.playwright.dev/builds/cft/151.0.7922.34/linux64/chrome-headless-shell-linux64.zip
2026-10-02T07:53:45.4302069Z |                                                                                |   0% of 114.7 MiB
2026-10-02T07:53:45.5974611Z |■■■■■■■■                                                                        |  10% of 114.7 MiB
2026-10-02T07:53:45.6503242Z |■■■■■■■■■■■■■■■■                                                                |  20% of 114.7 MiB
2026-10-02T07:53:45.7022405Z |■■■■■■■■■■■■■■■■■■■■■■■■                                                        |  30% of 114.7 MiB
2026-10-02T07:53:45.7554799Z |■■■■■■■■■■■■■■■■■■■■■■■■■■■■■■■■                                                |  40% of 114.7 MiB
2026-10-02T07:53:45.8042850Z |■■■■■■■■■■■■■■■■■■■■■■■■■■■■■■■■■■■■■■■■                                        |  50% of 114.7 MiB
2026-10-02T07:53:45.8572463Z |■■■■■■■■■■■■■■■■■■■■■■■■■■■■■■■■■■■■■■■■■■■■■■■■                                |  60% of 114.7 MiB
2026-10-02T07:53:45.9041154Z |■■■■■■■■■■■■■■■■■■■■■■■■■■■■■■■■■■■■■■■■■■■■■■■■■■■■■■■■                        |  70% of 114.7 MiB
2026-10-02T07:53:45.9633769Z |■■■■■■■■■■■■■■■■■■■■■■■■■■■■■■■■■■■■■■■■■■■■■■■■■■■■■■■■■■■■■■■■                |  80% of 114.7 MiB
2026-10-02T07:53:46.0142872Z |■■■■■■■■■■■■■■■■■■■■■■■■■■■■■■■■■■■■■■■■■■■■■■■■■■■■■■■■■■■■■■■■■■■■■■■■        |  90% of 114.7 MiB
2026-10-02T07:53:46.0621008Z |■■■■■■■■■■■■■■■■■■■■■■■■■■■■■■■■■■■■■■■■■■■■■■■■■■■■■■■■■■■■■■■■■■■■■■■■■■■■■■■■| 100% of 114.7 MiB
2026-10-02T07:53:47.9475430Z Chrome Headless Shell 151.0.7922.34 (playwright chromium-headless-shell v1234) downloaded to /home/runner/.cache/ms-playwright/chromium_headless_shell-1234
2026-10-02T07:53:47.9679002Z ##[group]Run npm test
2026-10-02T07:53:47.9679433Z [36;1mnpm test[0m
2026-10-02T07:53:47.9713904Z shell: /usr/bin/bash -e {0}
2026-10-02T07:53:47.9714363Z ##[endgroup]
2026-10-02T07:53:48.0394278Z 
2026-10-02T07:53:48.0394736Z > sunny-acres-regression-tests@1.0.0 test
2026-10-02T07:53:48.0395802Z > node --test perf.test.mjs cow3d.test.mjs versions.test.mjs && node --experimental-vm-modules regression.browser.cjs && node shed-switch.browser.cjs && node cow3d.browser.cjs
2026-10-02T07:53:48.0396310Z 
2026-10-02T07:53:48.0743062Z TAP version 13
2026-10-02T07:53:48.2209698Z # Subtest: actual joints reach hoof targets and keep hooves level in three dimensions
2026-10-02T07:53:48.2213229Z ok 1 - actual joints reach hoof targets and keep hooves level in three dimensions
2026-10-02T07:53:48.2213712Z   ---
2026-10-02T07:53:48.2224849Z   duration_ms: 41.218985
2026-10-02T07:53:48.2225262Z   type: 'test'
2026-10-02T07:53:48.2225560Z   ...
2026-10-02T07:53:48.2226218Z # Subtest: planted feet stay in place through real travel; stationary phase freezes and settles
2026-10-02T07:53:48.2226884Z ok 2 - planted feet stay in place through real travel; stationary phase freezes and settles
2026-10-02T07:53:48.2227325Z   ---
2026-10-02T07:53:48.2227659Z   duration_ms: 36.671726
2026-10-02T07:53:48.2227987Z   type: 'test'
2026-10-02T07:53:48.2228303Z   ...
2026-10-02T07:53:48.2228817Z # Subtest: head turns, independent ears flick, blinking/tail move; sleeping is quieter
2026-10-02T07:53:48.2229419Z ok 3 - head turns, independent ears flick, blinking/tail move; sleeping is quieter
2026-10-02T07:53:48.2229839Z   ---
2026-10-02T07:53:48.2230169Z   duration_ms: 7.159335
2026-10-02T07:53:48.2230490Z   type: 'test'
2026-10-02T07:53:48.2230819Z   ...
2026-10-02T07:53:48.2231326Z # Subtest: skin geometry is shared, animation belongs to each cow, and teleport is not a stride
2026-10-02T07:53:48.2231963Z ok 4 - skin geometry is shared, animation belongs to each cow, and teleport is not a stride
2026-10-02T07:53:48.2232429Z   ---
2026-10-02T07:53:48.2232785Z   duration_ms: 0.93023
2026-10-02T07:53:48.2233159Z   type: 'test'
2026-10-02T07:53:48.2233459Z   ...
2026-10-02T07:53:48.2233928Z # Subtest: equal travel at 30/60/120 Hz gives equal idle/walk cadence and finite turns
2026-10-02T07:53:48.2234661Z ok 5 - equal travel at 30/60/120 Hz gives equal idle/walk cadence and finite turns
2026-10-02T07:53:48.2235058Z   ---
2026-10-02T07:53:48.2235340Z   duration_ms: 2.497064
2026-10-02T07:53:48.2235638Z   type: 'test'
2026-10-02T07:53:48.2236320Z   ...
2026-10-02T07:53:48.2291816Z # Subtest: frame intervals: empty, median, nearest-rank p95 and foreground hitch
2026-10-02T07:53:48.2292705Z ok 6 - frame intervals: empty, median, nearest-rank p95 and foreground hitch
2026-10-02T07:53:48.2293200Z   ---
2026-10-02T07:53:48.2293493Z   duration_ms: 1.028523
2026-10-02T07:53:48.2293871Z   type: 'test'
2026-10-02T07:53:48.2294126Z   ...
2026-10-02T07:53:48.2294820Z # Subtest: rolling windows expire old frames and retain bounded ring data
2026-10-02T07:53:48.2295507Z ok 7 - rolling windows expire old frames and retain bounded ring data
2026-10-02T07:53:48.2295954Z   ---
2026-10-02T07:53:48.2296274Z   duration_ms: 0.157739
2026-10-02T07:53:48.2296595Z   type: 'test'
2026-10-02T07:53:48.2296877Z   ...
2026-10-02T07:53:48.2297346Z # Subtest: pause reset excludes resume gap; rendered intervals reflect a 30 FPS cap
2026-10-02T07:53:48.2298039Z ok 8 - pause reset excludes resume gap; rendered intervals reflect a 30 FPS cap
2026-10-02T07:53:48.2298446Z   ---
2026-10-02T07:53:48.2298720Z   duration_ms: 0.690903
2026-10-02T07:53:48.2299077Z   type: 'test'
2026-10-02T07:53:48.2299336Z   ...
2026-10-02T07:53:48.2299790Z # Subtest: p95 uses nearest rank across 20 distinct intervals
2026-10-02T07:53:48.2300602Z ok 9 - p95 uses nearest rank across 20 distinct intervals
2026-10-02T07:53:48.2301000Z   ---
2026-10-02T07:53:48.2301275Z   duration_ms: 0.205759
2026-10-02T07:53:48.2301618Z   type: 'test'
2026-10-02T07:53:48.2301931Z   ...
2026-10-02T07:53:48.2302457Z # Subtest: composer counters include every pass and restore reset policy
2026-10-02T07:53:48.2303068Z ok 10 - composer counters include every pass and restore reset policy
2026-10-02T07:53:48.2303509Z   ---
2026-10-02T07:53:48.2303827Z   duration_ms: 0.356669
2026-10-02T07:53:48.2304124Z   type: 'test'
2026-10-02T07:53:48.2304614Z   ...
2026-10-02T07:53:48.2305151Z # Subtest: display throttles updates, resets visibility gaps and remains collapsible
2026-10-02T07:53:48.2305860Z ok 11 - display throttles updates, resets visibility gaps and remains collapsible
2026-10-02T07:53:48.2306389Z   ---
2026-10-02T07:53:48.2306638Z   duration_ms: 103.609677
2026-10-02T07:53:48.2306915Z   type: 'test'
2026-10-02T07:53:48.2307244Z   ...
2026-10-02T07:53:48.2307761Z # Subtest: every versioned script is imported with one version only
2026-10-02T07:53:48.2308375Z ok 12 - every versioned script is imported with one version only
2026-10-02T07:53:48.2308749Z   ---
2026-10-02T07:53:48.2309027Z   duration_ms: 0.811448
2026-10-02T07:53:48.2309355Z   type: 'test'
2026-10-02T07:53:48.2309646Z   ...
2026-10-02T07:53:48.2310054Z # Subtest: window.__gameVer matches the game.js version it imports
2026-10-02T07:53:48.2310600Z ok 13 - window.__gameVer matches the game.js version it imports
2026-10-02T07:53:48.2311008Z   ---
2026-10-02T07:53:48.2311272Z   duration_ms: 0.229107
2026-10-02T07:53:48.2311556Z   type: 'test'
2026-10-02T07:53:48.2311839Z   ...
2026-10-02T07:53:48.2312210Z # Subtest: the offline shell caches the same versions the page imports
2026-10-02T07:53:48.2312744Z ok 14 - the offline shell caches the same versions the page imports
2026-10-02T07:53:48.2313207Z   ---
2026-10-02T07:53:48.2313479Z   duration_ms: 0.279836
2026-10-02T07:53:48.2313762Z   type: 'test'
2026-10-02T07:53:48.2314028Z   ...
2026-10-02T07:53:48.2314646Z # Subtest: the cache name is versioned and namespaced away from the 2D game
2026-10-02T07:53:48.2315246Z ok 15 - the cache name is versioned and namespaced away from the 2D game
2026-10-02T07:53:48.2315678Z   ---
2026-10-02T07:53:48.2315923Z   duration_ms: 0.196385
2026-10-02T07:53:48.2316194Z   type: 'test'
2026-10-02T07:53:48.2316510Z   ...
2026-10-02T07:53:48.2316752Z 1..15
2026-10-02T07:53:48.2317031Z # tests 15
2026-10-02T07:53:48.2317349Z # suites 0
2026-10-02T07:53:48.2317623Z # pass 15
2026-10-02T07:53:48.2317896Z # fail 0
2026-10-02T07:53:48.2318151Z # cancelled 0
2026-10-02T07:53:48.2318471Z # skipped 0
2026-10-02T07:53:48.2318723Z # todo 0
2026-10-02T07:53:48.2319019Z # duration_ms 166.934532
2026-10-02T07:53:48.4376769Z PASS All game modules and inline scripts parse 
2026-10-02T07:53:48.4391232Z PASS PR #24 paintAlong guards Null entry and mid-loop cancellation during planting and harvesting
2026-10-02T07:53:48.4403975Z (node:2992) ExperimentalWarning: VM Modules is an experimental feature and might change at any time
2026-10-02T07:53:48.4404696Z (Use `node --trace-warnings ...` to show where the warning was created)
2026-10-02T07:54:05.1844389Z PASS 1280x720 testfarm boot 
2026-10-02T07:54:15.2616188Z PASS KeyW movement 
2026-10-02T07:54:16.1845017Z PASS KeyS movement 
2026-10-02T07:54:17.6795898Z PASS KeyA movement 
2026-10-02T07:54:19.3645581Z PASS KeyD movement 
2026-10-02T07:54:20.7624673Z PASS KeyQ rotation 
2026-10-02T07:54:22.1391755Z PASS ArrowLeft rotation 
2026-10-02T07:54:26.9254065Z PASS ArrowRight rotation 
2026-10-02T07:54:30.0128763Z PASS KeyE interacts without rotation 
2026-10-02T07:54:32.4715810Z PASS Enter interacts without rotation 
2026-10-02T07:54:36.4552053Z PASS 1280x720 planting through seed tray 
2026-10-02T07:54:38.1830804Z AssertionError [ERR_ASSERTION]: Expected values to be strictly equal:
2026-10-02T07:54:38.1831126Z 
2026-10-02T07:54:38.1831316Z 'wheat' !== null
2026-10-02T07:54:38.1833165Z 
2026-10-02T07:54:38.1833463Z     at planting (/home/runner/work/Bugsy/Bugsy/farm3d/tests/regression.browser.cjs:86:10)
2026-10-02T07:54:38.1833956Z     at async /home/runner/work/Bugsy/Bugsy/farm3d/tests/regression.browser.cjs:162:7
2026-10-02T07:54:38.1962428Z ##[error]Process completed with exit code 1.
2026-10-02T07:54:38.2052379Z ##[group]Run actions/upload-artifact@v5
2026-10-02T07:54:38.2052713Z with:
2026-10-02T07:54:38.2052962Z   name: farm3d-regression-1
2026-10-02T07:54:38.2053224Z   path: farm3d/tests/artifacts/
2026-10-02T07:54:38.2053487Z   if-no-files-found: ignore
2026-10-02T07:54:38.2053710Z   retention-days: 7
2026-10-02T07:54:38.2053976Z   compression-level: 6
2026-10-02T07:54:38.2054453Z   overwrite: false
2026-10-02T07:54:38.2054707Z   include-hidden-files: false
2026-10-02T07:54:38.2054970Z ##[endgroup]
2026-10-02T07:54:38.3169794Z (node:3117) [DEP0040] DeprecationWarning: The `punycode` module is deprecated. Please use a userland alternative instead.
2026-10-02T07:54:38.3170904Z (Use `node --trace-deprecation ...` to show where the warning was created)
2026-10-02T07:54:38.3217760Z With the provided path, there will be 3 files uploaded
2026-10-02T07:54:38.3218484Z Artifact name is valid!
2026-10-02T07:54:38.3218837Z Root directory input is valid!
2026-10-02T07:54:38.6419432Z Beginning upload of artifact content to blob storage
2026-10-02T07:54:38.8053264Z (node:3117) [DEP0169] DeprecationWarning: `url.parse()` behavior is not standardized and prone to errors that have security implications. Use the WHATWG URL API instead. CVEs are not issued for `url.parse()` vulnerabilities.
2026-10-02T07:54:39.2352022Z Uploaded bytes 5754478
2026-10-02T07:54:39.2745408Z Finished uploading artifact content to blob storage!
2026-10-02T07:54:39.2746212Z SHA256 digest of uploaded artifact zip is 3be289fda89e2a858332f9647010983aa960717ea8c31bcfa1a757ae3a927ec8
2026-10-02T07:54:39.2748961Z Finalizing artifact upload
2026-10-02T07:54:39.5238127Z Artifact farm3d-regression-1.zip successfully finalized. Artifact ID 11215173935
2026-10-02T07:54:39.5239199Z Artifact farm3d-regression-1 has been successfully uploaded! Final size is 5754478 bytes. Artifact ID is 11215173935
2026-10-02T07:54:39.5243741Z Artifact download URL: https://github.com/pederaus9-ux/Bugsy/actions/runs/36980947290/artifacts/11215173935
2026-10-02T07:54:39.5400455Z Post job cleanup.
2026-10-02T07:54:39.6127004Z [command]/usr/bin/git version
2026-10-02T07:54:39.6161631Z git version 2.55.0
2026-10-02T07:54:39.6191990Z Temporarily overriding HOME='/home/runner/work/_temp/24f2e35c-3af8-4787-ba68-32457297cd52' before making global git config changes
2026-10-02T07:54:39.6193266Z Adding repository directory to the temporary git global config as a safe directory
2026-10-02T07:54:39.6196207Z [command]/usr/bin/git config --global --add safe.directory /home/runner/work/Bugsy/Bugsy
2026-10-02T07:54:39.6221732Z Removing SSH command configuration
2026-10-02T07:54:39.6227498Z [command]/usr/bin/git config --local --name-only --get-regexp core\.sshCommand
2026-10-02T07:54:39.6253602Z [command]/usr/bin/git submodule foreach --recursive sh -c "git config --local --name-only --get-regexp 'core\.sshCommand' && git config --local --unset-all 'core.sshCommand' || :"
2026-10-02T07:54:39.6427792Z Removing HTTP extra header
2026-10-02T07:54:39.6432661Z [command]/usr/bin/git config --local --name-only --get-regexp http\.https\:\/\/github\.com\/\.extraheader
2026-10-02T07:54:39.6462196Z [command]/usr/bin/git submodule foreach --recursive sh -c "git config --local --name-only --get-regexp 'http\.https\:\/\/github\.com\/\.extraheader' && git config --local --unset-all 'http.https://github.com/.extraheader' || :"
2026-10-02T07:54:39.6634487Z Removing includeIf entries pointing to credentials config files
2026-10-02T07:54:39.6641364Z [command]/usr/bin/git config --local --name-only --get-regexp ^includeIf\.gitdir:
2026-10-02T07:54:39.6667938Z [command]/usr/bin/git submodule foreach --recursive git config --local --show-origin --name-only --get-regexp remote.origin.url
2026-10-02T07:54:39.6943786Z Cleaning up orphan processes
2026-10-02T07:54:39.7157283Z ##[warning]Node.js 20 is deprecated. The following actions target Node.js 20 but are being forced to run on Node.js 24: actions/upload-artifact@v5. For more information see: https://github.blog/changelog/2025-09-19-deprecation-of-node-20-on-github-actions-runners/
