2026-10-02T07:53:18.8567429Z Current runner version: '2.337.0'
2026-10-02T07:53:18.8599559Z ##[group]Runner Image Provisioner
2026-10-02T07:53:18.8600491Z Hosted Compute Agent
2026-10-02T07:53:18.8601180Z Version: 20260901.588
2026-10-02T07:53:18.8601833Z Commit: f88ec8081b781fac6c440065ac7ff9e710ce3d0b
2026-10-02T07:53:18.8602703Z Build Date: 2026-09-01T19:56:44Z
2026-10-02T07:53:18.8603997Z Worker ID: {0ac79801-42cc-43bf-9684-0ca5ee605633}
2026-10-02T07:53:18.8604756Z Azure Region: westus
2026-10-02T07:53:18.8605447Z ##[endgroup]
2026-10-02T07:53:18.8607056Z ##[group]Operating System
2026-10-02T07:53:18.8607812Z Ubuntu
2026-10-02T07:53:18.8608359Z 24.04.5
2026-10-02T07:53:18.8608882Z LTS
2026-10-02T07:53:18.8609445Z ##[endgroup]
2026-10-02T07:53:18.8610014Z ##[group]Runner Image
2026-10-02T07:53:18.8610733Z Image: ubuntu-24.04
2026-10-02T07:53:18.8611321Z Version: 20260927.320.1
2026-10-02T07:53:18.8612704Z Included Software: https://github.com/actions/runner-images/blob/ubuntu24/20260927.320/images/ubuntu/Ubuntu2404-Readme.md
2026-10-02T07:53:18.8614523Z Image Release: https://github.com/actions/runner-images/releases/tag/ubuntu24%2F20260927.320
2026-10-02T07:53:18.8615646Z ##[endgroup]
2026-10-02T07:53:18.8616781Z ##[group]GITHUB_TOKEN Permissions
2026-10-02T07:53:18.8618976Z Contents: read
2026-10-02T07:53:18.8619608Z Metadata: read
2026-10-02T07:53:18.8620215Z ##[endgroup]
2026-10-02T07:53:18.8622583Z Secret source: Actions
2026-10-02T07:53:18.8623818Z Cache mode: write
2026-10-02T07:53:18.8624669Z Prepare workflow directory
2026-10-02T07:53:18.9001348Z Prepare all required actions
2026-10-02T07:53:18.9052358Z Getting action download info
2026-10-02T07:53:19.3093934Z Download action repository 'actions/checkout@v6' (SHA:d23441a48e516b6c34aea4fa41551a30e30af803)
2026-10-02T07:53:19.4341550Z Download action repository 'actions/setup-java@v5' (SHA:b6effb05e454b25005698d916606bdc6ffcbf961)
2026-10-02T07:53:20.1566324Z Download action repository 'actions/setup-node@v6' (SHA:249970729cb0ef3589644e2896645e5dc5ba9c38)
2026-10-02T07:53:20.2785662Z Download action repository 'actions/upload-artifact@v5' (SHA:330a01c490aca151604b8cf639adc76d48f6c5d4)
2026-10-02T07:53:20.5846541Z Complete job name: Firestore rules + game flows + save recovery (emulator)
2026-10-02T07:53:20.7001869Z ##[group]Run actions/checkout@v6
2026-10-02T07:53:20.7003795Z with:
2026-10-02T07:53:20.7004867Z   persist-credentials: false
2026-10-02T07:53:20.7006258Z   repository: pederaus9-ux/Bugsy
2026-10-02T07:53:20.7015533Z   token: ***
2026-10-02T07:53:20.7016692Z   ssh-strict: true
2026-10-02T07:53:20.7017775Z   ssh-user: git
2026-10-02T07:53:20.7018795Z   clean: true
2026-10-02T07:53:20.7019969Z   sparse-checkout-cone-mode: true
2026-10-02T07:53:20.7021293Z   fetch-depth: 1
2026-10-02T07:53:20.7022399Z   fetch-tags: false
2026-10-02T07:53:20.7023759Z   show-progress: true
2026-10-02T07:53:20.7024890Z   lfs: false
2026-10-02T07:53:20.7026027Z   submodules: false
2026-10-02T07:53:20.7027180Z   set-safe-directory: true
2026-10-02T07:53:20.7028466Z   allow-unsafe-pr-checkout: false
2026-10-02T07:53:20.7030219Z ##[endgroup]
2026-10-02T07:53:20.8275076Z Syncing repository: pederaus9-ux/Bugsy
2026-10-02T07:53:20.8280364Z ##[group]Getting Git version info
2026-10-02T07:53:20.8283579Z Working directory is '/home/runner/work/Bugsy/Bugsy'
2026-10-02T07:53:20.8287938Z [command]/usr/bin/git version
2026-10-02T07:53:20.8414880Z git version 2.55.0
2026-10-02T07:53:20.8444020Z ##[endgroup]
2026-10-02T07:53:20.8464944Z Temporarily overriding HOME='/home/runner/work/_temp/8e923100-26d4-48e1-919f-9bfa541a9e76' before making global git config changes
2026-10-02T07:53:20.8470444Z Adding repository directory to the temporary git global config as a safe directory
2026-10-02T07:53:20.8474538Z [command]/usr/bin/git config --global --add safe.directory /home/runner/work/Bugsy/Bugsy
2026-10-02T07:53:20.8588017Z Deleting the contents of '/home/runner/work/Bugsy/Bugsy'
2026-10-02T07:53:20.8590582Z ##[group]Determining repository object format
2026-10-02T07:53:20.8592409Z ##[endgroup]
2026-10-02T07:53:20.8594998Z ##[group]Initializing the repository
2026-10-02T07:53:20.8596585Z [command]/usr/bin/git init /home/runner/work/Bugsy/Bugsy
2026-10-02T07:53:20.8729335Z hint: Using 'master' as the name for the initial branch. This default branch name
2026-10-02T07:53:20.8732970Z hint: will change to "main" in Git 3.0. To configure the initial branch name
2026-10-02T07:53:20.8737442Z hint: to use in all of your new repositories, which will suppress this warning,
2026-10-02T07:53:20.8740116Z hint: call:
2026-10-02T07:53:20.8741455Z hint:
2026-10-02T07:53:20.8743338Z hint: 	git config --global init.defaultBranch <name>
2026-10-02T07:53:20.8745456Z hint:
2026-10-02T07:53:20.8747400Z hint: Names commonly chosen instead of 'master' are 'main', 'trunk' and
2026-10-02T07:53:20.8750679Z hint: 'development'. The just-created branch can be renamed via this command:
2026-10-02T07:53:20.8753485Z hint:
2026-10-02T07:53:20.8754957Z hint: 	git branch -m <name>
2026-10-02T07:53:20.8756561Z hint:
2026-10-02T07:53:20.8758791Z hint: Disable this message with "git config set advice.defaultBranchName false"
2026-10-02T07:53:20.8762280Z Initialized empty Git repository in /home/runner/work/Bugsy/Bugsy/.git/
2026-10-02T07:53:20.8773914Z [command]/usr/bin/git remote add origin https://github.com/pederaus9-ux/Bugsy
2026-10-02T07:53:20.8853611Z ##[endgroup]
2026-10-02T07:53:20.8856269Z ##[group]Disabling automatic garbage collection
2026-10-02T07:53:20.8858500Z [command]/usr/bin/git config --local gc.auto 0
2026-10-02T07:53:20.8905744Z ##[endgroup]
2026-10-02T07:53:20.8908230Z ##[group]Setting up auth
2026-10-02T07:53:20.8910093Z Removing SSH command configuration
2026-10-02T07:53:20.8913402Z [command]/usr/bin/git config --local --name-only --get-regexp core\.sshCommand
2026-10-02T07:53:20.8955469Z [command]/usr/bin/git submodule foreach --recursive sh -c "git config --local --name-only --get-regexp 'core\.sshCommand' && git config --local --unset-all 'core.sshCommand' || :"
2026-10-02T07:53:20.9411466Z Removing HTTP extra header
2026-10-02T07:53:20.9415314Z [command]/usr/bin/git config --local --name-only --get-regexp http\.https\:\/\/github\.com\/\.extraheader
2026-10-02T07:53:20.9460089Z [command]/usr/bin/git submodule foreach --recursive sh -c "git config --local --name-only --get-regexp 'http\.https\:\/\/github\.com\/\.extraheader' && git config --local --unset-all 'http.https://github.com/.extraheader' || :"
2026-10-02T07:53:20.9720630Z Removing includeIf entries pointing to credentials config files
2026-10-02T07:53:20.9728592Z [command]/usr/bin/git config --local --name-only --get-regexp ^includeIf\.gitdir:
2026-10-02T07:53:20.9772209Z [command]/usr/bin/git submodule foreach --recursive git config --local --show-origin --name-only --get-regexp remote.origin.url
2026-10-02T07:53:21.0034199Z [command]/usr/bin/git config --file /home/runner/work/_temp/git-credentials-c8a5d3a0-415b-4387-ad01-45ea0548f508.config http.https://github.com/.extraheader AUTHORIZATION: basic ***
2026-10-02T07:53:21.0083034Z [command]/usr/bin/git config --local includeIf.gitdir:/home/runner/work/Bugsy/Bugsy/.git.path /home/runner/work/_temp/git-credentials-c8a5d3a0-415b-4387-ad01-45ea0548f508.config
2026-10-02T07:53:21.0122469Z [command]/usr/bin/git config --local includeIf.gitdir:/home/runner/work/Bugsy/Bugsy/.git/worktrees/*.path /home/runner/work/_temp/git-credentials-c8a5d3a0-415b-4387-ad01-45ea0548f508.config
2026-10-02T07:53:21.0169849Z [command]/usr/bin/git config --local includeIf.gitdir:/github/workspace/.git.path /github/runner_temp/git-credentials-c8a5d3a0-415b-4387-ad01-45ea0548f508.config
2026-10-02T07:53:21.0208386Z [command]/usr/bin/git config --local includeIf.gitdir:/github/workspace/.git/worktrees/*.path /github/runner_temp/git-credentials-c8a5d3a0-415b-4387-ad01-45ea0548f508.config
2026-10-02T07:53:21.0241347Z ##[endgroup]
2026-10-02T07:53:21.0242906Z ##[group]Fetching the repository
2026-10-02T07:53:21.0250980Z [command]/usr/bin/git -c protocol.version=2 fetch --no-tags --prune --no-recurse-submodules --depth=1 origin +3bc00fb3c7f160a3dd1ec0717204fb7e450c01f5:refs/remotes/pull/38/merge
2026-10-02T07:53:21.7883906Z From https://github.com/pederaus9-ux/Bugsy
2026-10-02T07:53:21.7885805Z  * [new ref]         3bc00fb3c7f160a3dd1ec0717204fb7e450c01f5 -> pull/38/merge
2026-10-02T07:53:21.7891510Z ##[endgroup]
2026-10-02T07:53:21.7892537Z ##[group]Determining the checkout info
2026-10-02T07:53:21.7893833Z ##[endgroup]
2026-10-02T07:53:21.7899405Z [command]/usr/bin/git sparse-checkout disable
2026-10-02T07:53:21.7959704Z [command]/usr/bin/git config --local --unset-all extensions.worktreeConfig
2026-10-02T07:53:21.7995846Z ##[group]Checking out the ref
2026-10-02T07:53:21.8000566Z [command]/usr/bin/git checkout --progress --force refs/remotes/pull/38/merge
2026-10-02T07:53:21.8360385Z Note: switching to 'refs/remotes/pull/38/merge'.
2026-10-02T07:53:21.8361203Z 
2026-10-02T07:53:21.8361895Z You are in 'detached HEAD' state. You can look around, make experimental
2026-10-02T07:53:21.8363591Z changes and commit them, and you can discard any commits you make in this
2026-10-02T07:53:21.8365036Z state without impacting any branches by switching back to a branch.
2026-10-02T07:53:21.8365780Z 
2026-10-02T07:53:21.8366421Z If you want to create a new branch to retain commits you create, you may
2026-10-02T07:53:21.8367740Z do so (now or later) by using -c with the switch command. Example:
2026-10-02T07:53:21.8368354Z 
2026-10-02T07:53:21.8368635Z   git switch -c <new-branch-name>
2026-10-02T07:53:21.8369087Z 
2026-10-02T07:53:21.8369373Z Or undo this operation with:
2026-10-02T07:53:21.8369883Z 
2026-10-02T07:53:21.8370154Z   git switch -
2026-10-02T07:53:21.8370525Z 
2026-10-02T07:53:21.8371092Z Turn off this advice by setting config variable advice.detachedHead to false
2026-10-02T07:53:21.8371974Z 
2026-10-02T07:53:21.8372794Z HEAD is now at 3bc00fb Merge 11cab6d55ee163888bc94eb1afa4f1f5c90735ff into 036bfb4f027cf223d6e2a208e146523c63bbfa68
2026-10-02T07:53:21.8378684Z ##[endgroup]
2026-10-02T07:53:21.8427609Z [command]/usr/bin/git log -1 --format=%H
2026-10-02T07:53:21.8458488Z 3bc00fb3c7f160a3dd1ec0717204fb7e450c01f5
2026-10-02T07:53:21.8469459Z ##[group]Removing auth
2026-10-02T07:53:21.8470022Z Removing SSH command configuration
2026-10-02T07:53:21.8474497Z [command]/usr/bin/git config --local --name-only --get-regexp core\.sshCommand
2026-10-02T07:53:21.8511463Z [command]/usr/bin/git submodule foreach --recursive sh -c "git config --local --name-only --get-regexp 'core\.sshCommand' && git config --local --unset-all 'core.sshCommand' || :"
2026-10-02T07:53:21.8747952Z Removing HTTP extra header
2026-10-02T07:53:21.8752937Z [command]/usr/bin/git config --local --name-only --get-regexp http\.https\:\/\/github\.com\/\.extraheader
2026-10-02T07:53:21.8797220Z [command]/usr/bin/git submodule foreach --recursive sh -c "git config --local --name-only --get-regexp 'http\.https\:\/\/github\.com\/\.extraheader' && git config --local --unset-all 'http.https://github.com/.extraheader' || :"
2026-10-02T07:53:21.9036233Z Removing includeIf entries pointing to credentials config files
2026-10-02T07:53:21.9042088Z [command]/usr/bin/git config --local --name-only --get-regexp ^includeIf\.gitdir:
2026-10-02T07:53:21.9076228Z includeif.gitdir:/home/runner/work/Bugsy/Bugsy/.git.path
2026-10-02T07:53:21.9077396Z includeif.gitdir:/home/runner/work/Bugsy/Bugsy/.git/worktrees/*.path
2026-10-02T07:53:21.9078389Z includeif.gitdir:/github/workspace/.git.path
2026-10-02T07:53:21.9079247Z includeif.gitdir:/github/workspace/.git/worktrees/*.path
2026-10-02T07:53:21.9088091Z [command]/usr/bin/git config --local --get-all includeif.gitdir:/home/runner/work/Bugsy/Bugsy/.git.path
2026-10-02T07:53:21.9116417Z /home/runner/work/_temp/git-credentials-c8a5d3a0-415b-4387-ad01-45ea0548f508.config
2026-10-02T07:53:21.9129682Z [command]/usr/bin/git config --local --unset includeif.gitdir:/home/runner/work/Bugsy/Bugsy/.git.path /home/runner/work/_temp/git-credentials-c8a5d3a0-415b-4387-ad01-45ea0548f508.config
2026-10-02T07:53:21.9172121Z [command]/usr/bin/git config --local --get-all includeif.gitdir:/home/runner/work/Bugsy/Bugsy/.git/worktrees/*.path
2026-10-02T07:53:21.9200534Z /home/runner/work/_temp/git-credentials-c8a5d3a0-415b-4387-ad01-45ea0548f508.config
2026-10-02T07:53:21.9211221Z [command]/usr/bin/git config --local --unset includeif.gitdir:/home/runner/work/Bugsy/Bugsy/.git/worktrees/*.path /home/runner/work/_temp/git-credentials-c8a5d3a0-415b-4387-ad01-45ea0548f508.config
2026-10-02T07:53:21.9251071Z [command]/usr/bin/git config --local --get-all includeif.gitdir:/github/workspace/.git.path
2026-10-02T07:53:21.9280478Z /github/runner_temp/git-credentials-c8a5d3a0-415b-4387-ad01-45ea0548f508.config
2026-10-02T07:53:21.9301198Z [command]/usr/bin/git config --local --unset includeif.gitdir:/github/workspace/.git.path /github/runner_temp/git-credentials-c8a5d3a0-415b-4387-ad01-45ea0548f508.config
2026-10-02T07:53:21.9336135Z [command]/usr/bin/git config --local --get-all includeif.gitdir:/github/workspace/.git/worktrees/*.path
2026-10-02T07:53:21.9368977Z /github/runner_temp/git-credentials-c8a5d3a0-415b-4387-ad01-45ea0548f508.config
2026-10-02T07:53:21.9394078Z [command]/usr/bin/git config --local --unset includeif.gitdir:/github/workspace/.git/worktrees/*.path /github/runner_temp/git-credentials-c8a5d3a0-415b-4387-ad01-45ea0548f508.config
2026-10-02T07:53:21.9427657Z [command]/usr/bin/git submodule foreach --recursive git config --local --show-origin --name-only --get-regexp remote.origin.url
2026-10-02T07:53:21.9671388Z Removing credentials config '/home/runner/work/_temp/git-credentials-c8a5d3a0-415b-4387-ad01-45ea0548f508.config'
2026-10-02T07:53:21.9681240Z ##[endgroup]
2026-10-02T07:53:22.0005322Z ##[group]Run actions/setup-java@v5
2026-10-02T07:53:22.0005732Z with:
2026-10-02T07:53:22.0005997Z   distribution: temurin
2026-10-02T07:53:22.0006298Z   java-version: 21
2026-10-02T07:53:22.0006572Z   java-package: jdk
2026-10-02T07:53:22.0006850Z   check-latest: false
2026-10-02T07:53:22.0007127Z   set-default: true
2026-10-02T07:53:22.0007415Z   verify-signature: false
2026-10-02T07:53:22.0007706Z   server-id: github
2026-10-02T07:53:22.0008016Z   server-username: GITHUB_ACTOR
2026-10-02T07:53:22.0008344Z   server-password: GITHUB_TOKEN
2026-10-02T07:53:22.0008659Z   overwrite-settings: true
2026-10-02T07:53:22.0008955Z   job-status: success
2026-10-02T07:53:22.0011437Z   token: ***
2026-10-02T07:53:22.0011722Z   show-download-progress: false
2026-10-02T07:53:22.0012042Z ##[endgroup]
2026-10-02T07:53:22.1616046Z ##[group]Installed distributions
2026-10-02T07:53:22.1767138Z Resolved Java 21.0.12+1 from tool-cache
2026-10-02T07:53:22.1767931Z Setting Java 21.0.12+1 as the default
2026-10-02T07:53:22.1781755Z Creating toolchains.xml for JDK version 21 from temurin
2026-10-02T07:53:22.1862437Z Writing to /home/runner/.m2/toolchains.xml
2026-10-02T07:53:22.1863022Z 
2026-10-02T07:53:22.1863495Z Java configuration:
2026-10-02T07:53:22.1864075Z   Distribution: temurin
2026-10-02T07:53:22.1864650Z   Version: 21.0.12+1
2026-10-02T07:53:22.1865397Z   Path: /opt/hostedtoolcache/Java_Temurin-Hotspot_jdk/21.0.12-1/x64
2026-10-02T07:53:22.1866073Z 
2026-10-02T07:53:22.1866906Z ##[endgroup]
2026-10-02T07:53:22.1932579Z Creating settings.xml with server-id: github
2026-10-02T07:53:22.1934151Z Writing to /home/runner/.m2/settings.xml
2026-10-02T07:53:22.1935804Z Configured MAVEN_ARGS to include -ntp to suppress Maven transfer progress logs. Set 'show-download-progress: true' to keep the download progress output.
2026-10-02T07:53:22.2117165Z ##[group]Run actions/setup-node@v6
2026-10-02T07:53:22.2117731Z with:
2026-10-02T07:53:22.2118109Z   node-version: 22
2026-10-02T07:53:22.2118503Z   cache: npm
2026-10-02T07:53:22.2119060Z   cache-dependency-path: farm3d/firebase/package-lock.json
2026-10-02T07:53:22.2119846Z   check-latest: false
2026-10-02T07:53:22.2124971Z   token: ***
2026-10-02T07:53:22.2125443Z   package-manager-cache: true
2026-10-02T07:53:22.2125939Z env:
2026-10-02T07:53:22.2126531Z   JAVA_HOME: /opt/hostedtoolcache/Java_Temurin-Hotspot_jdk/21.0.12-1/x64
2026-10-02T07:53:22.2127484Z   JAVA_HOME_21_X64: /opt/hostedtoolcache/Java_Temurin-Hotspot_jdk/21.0.12-1/x64
2026-10-02T07:53:22.2128575Z   MAVEN_ARGS: -ntp
2026-10-02T07:53:22.2129055Z ##[endgroup]
2026-10-02T07:53:22.3641436Z Found in cache @ /opt/hostedtoolcache/node/22.23.3/x64
2026-10-02T07:53:22.3647190Z ##[group]Environment details
2026-10-02T07:53:22.8300741Z node: v22.23.3
2026-10-02T07:53:22.8301391Z npm: 10.9.9
2026-10-02T07:53:22.8301934Z yarn: 1.22.22
2026-10-02T07:53:22.8302877Z ##[endgroup]
2026-10-02T07:53:22.8327354Z [command]/opt/hostedtoolcache/node/22.23.3/x64/bin/npm config get cache
2026-10-02T07:53:22.9471027Z /home/runner/.npm
2026-10-02T07:53:23.2234046Z Cache hit for: node-cache-Linux-x64-npm-b660949991950745c13b9e79ac4e4a31392c8aad5e11947b2d3a07bda91b5807
2026-10-02T07:53:24.5256771Z Received 0 of 113861839 (0.0%), 0.0 MBs/sec
2026-10-02T07:53:25.5262988Z Received 105473231 of 113861839 (92.6%), 50.3 MBs/sec
2026-10-02T07:53:25.6363839Z Received 113861839 of 113861839 (100.0%), 51.4 MBs/sec
2026-10-02T07:53:25.6364462Z Cache Size: ~109 MB (113861839 B)
2026-10-02T07:53:25.6482175Z [command]/usr/bin/tar -xf /home/runner/work/_temp/b9a4e302-f9b6-4a1d-b725-9ff22a308f4b/cache.tzst -P -C /home/runner/work/Bugsy/Bugsy --use-compress-program unzstd
2026-10-02T07:53:25.9938409Z Cache restored successfully
2026-10-02T07:53:25.9999335Z Cache restored from key: node-cache-Linux-x64-npm-b660949991950745c13b9e79ac4e4a31392c8aad5e11947b2d3a07bda91b5807
2026-10-02T07:53:26.0188091Z ##[group]Run npm ci --ignore-scripts
2026-10-02T07:53:26.0188505Z [36;1mnpm ci --ignore-scripts[0m
2026-10-02T07:53:26.0477615Z shell: /usr/bin/bash -e {0}
2026-10-02T07:53:26.0478058Z env:
2026-10-02T07:53:26.0478540Z   JAVA_HOME: /opt/hostedtoolcache/Java_Temurin-Hotspot_jdk/21.0.12-1/x64
2026-10-02T07:53:26.0479291Z   JAVA_HOME_21_X64: /opt/hostedtoolcache/Java_Temurin-Hotspot_jdk/21.0.12-1/x64
2026-10-02T07:53:26.0479881Z   MAVEN_ARGS: -ntp
2026-10-02T07:53:26.0480239Z ##[endgroup]
2026-10-02T07:53:31.4584529Z npm warn deprecated tar@6.2.1: Old versions of tar are not supported, and contain widely publicized security vulnerabilities, which have been fixed in the current version. Please update. Support for old versions may be purchased (at exorbitant rates) by contacting i@izs.me
2026-10-02T07:53:31.5884204Z npm warn deprecated node-domexception@1.0.0: Use your platform's native DOMException instead
2026-10-02T07:53:31.8769508Z npm warn deprecated json-ptr@3.1.1: Package no longer supported. Contact Support at https://www.npmjs.com/support for more info.
2026-10-02T07:53:32.4269776Z npm warn deprecated uuid@8.3.2: uuid@10 and below is no longer supported.  For ESM codebases, update to uuid@latest.  For CommonJS codebases, use uuid@11 (but be aware this version will likely be deprecated in 2028).
2026-10-02T07:53:32.5665718Z npm warn deprecated uuid@9.0.1: uuid@10 and below is no longer supported.  For ESM codebases, update to uuid@latest.  For CommonJS codebases, use uuid@11 (but be aware this version will likely be deprecated in 2028).
2026-10-02T07:53:32.7547629Z npm warn deprecated glob@10.5.0: Old versions of glob are not supported, and contain widely publicized security vulnerabilities, which have been fixed in the current version. Please update. Support for old versions may be purchased (at exorbitant rates) by contacting i@izs.me
2026-10-02T07:53:40.9025056Z 
2026-10-02T07:53:40.9025976Z added 844 packages, and audited 845 packages in 15s
2026-10-02T07:53:40.9026743Z 
2026-10-02T07:53:40.9027604Z 100 packages are looking for funding
2026-10-02T07:53:40.9028190Z   run `npm fund` for details
2026-10-02T07:53:41.3355454Z 
2026-10-02T07:53:41.3356775Z 19 vulnerabilities (6 moderate, 11 high, 2 critical)
2026-10-02T07:53:41.3357528Z 
2026-10-02T07:53:41.3358091Z To address issues that do not require attention, run:
2026-10-02T07:53:41.3358788Z   npm audit fix
2026-10-02T07:53:41.3359041Z 
2026-10-02T07:53:41.3359475Z To address all issues (including breaking changes), run:
2026-10-02T07:53:41.3360267Z   npm audit fix --force
2026-10-02T07:53:41.3360597Z 
2026-10-02T07:53:41.3360867Z Run `npm audit` for details.
2026-10-02T07:53:41.4512141Z ##[group]Run npx playwright install --with-deps chromium
2026-10-02T07:53:41.4512675Z [36;1mnpx playwright install --with-deps chromium[0m
2026-10-02T07:53:41.4580095Z shell: /usr/bin/bash -e {0}
2026-10-02T07:53:41.4580403Z env:
2026-10-02T07:53:41.4580757Z   JAVA_HOME: /opt/hostedtoolcache/Java_Temurin-Hotspot_jdk/21.0.12-1/x64
2026-10-02T07:53:41.4581338Z   JAVA_HOME_21_X64: /opt/hostedtoolcache/Java_Temurin-Hotspot_jdk/21.0.12-1/x64
2026-10-02T07:53:41.4581780Z   MAVEN_ARGS: -ntp
2026-10-02T07:53:41.4582027Z ##[endgroup]
2026-10-02T07:53:42.3508020Z Installing dependencies...
2026-10-02T07:53:42.3604519Z Switching to root user to install dependencies...
2026-10-02T07:53:42.4894545Z Get:1 file:/etc/apt/apt-mirrors.txt Mirrorlist [144 B]
2026-10-02T07:53:42.5255096Z Get:6 https://packages.microsoft.com/ubuntu/24.04/prod noble InRelease [3600 B]
2026-10-02T07:53:42.5418785Z Hit:2 http://azure.archive.ubuntu.com/ubuntu noble InRelease
2026-10-02T07:53:42.5447132Z Get:3 http://azure.archive.ubuntu.com/ubuntu noble-updates InRelease [126 kB]
2026-10-02T07:53:42.5504801Z Get:4 http://azure.archive.ubuntu.com/ubuntu noble-backports InRelease [126 kB]
2026-10-02T07:53:42.5524779Z Get:5 http://azure.archive.ubuntu.com/ubuntu noble-security InRelease [126 kB]
2026-10-02T07:53:42.6403934Z Get:7 https://packages.microsoft.com/ubuntu/24.04/prod noble/main armhf Packages [12.6 kB]
2026-10-02T07:53:42.6520291Z Get:8 https://packages.microsoft.com/ubuntu/24.04/prod noble/main arm64 Packages [458 kB]
2026-10-02T07:53:42.6615664Z Get:9 https://packages.microsoft.com/ubuntu/24.04/prod noble/main amd64 Packages [510 kB]
2026-10-02T07:53:42.7575210Z Get:10 http://azure.archive.ubuntu.com/ubuntu noble-updates/main amd64 Packages [1364 kB]
2026-10-02T07:53:42.7733869Z Get:11 http://azure.archive.ubuntu.com/ubuntu noble-updates/main Translation-en [304 kB]
2026-10-02T07:53:42.7735785Z Get:12 http://azure.archive.ubuntu.com/ubuntu noble-updates/main amd64 Components [180 kB]
2026-10-02T07:53:42.7775611Z Get:13 http://azure.archive.ubuntu.com/ubuntu noble-updates/universe amd64 Packages [1699 kB]
2026-10-02T07:53:42.7848123Z Get:14 http://azure.archive.ubuntu.com/ubuntu noble-updates/universe Translation-en [341 kB]
2026-10-02T07:53:42.7857210Z Get:15 http://azure.archive.ubuntu.com/ubuntu noble-updates/universe amd64 Components [388 kB]
2026-10-02T07:53:42.7883822Z Get:16 http://azure.archive.ubuntu.com/ubuntu noble-updates/restricted amd64 Packages [1720 kB]
2026-10-02T07:53:42.7975450Z Get:17 http://azure.archive.ubuntu.com/ubuntu noble-updates/restricted Translation-en [394 kB]
2026-10-02T07:53:42.7997433Z Get:18 http://azure.archive.ubuntu.com/ubuntu noble-updates/multiverse amd64 Components [940 B]
2026-10-02T07:53:42.8385497Z Get:19 http://azure.archive.ubuntu.com/ubuntu noble-backports/main amd64 Components [5764 B]
2026-10-02T07:53:42.8885934Z Get:20 http://azure.archive.ubuntu.com/ubuntu noble-backports/universe amd64 Components [12.6 kB]
2026-10-02T07:53:42.8966969Z Get:21 http://azure.archive.ubuntu.com/ubuntu noble-security/main amd64 Packages [1069 kB]
2026-10-02T07:53:42.9024924Z Get:22 http://azure.archive.ubuntu.com/ubuntu noble-security/main Translation-en [221 kB]
2026-10-02T07:53:42.9042084Z Get:23 http://azure.archive.ubuntu.com/ubuntu noble-security/main amd64 Components [46.3 kB]
2026-10-02T07:53:42.9052436Z Get:24 http://azure.archive.ubuntu.com/ubuntu noble-security/universe amd64 Packages [1216 kB]
2026-10-02T07:53:42.9113300Z Get:25 http://azure.archive.ubuntu.com/ubuntu noble-security/universe Translation-en [244 kB]
2026-10-02T07:53:42.9129370Z Get:26 http://azure.archive.ubuntu.com/ubuntu noble-security/universe amd64 Components [76.3 kB]
2026-10-02T07:53:42.9142406Z Get:27 http://azure.archive.ubuntu.com/ubuntu noble-security/restricted amd64 Packages [1566 kB]
2026-10-02T07:53:42.9220564Z Get:28 http://azure.archive.ubuntu.com/ubuntu noble-security/restricted Translation-en [361 kB]
2026-10-02T07:53:47.8272870Z Fetched 12.6 MB in 1s (8691 kB/s)
2026-10-02T07:53:48.8998088Z Reading package lists...
2026-10-02T07:53:48.9249788Z Reading package lists...
2026-10-02T07:53:49.1960768Z Building dependency tree...
2026-10-02T07:53:49.1968768Z Reading state information...
2026-10-02T07:53:49.4097117Z libasound2t64 is already the newest version (1.2.11-1ubuntu0.3).
2026-10-02T07:53:49.4098042Z libasound2t64 set to manually installed.
2026-10-02T07:53:49.4098796Z libatk-bridge2.0-0t64 is already the newest version (2.52.0-1build1).
2026-10-02T07:53:49.4099487Z libatk-bridge2.0-0t64 set to manually installed.
2026-10-02T07:53:49.4100147Z libatk1.0-0t64 is already the newest version (2.52.0-1build1).
2026-10-02T07:53:49.4100743Z libatk1.0-0t64 set to manually installed.
2026-10-02T07:53:49.4101374Z libatspi2.0-0t64 is already the newest version (2.52.0-1build1).
2026-10-02T07:53:49.4102098Z libatspi2.0-0t64 set to manually installed.
2026-10-02T07:53:49.4102924Z libcairo2 is already the newest version (1.18.0-3build1).
2026-10-02T07:53:49.4105938Z libcairo2 set to manually installed.
2026-10-02T07:53:49.4107049Z libcups2t64 is already the newest version (2.4.7-1.2ubuntu7.14).
2026-10-02T07:53:49.4108025Z libcups2t64 set to manually installed.
2026-10-02T07:53:49.4108582Z libdbus-1-3 is already the newest version (1.14.10-4ubuntu4.1).
2026-10-02T07:53:49.4109088Z libdbus-1-3 set to manually installed.
2026-10-02T07:53:49.4109624Z libdrm2 is already the newest version (2.4.125-1ubuntu0.1~24.04.2).
2026-10-02T07:53:49.4110123Z libdrm2 set to manually installed.
2026-10-02T07:53:49.4110644Z libglib2.0-0t64 is already the newest version (2.80.0-6ubuntu3.9).
2026-10-02T07:53:49.4111350Z libglib2.0-0t64 set to manually installed.
2026-10-02T07:53:49.4111913Z libnspr4 is already the newest version (2:4.35-1.1build1).
2026-10-02T07:53:49.4112396Z libnspr4 set to manually installed.
2026-10-02T07:53:49.4113221Z libnss3 is already the newest version (2:3.98-1ubuntu0.2).
2026-10-02T07:53:49.4113715Z libnss3 set to manually installed.
2026-10-02T07:53:49.4114268Z libpango-1.0-0 is already the newest version (1.52.1+ds-1build1).
2026-10-02T07:53:49.4114795Z libpango-1.0-0 set to manually installed.
2026-10-02T07:53:49.4115300Z libx11-6 is already the newest version (2:1.8.7-1build1).
2026-10-02T07:53:49.4115772Z libx11-6 set to manually installed.
2026-10-02T07:53:49.4116230Z libxcb1 is already the newest version (1.15-1ubuntu2).
2026-10-02T07:53:49.4116677Z libxcb1 set to manually installed.
2026-10-02T07:53:49.4117207Z libxcomposite1 is already the newest version (1:0.4.5-1build3).
2026-10-02T07:53:49.4117707Z libxcomposite1 set to manually installed.
2026-10-02T07:53:49.4118131Z libxdamage1 is already the newest version (1:1.1.6-1build1).
2026-10-02T07:53:49.4118549Z libxdamage1 set to manually installed.
2026-10-02T07:53:49.4118964Z libxext6 is already the newest version (2:1.3.4-1build2).
2026-10-02T07:53:49.4119345Z libxext6 set to manually installed.
2026-10-02T07:53:49.4119747Z libxfixes3 is already the newest version (1:6.0.0-2build1).
2026-10-02T07:53:49.4120143Z libxfixes3 set to manually installed.
2026-10-02T07:53:49.4120561Z libxkbcommon0 is already the newest version (1.6.0-1build1).
2026-10-02T07:53:49.4120974Z libxkbcommon0 set to manually installed.
2026-10-02T07:53:49.4121379Z libxrandr2 is already the newest version (2:1.5.2-2build1).
2026-10-02T07:53:49.4121758Z libxrandr2 set to manually installed.
2026-10-02T07:53:49.4122172Z xvfb is already the newest version (2:21.1.12-1ubuntu1.8).
2026-10-02T07:53:49.4122714Z fonts-noto-color-emoji is already the newest version (2.047-0ubuntu0.24.04.1).
2026-10-02T07:53:49.4123413Z libfontconfig1 is already the newest version (2.15.0-1.1ubuntu2).
2026-10-02T07:53:49.4123843Z libfontconfig1 set to manually installed.
2026-10-02T07:53:49.4124285Z libfreetype6 is already the newest version (2.13.2+dfsg-1ubuntu0.1).
2026-10-02T07:53:49.4124711Z libfreetype6 set to manually installed.
2026-10-02T07:53:49.4125132Z fonts-liberation is already the newest version (1:2.1.5-3).
2026-10-02T07:53:49.4125546Z fonts-liberation set to manually installed.
2026-10-02T07:53:49.4126414Z The following additional packages will be installed:
2026-10-02T07:53:49.4126893Z   libgl1-mesa-dri libglx-mesa0 libwayland-server0 mesa-libgallium
2026-10-02T07:53:49.4127288Z   xfonts-encodings xfonts-utils
2026-10-02T07:53:49.4127565Z Recommended packages:
2026-10-02T07:53:49.4127855Z   fonts-ipafont-mincho fonts-tlwg-loma
2026-10-02T07:53:49.4389059Z The following NEW packages will be installed:
2026-10-02T07:53:49.4389953Z   fonts-freefont-ttf fonts-ipafont-gothic fonts-tlwg-loma-otf fonts-unifont
2026-10-02T07:53:49.4414694Z   fonts-wqy-zenhei libwayland-server0 xfonts-cyrillic xfonts-encodings
2026-10-02T07:53:49.4415373Z   xfonts-scalable xfonts-utils
2026-10-02T07:53:49.4427015Z The following packages will be upgraded:
2026-10-02T07:53:49.4438432Z   libgbm1 libgl1-mesa-dri libglx-mesa0 mesa-libgallium
2026-10-02T07:53:49.4680721Z 4 upgraded, 10 newly installed, 0 to remove and 21 not upgraded.
2026-10-02T07:53:49.4681887Z Need to get 32.1 MB of archives.
2026-10-02T07:53:49.8206371Z After this operation, 79.7 MB of additional disk space will be used.
2026-10-02T07:53:49.8207242Z Get:1 file:/etc/apt/apt-mirrors.txt Mirrorlist [144 B]
2026-10-02T07:53:49.8208338Z Get:2 http://azure.archive.ubuntu.com/ubuntu noble/universe amd64 fonts-ipafont-gothic all 00303-21ubuntu1 [3513 kB]
2026-10-02T07:53:51.3651119Z Get:3 http://azure.archive.ubuntu.com/ubuntu noble/main amd64 fonts-freefont-ttf all 20211204+svn4273-2 [5641 kB]
2026-10-02T07:53:51.7700107Z Get:4 http://azure.archive.ubuntu.com/ubuntu noble/universe amd64 fonts-tlwg-loma-otf all 1:0.7.3-1 [107 kB]
2026-10-02T07:53:51.9290113Z Get:5 http://azure.archive.ubuntu.com/ubuntu noble/universe amd64 fonts-unifont all 1:15.1.01-1build1 [2993 kB]
2026-10-02T07:53:52.1359007Z Get:6 http://azure.archive.ubuntu.com/ubuntu noble/universe amd64 fonts-wqy-zenhei all 0.9.45-8 [7472 kB]
2026-10-02T07:53:52.6268248Z Get:7 http://azure.archive.ubuntu.com/ubuntu noble-updates/main amd64 libgl1-mesa-dri amd64 25.2.8-0ubuntu0.24.04.3 [37.9 kB]
2026-10-02T07:53:52.7852321Z Get:8 http://azure.archive.ubuntu.com/ubuntu noble/main amd64 libwayland-server0 amd64 1.22.0-2.1build1 [33.9 kB]
2026-10-02T07:53:52.9430771Z Get:9 http://azure.archive.ubuntu.com/ubuntu noble-updates/main amd64 libglx-mesa0 amd64 25.2.8-0ubuntu0.24.04.3 [110 kB]
2026-10-02T07:53:53.1049453Z Get:10 http://azure.archive.ubuntu.com/ubuntu noble-updates/main amd64 libgbm1 amd64 25.2.8-0ubuntu0.24.04.3 [34.3 kB]
2026-10-02T07:53:53.2625896Z Get:11 http://azure.archive.ubuntu.com/ubuntu noble-updates/main amd64 mesa-libgallium amd64 25.2.8-0ubuntu0.24.04.3 [10.8 MB]
2026-10-02T07:53:53.9569392Z Get:12 http://azure.archive.ubuntu.com/ubuntu noble/main amd64 xfonts-encodings all 1:1.0.5-0ubuntu2 [578 kB]
2026-10-02T07:53:54.1416142Z Get:13 http://azure.archive.ubuntu.com/ubuntu noble/main amd64 xfonts-utils amd64 1:7.7+6build3 [94.4 kB]
2026-10-02T07:53:54.3025877Z Get:14 http://azure.archive.ubuntu.com/ubuntu noble/universe amd64 xfonts-cyrillic all 1:1.0.5+nmu1 [384 kB]
2026-10-02T07:53:54.4781246Z Get:15 http://azure.archive.ubuntu.com/ubuntu noble/main amd64 xfonts-scalable all 1:1.0.3-1.3 [304 kB]
2026-10-02T07:53:54.7981613Z Fetched 32.1 MB in 5s (6372 kB/s)
2026-10-02T07:53:54.9188519Z Selecting previously unselected package fonts-ipafont-gothic.
2026-10-02T07:53:54.9516720Z (Reading database ... 
2026-10-02T07:53:54.9517318Z (Reading database ... 5%
2026-10-02T07:53:54.9517671Z (Reading database ... 10%
2026-10-02T07:53:54.9517998Z (Reading database ... 15%
2026-10-02T07:53:54.9518311Z (Reading database ... 20%
2026-10-02T07:53:54.9518622Z (Reading database ... 25%
2026-10-02T07:53:54.9518931Z (Reading database ... 30%
2026-10-02T07:53:54.9519238Z (Reading database ... 35%
2026-10-02T07:53:54.9519542Z (Reading database ... 40%
2026-10-02T07:53:54.9519854Z (Reading database ... 45%
2026-10-02T07:53:54.9520159Z (Reading database ... 50%
2026-10-02T07:53:54.9563060Z (Reading database ... 55%
2026-10-02T07:53:55.0642334Z (Reading database ... 60%
2026-10-02T07:53:55.2690305Z (Reading database ... 65%
2026-10-02T07:53:55.4610222Z (Reading database ... 70%
2026-10-02T07:53:55.6667902Z (Reading database ... 75%
2026-10-02T07:53:55.8054483Z (Reading database ... 80%
2026-10-02T07:53:56.0124408Z (Reading database ... 85%
2026-10-02T07:53:56.2237511Z (Reading database ... 90%
2026-10-02T07:53:56.4199343Z (Reading database ... 95%
2026-10-02T07:53:56.4199871Z (Reading database ... 100%
2026-10-02T07:53:56.4200601Z (Reading database ... 202296 files and directories currently installed.)
2026-10-02T07:53:56.4248621Z Preparing to unpack .../00-fonts-ipafont-gothic_00303-21ubuntu1_all.deb ...
2026-10-02T07:53:56.4348305Z Unpacking fonts-ipafont-gothic (00303-21ubuntu1) ...
2026-10-02T07:53:56.6787385Z Selecting previously unselected package fonts-freefont-ttf.
2026-10-02T07:53:56.6920837Z Preparing to unpack .../01-fonts-freefont-ttf_20211204+svn4273-2_all.deb ...
2026-10-02T07:53:56.6928146Z Unpacking fonts-freefont-ttf (20211204+svn4273-2) ...
2026-10-02T07:53:56.7833652Z Selecting previously unselected package fonts-tlwg-loma-otf.
2026-10-02T07:53:56.7966388Z Preparing to unpack .../02-fonts-tlwg-loma-otf_1%3a0.7.3-1_all.deb ...
2026-10-02T07:53:56.7975360Z Unpacking fonts-tlwg-loma-otf (1:0.7.3-1) ...
2026-10-02T07:53:56.8210843Z Selecting previously unselected package fonts-unifont.
2026-10-02T07:53:56.8355449Z Preparing to unpack .../03-fonts-unifont_1%3a15.1.01-1build1_all.deb ...
2026-10-02T07:53:56.8365848Z Unpacking fonts-unifont (1:15.1.01-1build1) ...
2026-10-02T07:53:56.9510369Z Selecting previously unselected package fonts-wqy-zenhei.
2026-10-02T07:53:56.9647837Z Preparing to unpack .../04-fonts-wqy-zenhei_0.9.45-8_all.deb ...
2026-10-02T07:53:56.9760032Z Unpacking fonts-wqy-zenhei (0.9.45-8) ...
2026-10-02T07:53:57.4706125Z Preparing to unpack .../05-libgl1-mesa-dri_25.2.8-0ubuntu0.24.04.3_amd64.deb ...
2026-10-02T07:53:57.4869153Z Unpacking libgl1-mesa-dri:amd64 (25.2.8-0ubuntu0.24.04.3) over (25.2.8-0ubuntu0.24.04.2) ...
2026-10-02T07:53:57.5310926Z Selecting previously unselected package libwayland-server0:amd64.
2026-10-02T07:53:57.5452816Z Preparing to unpack .../06-libwayland-server0_1.22.0-2.1build1_amd64.deb ...
2026-10-02T07:53:57.5470048Z Unpacking libwayland-server0:amd64 (1.22.0-2.1build1) ...
2026-10-02T07:53:57.5843417Z Preparing to unpack .../07-libglx-mesa0_25.2.8-0ubuntu0.24.04.3_amd64.deb ...
2026-10-02T07:53:57.5867100Z Unpacking libglx-mesa0:amd64 (25.2.8-0ubuntu0.24.04.3) over (25.2.8-0ubuntu0.24.04.2) ...
2026-10-02T07:53:57.6269667Z Preparing to unpack .../08-libgbm1_25.2.8-0ubuntu0.24.04.3_amd64.deb ...
2026-10-02T07:53:57.6291632Z Unpacking libgbm1:amd64 (25.2.8-0ubuntu0.24.04.3) over (25.2.8-0ubuntu0.24.04.2) ...
2026-10-02T07:53:57.6713563Z Preparing to unpack .../09-mesa-libgallium_25.2.8-0ubuntu0.24.04.3_amd64.deb ...
2026-10-02T07:53:57.6739957Z Unpacking mesa-libgallium:amd64 (25.2.8-0ubuntu0.24.04.3) over (25.2.8-0ubuntu0.24.04.2) ...
2026-10-02T07:53:57.8561249Z Selecting previously unselected package xfonts-encodings.
2026-10-02T07:53:57.8692931Z Preparing to unpack .../10-xfonts-encodings_1%3a1.0.5-0ubuntu2_all.deb ...
2026-10-02T07:53:57.8699866Z Unpacking xfonts-encodings (1:1.0.5-0ubuntu2) ...
2026-10-02T07:53:57.9007945Z Selecting previously unselected package xfonts-utils.
2026-10-02T07:53:57.9138693Z Preparing to unpack .../11-xfonts-utils_1%3a7.7+6build3_amd64.deb ...
2026-10-02T07:53:57.9146775Z Unpacking xfonts-utils (1:7.7+6build3) ...
2026-10-02T07:53:57.9776372Z Selecting previously unselected package xfonts-cyrillic.
2026-10-02T07:53:57.9904237Z Preparing to unpack .../12-xfonts-cyrillic_1%3a1.0.5+nmu1_all.deb ...
2026-10-02T07:53:57.9911184Z Unpacking xfonts-cyrillic (1:1.0.5+nmu1) ...
2026-10-02T07:53:58.0243729Z Selecting previously unselected package xfonts-scalable.
2026-10-02T07:53:58.0372496Z Preparing to unpack .../13-xfonts-scalable_1%3a1.0.3-1.3_all.deb ...
2026-10-02T07:53:58.0379514Z Unpacking xfonts-scalable (1:1.0.3-1.3) ...
2026-10-02T07:53:58.0856938Z Setting up libwayland-server0:amd64 (1.22.0-2.1build1) ...
2026-10-02T07:53:58.0887440Z Setting up mesa-libgallium:amd64 (25.2.8-0ubuntu0.24.04.3) ...
2026-10-02T07:53:58.0906779Z Setting up libgbm1:amd64 (25.2.8-0ubuntu0.24.04.3) ...
2026-10-02T07:53:58.0925930Z Setting up libgl1-mesa-dri:amd64 (25.2.8-0ubuntu0.24.04.3) ...
2026-10-02T07:53:58.1006142Z Setting up fonts-wqy-zenhei (0.9.45-8) ...
2026-10-02T07:53:58.1123629Z Setting up fonts-freefont-ttf (20211204+svn4273-2) ...
2026-10-02T07:53:58.1141136Z Setting up fonts-tlwg-loma-otf (1:0.7.3-1) ...
2026-10-02T07:53:58.1159074Z Setting up xfonts-encodings (1:1.0.5-0ubuntu2) ...
2026-10-02T07:53:58.1176866Z Setting up fonts-ipafont-gothic (00303-21ubuntu1) ...
2026-10-02T07:53:58.1247544Z update-alternatives: using /usr/share/fonts/opentype/ipafont-gothic/ipag.ttf to provide /usr/share/fonts/truetype/fonts-japanese-gothic.ttf (fonts-japanese-gothic.ttf) in auto mode
2026-10-02T07:53:58.1263758Z Setting up fonts-unifont (1:15.1.01-1build1) ...
2026-10-02T07:53:58.1281042Z Setting up libglx-mesa0:amd64 (25.2.8-0ubuntu0.24.04.3) ...
2026-10-02T07:53:58.1299361Z Setting up xfonts-utils (1:7.7+6build3) ...
2026-10-02T07:53:58.1340374Z Setting up xfonts-cyrillic (1:1.0.5+nmu1) ...
2026-10-02T07:53:58.1734268Z Setting up xfonts-scalable (1:1.0.3-1.3) ...
2026-10-02T07:53:58.2039145Z Processing triggers for libc-bin (2.39-0ubuntu8.9) ...
2026-10-02T07:53:58.2403973Z Processing triggers for man-db (2.12.0-4build2) ...
2026-10-02T07:53:58.2428802Z Not building database; man-db/auto-update is not 'true'.
2026-10-02T07:53:58.2445618Z Processing triggers for fontconfig (2.15.0-1.1ubuntu2) ...
2026-10-02T07:53:59.0456176Z 
2026-10-02T07:53:59.0457135Z Running kernel seems to be up-to-date.
2026-10-02T07:53:59.0457679Z 
2026-10-02T07:53:59.0458052Z No services need to be restarted.
2026-10-02T07:53:59.0458402Z 
2026-10-02T07:53:59.0458625Z No containers need to be restarted.
2026-10-02T07:53:59.0458879Z 
2026-10-02T07:53:59.0459139Z No user sessions are running outdated binaries.
2026-10-02T07:53:59.0459443Z 
2026-10-02T07:53:59.0459880Z No VM guests are running outdated hypervisor (qemu) binaries on this host.
2026-10-02T07:54:00.2335046Z Downloading Chrome for Testing 151.0.7922.34 (playwright chromium v1234) from https://cdn.playwright.dev/builds/cft/151.0.7922.34/linux64/chrome-linux64.zip
2026-10-02T07:54:01.2685058Z |                                                                                |   0% of 184.3 MiB
2026-10-02T07:54:01.4178407Z |■■■■■■■■                                                                        |  10% of 184.3 MiB
2026-10-02T07:54:01.5220548Z |■■■■■■■■■■■■■■■■                                                                |  20% of 184.3 MiB
2026-10-02T07:54:01.6102674Z |■■■■■■■■■■■■■■■■■■■■■■■■                                                        |  30% of 184.3 MiB
2026-10-02T07:54:01.7044575Z |■■■■■■■■■■■■■■■■■■■■■■■■■■■■■■■■                                                |  40% of 184.3 MiB
2026-10-02T07:54:01.8153793Z |■■■■■■■■■■■■■■■■■■■■■■■■■■■■■■■■■■■■■■■■                                        |  50% of 184.3 MiB
2026-10-02T07:54:01.9348075Z |■■■■■■■■■■■■■■■■■■■■■■■■■■■■■■■■■■■■■■■■■■■■■■■■                                |  60% of 184.3 MiB
2026-10-02T07:54:02.0479739Z |■■■■■■■■■■■■■■■■■■■■■■■■■■■■■■■■■■■■■■■■■■■■■■■■■■■■■■■■                        |  70% of 184.3 MiB
2026-10-02T07:54:02.1706217Z |■■■■■■■■■■■■■■■■■■■■■■■■■■■■■■■■■■■■■■■■■■■■■■■■■■■■■■■■■■■■■■■■                |  80% of 184.3 MiB
2026-10-02T07:54:02.2855138Z |■■■■■■■■■■■■■■■■■■■■■■■■■■■■■■■■■■■■■■■■■■■■■■■■■■■■■■■■■■■■■■■■■■■■■■■■        |  90% of 184.3 MiB
2026-10-02T07:54:02.3925042Z |■■■■■■■■■■■■■■■■■■■■■■■■■■■■■■■■■■■■■■■■■■■■■■■■■■■■■■■■■■■■■■■■■■■■■■■■■■■■■■■■| 100% of 184.3 MiB
2026-10-02T07:54:05.1925599Z Chrome for Testing 151.0.7922.34 (playwright chromium v1234) downloaded to /home/runner/.cache/ms-playwright/chromium-1234
2026-10-02T07:54:05.1929749Z Downloading FFmpeg (playwright ffmpeg v1011) from https://cdn.playwright.dev/dbazure/download/playwright/builds/ffmpeg/1011/ffmpeg-linux.zip
2026-10-02T07:54:06.1870978Z |                                                                                |   0% of 2.3 MiB
2026-10-02T07:54:06.1910552Z |■■■■■■■■                                                                        |  10% of 2.3 MiB
2026-10-02T07:54:06.1941773Z |■■■■■■■■■■■■■■■■                                                                |  20% of 2.3 MiB
2026-10-02T07:54:06.1968882Z |■■■■■■■■■■■■■■■■■■■■■■■■                                                        |  30% of 2.3 MiB
2026-10-02T07:54:06.1989571Z |■■■■■■■■■■■■■■■■■■■■■■■■■■■■■■■■                                                |  40% of 2.3 MiB
2026-10-02T07:54:06.2009496Z |■■■■■■■■■■■■■■■■■■■■■■■■■■■■■■■■■■■■■■■■                                        |  50% of 2.3 MiB
2026-10-02T07:54:06.2028996Z |■■■■■■■■■■■■■■■■■■■■■■■■■■■■■■■■■■■■■■■■■■■■■■■■                                |  60% of 2.3 MiB
2026-10-02T07:54:06.2045696Z |■■■■■■■■■■■■■■■■■■■■■■■■■■■■■■■■■■■■■■■■■■■■■■■■■■■■■■■■                        |  70% of 2.3 MiB
2026-10-02T07:54:06.2061561Z |■■■■■■■■■■■■■■■■■■■■■■■■■■■■■■■■■■■■■■■■■■■■■■■■■■■■■■■■■■■■■■■■                |  80% of 2.3 MiB
2026-10-02T07:54:06.2076407Z |■■■■■■■■■■■■■■■■■■■■■■■■■■■■■■■■■■■■■■■■■■■■■■■■■■■■■■■■■■■■■■■■■■■■■■■■        |  90% of 2.3 MiB
2026-10-02T07:54:06.2088253Z |■■■■■■■■■■■■■■■■■■■■■■■■■■■■■■■■■■■■■■■■■■■■■■■■■■■■■■■■■■■■■■■■■■■■■■■■■■■■■■■■| 100% of 2.3 MiB
2026-10-02T07:54:06.2709846Z FFmpeg (playwright ffmpeg v1011) downloaded to /home/runner/.cache/ms-playwright/ffmpeg-1011
2026-10-02T07:54:06.2712471Z Downloading Chrome Headless Shell 151.0.7922.34 (playwright chromium-headless-shell v1234) from https://cdn.playwright.dev/builds/cft/151.0.7922.34/linux64/chrome-headless-shell-linux64.zip
2026-10-02T07:54:07.3129895Z |                                                                                |   0% of 114.7 MiB
2026-10-02T07:54:07.4291376Z |■■■■■■■■                                                                        |  10% of 114.7 MiB
2026-10-02T07:54:07.4863554Z |■■■■■■■■■■■■■■■■                                                                |  20% of 114.7 MiB
2026-10-02T07:54:07.5467763Z |■■■■■■■■■■■■■■■■■■■■■■■■                                                        |  30% of 114.7 MiB
2026-10-02T07:54:07.6040804Z |■■■■■■■■■■■■■■■■■■■■■■■■■■■■■■■■                                                |  40% of 114.7 MiB
2026-10-02T07:54:07.6559535Z |■■■■■■■■■■■■■■■■■■■■■■■■■■■■■■■■■■■■■■■■                                        |  50% of 114.7 MiB
2026-10-02T07:54:07.7078112Z |■■■■■■■■■■■■■■■■■■■■■■■■■■■■■■■■■■■■■■■■■■■■■■■■                                |  60% of 114.7 MiB
2026-10-02T07:54:07.7628258Z |■■■■■■■■■■■■■■■■■■■■■■■■■■■■■■■■■■■■■■■■■■■■■■■■■■■■■■■■                        |  70% of 114.7 MiB
2026-10-02T07:54:07.8162067Z |■■■■■■■■■■■■■■■■■■■■■■■■■■■■■■■■■■■■■■■■■■■■■■■■■■■■■■■■■■■■■■■■                |  80% of 114.7 MiB
2026-10-02T07:54:07.8861746Z |■■■■■■■■■■■■■■■■■■■■■■■■■■■■■■■■■■■■■■■■■■■■■■■■■■■■■■■■■■■■■■■■■■■■■■■■        |  90% of 114.7 MiB
2026-10-02T07:54:07.9534392Z |■■■■■■■■■■■■■■■■■■■■■■■■■■■■■■■■■■■■■■■■■■■■■■■■■■■■■■■■■■■■■■■■■■■■■■■■■■■■■■■■| 100% of 114.7 MiB
2026-10-02T07:54:09.9446445Z Chrome Headless Shell 151.0.7922.34 (playwright chromium-headless-shell v1234) downloaded to /home/runner/.cache/ms-playwright/chromium_headless_shell-1234
2026-10-02T07:54:09.9706400Z ##[group]Run npm test
2026-10-02T07:54:09.9706689Z [36;1mnpm test[0m
2026-10-02T07:54:09.9772257Z shell: /usr/bin/bash -e {0}
2026-10-02T07:54:09.9772522Z env:
2026-10-02T07:54:09.9772843Z   JAVA_HOME: /opt/hostedtoolcache/Java_Temurin-Hotspot_jdk/21.0.12-1/x64
2026-10-02T07:54:09.9773559Z   JAVA_HOME_21_X64: /opt/hostedtoolcache/Java_Temurin-Hotspot_jdk/21.0.12-1/x64
2026-10-02T07:54:09.9773972Z   MAVEN_ARGS: -ntp
2026-10-02T07:54:09.9774193Z ##[endgroup]
2026-10-02T07:54:10.0953065Z 
2026-10-02T07:54:10.0954258Z > sunny-acres-firestore-rules-tests@1.0.0 test
2026-10-02T07:54:10.0956262Z > firebase emulators:exec --only firestore,auth --project demo-sunny-acres "node --test tests/rules.test.mjs && node tests/flows.browser.cjs && node tests/recovery.browser.cjs"
2026-10-02T07:54:10.0957577Z 
2026-10-02T07:54:12.9469768Z [36m[1mi  emulators:[22m[39m Starting emulators: auth, firestore
2026-10-02T07:54:12.9472152Z [36m[1mi  emulators:[22m[39m Detected demo project ID "demo-sunny-acres", emulated services will use a demo configuration and attempts to access non-emulated services for this project will fail.
2026-10-02T07:54:12.9588003Z [33m[1m⚠ [22m[39m It appears you are running in a CI environment. You can avoid downloading the Firestore Emulator repeatedly by caching the /home/runner/.cache/firebase/emulators directory.
2026-10-02T07:54:12.9590401Z [36m[1mi  firestore:[22m[39m downloading cloud-firestore-emulator-v1.19.8.jar...
2026-10-02T07:54:13.4321349Z 
2026-10-02T07:54:13.6065751Z [36m[1mi  firestore:[22m[39m Firestore Emulator logging to [1mfirestore-debug.log[22m
2026-10-02T07:54:15.8200261Z [32m[1m✔  firestore:[22m[39m Firestore Emulator UI websocket is running on 9150.
2026-10-02T07:54:21.2389774Z [36m[1mi [22m[39m Running script: [1mnode --test tests/rules.test.mjs && node tests/flows.browser.cjs && node tests/recovery.browser.cjs[22m
2026-10-02T07:54:21.2855272Z TAP version 13
2026-10-02T07:54:23.7996696Z # Subtest: farms: owner saves, reads and updates with the revision transaction
2026-10-02T07:54:23.8002787Z ok 1 - farms: owner saves, reads and updates with the revision transaction
2026-10-02T07:54:23.8003917Z   ---
2026-10-02T07:54:23.8004351Z   duration_ms: 2317.177383
2026-10-02T07:54:23.8004730Z   type: 'test'
2026-10-02T07:54:23.8004961Z   ...
2026-10-02T07:54:23.9352841Z # Subtest: farms: a save from before revisions (no rev field) can still be updated
2026-10-02T07:54:23.9355109Z ok 2 - farms: a save from before revisions (no rev field) can still be updated
2026-10-02T07:54:23.9355817Z   ---
2026-10-02T07:54:23.9356391Z   duration_ms: 137.234949
2026-10-02T07:54:23.9356948Z   type: 'test'
2026-10-02T07:54:23.9357667Z   ...
2026-10-02T07:54:24.0995885Z # [2026-10-02T07:54:24.097Z]  @firebase/firestore: Firestore (11.10.0): GrpcConnection RPC 'Write' stream 0x3268e4d6 error. Code: 7 Message: 7 PERMISSION_DENIED: 
2026-10-02T07:54:24.1004438Z # false for 'create' @ L42, false for 'update' @ L42
2026-10-02T07:54:24.1400821Z # [2026-10-02T07:54:24.137Z]  @firebase/firestore: Firestore (11.10.0): GrpcConnection RPC 'Write' stream 0x3268e4d7 error. Code: 7 Message: 7 PERMISSION_DENIED: 
2026-10-02T07:54:24.1402238Z # false for 'create' @ L42, false for 'update' @ L42
2026-10-02T07:54:24.1626133Z # [2026-10-02T07:54:24.161Z]  @firebase/firestore: Firestore (11.10.0): GrpcConnection RPC 'Write' stream 0x3268e4d8 error. Code: 7 Message: 7 PERMISSION_DENIED: 
2026-10-02T07:54:24.1627836Z # false for 'delete' @ L48
2026-10-02T07:54:24.2150160Z # Subtest: farms: nobody else, and nobody signed out, can read or write
2026-10-02T07:54:24.2151923Z ok 3 - farms: nobody else, and nobody signed out, can read or write
2026-10-02T07:54:24.2164023Z   ---
2026-10-02T07:54:24.2164488Z   duration_ms: 279.846956
2026-10-02T07:54:24.2164959Z   type: 'test'
2026-10-02T07:54:24.2165341Z   ...
2026-10-02T07:54:24.2871841Z # [2026-10-02T07:54:24.285Z]  @firebase/firestore: Firestore (11.10.0): GrpcConnection RPC 'Write' stream 0x3268e4db error. Code: 7 Message: 7 PERMISSION_DENIED: 
2026-10-02T07:54:24.2874589Z # evaluation error at L42:32 for 'create' @ L42, evaluation error at L42:32 for 'update' @ L42, false for 'update' @ L42
2026-10-02T07:54:24.3146291Z # [2026-10-02T07:54:24.311Z]  @firebase/firestore: Firestore (11.10.0): GrpcConnection RPC 'Write' stream 0x3268e4dc error. Code: 7 Message: 7 PERMISSION_DENIED: 
2026-10-02T07:54:24.3155223Z # evaluation error at L42:32 for 'create' @ L42, evaluation error at L42:32 for 'update' @ L42, false for 'update' @ L42
2026-10-02T07:54:24.3330897Z # [2026-10-02T07:54:24.332Z]  @firebase/firestore: Firestore (11.10.0): GrpcConnection RPC 'Write' stream 0x3268e4dd error. Code: 7 Message: 7 PERMISSION_DENIED: 
2026-10-02T07:54:24.3332891Z # false for 'create' @ L42, false for 'update' @ L42
2026-10-02T07:54:24.3515153Z # [2026-10-02T07:54:24.350Z]  @firebase/firestore: Firestore (11.10.0): GrpcConnection RPC 'Write' stream 0x3268e4de error. Code: 7 Message: 7 PERMISSION_DENIED: 
2026-10-02T07:54:24.3517120Z # false for 'create' @ L42, false for 'update' @ L42
2026-10-02T07:54:24.4432535Z # [2026-10-02T07:54:24.442Z]  @firebase/firestore: Firestore (11.10.0): GrpcConnection RPC 'Write' stream 0x3268e4df error. Code: 7 Message: 7 PERMISSION_DENIED: 
2026-10-02T07:54:24.4434041Z # false for 'create' @ L42, false for 'update' @ L42
2026-10-02T07:54:24.4657777Z # Subtest: farms: rev must move forward by exactly one; shape and size are checked
2026-10-02T07:54:24.4670884Z ok 4 - farms: rev must move forward by exactly one; shape and size are checked
2026-10-02T07:54:24.4672175Z   ---
2026-10-02T07:54:24.4672809Z   duration_ms: 250.0387
2026-10-02T07:54:24.4675172Z   type: 'test'
2026-10-02T07:54:24.4675783Z   ...
2026-10-02T07:54:24.6058361Z # Subtest: farms: nobody can list or count farms, not even the owner (a count needs list, and list returns every save)
2026-10-02T07:54:24.6083569Z ok 5 - farms: nobody can list or count farms, not even the owner (a count needs list, and list returns every save)
2026-10-02T07:54:24.6084242Z   ---
2026-10-02T07:54:24.6084505Z   duration_ms: 140.052097
2026-10-02T07:54:24.6084765Z   type: 'test'
2026-10-02T07:54:24.6084989Z   ...
2026-10-02T07:54:25.4835176Z # Subtest: authorization matrix: get, list and count for every collection and role
2026-10-02T07:54:25.4836935Z ok 6 - authorization matrix: get, list and count for every collection and role
2026-10-02T07:54:25.4838012Z   ---
2026-10-02T07:54:25.4838447Z   duration_ms: 877.076471
2026-10-02T07:54:25.4838901Z   type: 'test'
2026-10-02T07:54:25.4839277Z   ...
2026-10-02T07:54:25.5776824Z # Subtest: owner check: documents that an unverified owner-email token is accepted (residual risk, see README)
2026-10-02T07:54:25.5778443Z ok 7 - owner check: documents that an unverified owner-email token is accepted (residual risk, see README)
2026-10-02T07:54:25.5780105Z   ---
2026-10-02T07:54:25.5780735Z   duration_ms: 94.890398
2026-10-02T07:54:25.5781165Z   type: 'test'
2026-10-02T07:54:25.5781511Z   ...
2026-10-02T07:54:25.6675404Z # [2026-10-02T07:54:25.666Z]  @firebase/firestore: Firestore (11.10.0): GrpcConnection RPC 'Write' stream 0x3268e515 error. Code: 7 Message: 7 PERMISSION_DENIED: 
2026-10-02T07:54:25.6694477Z # false for 'create' @ L55, false for 'update' @ L55
2026-10-02T07:54:25.6910006Z # [2026-10-02T07:54:25.690Z]  @firebase/firestore: Firestore (11.10.0): GrpcConnection RPC 'Write' stream 0x3268e516 error. Code: 7 Message: 7 PERMISSION_DENIED: 
2026-10-02T07:54:25.6934937Z # false for 'create' @ L55, false for 'update' @ L55
2026-10-02T07:54:25.7176720Z # [2026-10-02T07:54:25.716Z]  @firebase/firestore: Firestore (11.10.0): GrpcConnection RPC 'Write' stream 0x3268e517 error. Code: 7 Message: 7 PERMISSION_DENIED: 
2026-10-02T07:54:25.7177898Z # evaluation error at L55:32 for 'create' @ L55, evaluation error at L55:32 for 'update' @ L55, false for 'update' @ L55
2026-10-02T07:54:25.7435217Z # [2026-10-02T07:54:25.742Z]  @firebase/firestore: Firestore (11.10.0): GrpcConnection RPC 'Write' stream 0x3268e518 error. Code: 7 Message: 7 PERMISSION_DENIED: 
2026-10-02T07:54:25.7437543Z # evaluation error at L55:32 for 'create' @ L55, evaluation error at L55:32 for 'update' @ L55, false for 'update' @ L55
2026-10-02T07:54:25.8047394Z # Subtest: presence: heartbeat by its own player; only the owner reads it
2026-10-02T07:54:25.8048562Z ok 8 - presence: heartbeat by its own player; only the owner reads it
2026-10-02T07:54:25.8049205Z   ---
2026-10-02T07:54:25.8049540Z   duration_ms: 226.763715
2026-10-02T07:54:25.8049800Z   type: 'test'
2026-10-02T07:54:25.8050019Z   ...
2026-10-02T07:54:26.0002586Z # Subtest: usernames: claim, re-save, and rename all work through the game's transaction
2026-10-02T07:54:26.0004976Z ok 9 - usernames: claim, re-save, and rename all work through the game's transaction
2026-10-02T07:54:26.0006630Z   ---
2026-10-02T07:54:26.0007454Z   duration_ms: 194.362712
2026-10-02T07:54:26.0008400Z   type: 'test'
2026-10-02T07:54:26.0009254Z   ...
2026-10-02T07:54:26.0793645Z # [2026-10-02T07:54:26.078Z]  @firebase/firestore: Firestore (11.10.0): GrpcConnection RPC 'Write' stream 0x3268e52f error. Code: 7 Message: 7 PERMISSION_DENIED: 
2026-10-02T07:54:26.0800145Z # evaluation error at L87:24 for 'create' @ L87, evaluation error at L92:24 for 'update' @ L92, false for 'update' @ L92
2026-10-02T07:54:26.0952679Z # [2026-10-02T07:54:26.094Z]  @firebase/firestore: Firestore (11.10.0): GrpcConnection RPC 'Write' stream 0x3268e530 error. Code: 7 Message: 7 PERMISSION_DENIED: 
2026-10-02T07:54:26.0955460Z # evaluation error at L97:24 for 'delete' @ L97, false for 'delete' @ L97
2026-10-02T07:54:26.1145386Z # [2026-10-02T07:54:26.112Z]  @firebase/firestore: Firestore (11.10.0): GrpcConnection RPC 'Write' stream 0x3268e531 error. Code: 7 Message: 7 PERMISSION_DENIED: 
2026-10-02T07:54:26.1147797Z # evaluation error at L92:24 for 'update' @ L92, false for 'update' @ L92
2026-10-02T07:54:26.1508402Z # [2026-10-02T07:54:26.150Z]  @firebase/firestore: Firestore (11.10.0): GrpcConnection RPC 'Write' stream 0x3268e532 error. Code: 7 Message: 7 PERMISSION_DENIED: 
2026-10-02T07:54:26.1540335Z # false for 'create' @ L87, false for 'update' @ L92
2026-10-02T07:54:26.1860995Z # [2026-10-02T07:54:26.183Z]  @firebase/firestore: Firestore (11.10.0): GrpcConnection RPC 'Write' stream 0x3268e533 error. Code: 7 Message: 7 PERMISSION_DENIED: 
2026-10-02T07:54:26.1883911Z # evaluation error at L97:24 for 'delete' @ L97, false for 'delete' @ L97
2026-10-02T07:54:26.1885135Z # Subtest: usernames: a name somebody else has can't be taken or deleted
2026-10-02T07:54:26.1886263Z ok 10 - usernames: a name somebody else has can't be taken or deleted
2026-10-02T07:54:26.1887068Z   ---
2026-10-02T07:54:26.1887627Z   duration_ms: 186.138924
2026-10-02T07:54:26.1888247Z   type: 'test'
2026-10-02T07:54:26.1888784Z   ...
2026-10-02T07:54:26.2241912Z # [2026-10-02T07:54:26.222Z]  @firebase/firestore: Firestore (11.10.0): GrpcConnection RPC 'Write' stream 0x3268e534 error. Code: 7 Message: 7 PERMISSION_DENIED: 
2026-10-02T07:54:26.2285122Z # evaluation error at L87:24 for 'create' @ L87, evaluation error at L92:24 for 'update' @ L92, Service call error. Function: [getAfter], Argument: [path_value {
2026-10-02T07:54:26.2292695Z #   segments {
2026-10-02T07:54:26.2293773Z #     simple: "databases"
2026-10-02T07:54:26.2294384Z #   }
2026-10-02T07:54:26.2295020Z #   segments {
2026-10-02T07:54:26.2295635Z #     simple: "(default)"
2026-10-02T07:54:26.2296210Z #   }
2026-10-02T07:54:26.2296719Z #   segments {
2026-10-02T07:54:26.2297313Z #     simple: "documents"
2026-10-02T07:54:26.2297894Z #   }
2026-10-02T07:54:26.2298393Z #   segments {
2026-10-02T07:54:26.2298978Z #     simple: "players"
2026-10-02T07:54:26.2301053Z #   }
2026-10-02T07:54:26.2301599Z #   segments {
2026-10-02T07:54:26.2302190Z #     simple: "alice"
2026-10-02T07:54:26.2302748Z #   }
2026-10-02T07:54:26.2303507Z # }
2026-10-02T07:54:26.2304099Z # ]. for 'create' @ L87
2026-10-02T07:54:26.2373963Z # [2026-10-02T07:54:26.236Z]  @firebase/firestore: Firestore (11.10.0): GrpcConnection RPC 'Write' stream 0x3268e535 error. Code: 7 Message: 7 PERMISSION_DENIED: 
2026-10-02T07:54:26.2395128Z # evaluation error at L67:32 for 'create' @ L67, evaluation error at L67:32 for 'update' @ L67, Service call error. Function: [getAfter], Argument: [path_value {
2026-10-02T07:54:26.2396787Z #   segments {
2026-10-02T07:54:26.2397407Z #     simple: "databases"
2026-10-02T07:54:26.2398006Z #   }
2026-10-02T07:54:26.2398546Z #   segments {
2026-10-02T07:54:26.2399132Z #     simple: "(default)"
2026-10-02T07:54:26.2399681Z #   }
2026-10-02T07:54:26.2400174Z #   segments {
2026-10-02T07:54:26.2400756Z #     simple: "documents"
2026-10-02T07:54:26.2401324Z #   }
2026-10-02T07:54:26.2401840Z #   segments {
2026-10-02T07:54:26.2402410Z #     simple: "usernames"
2026-10-02T07:54:26.2402976Z #   }
2026-10-02T07:54:26.2403718Z #   segments {
2026-10-02T07:54:26.2404303Z #     simple: "ghost"
2026-10-02T07:54:26.2404846Z #   }
2026-10-02T07:54:26.2405339Z # }
2026-10-02T07:54:26.2405859Z # ]. for 'create' @ L67
2026-10-02T07:54:26.3065542Z # Subtest: usernames + players: both halves must agree, with a valid name
2026-10-02T07:54:26.3094446Z ok 11 - usernames + players: both halves must agree, with a valid name
2026-10-02T07:54:26.3095405Z   ---
2026-10-02T07:54:26.3095903Z   duration_ms: 121.127116
2026-10-02T07:54:26.3096492Z   type: 'test'
2026-10-02T07:54:26.3096973Z   ...
2026-10-02T07:54:26.4380856Z # [2026-10-02T07:54:26.437Z]  @firebase/firestore: Firestore (11.10.0): GrpcConnection RPC 'Write' stream 0x3268e541 error. Code: 7 Message: 7 PERMISSION_DENIED: 
2026-10-02T07:54:26.4404646Z # false for 'create' @ L67, false for 'update' @ L67
2026-10-02T07:54:26.4637409Z # [2026-10-02T07:54:26.459Z]  @firebase/firestore: Firestore (11.10.0): GrpcConnection RPC 'Write' stream 0x3268e542 error. Code: 7 Message: 7 PERMISSION_DENIED: 
2026-10-02T07:54:26.4654659Z # false for 'delete' @ L71
2026-10-02T07:54:26.4725542Z # [2026-10-02T07:54:26.471Z]  @firebase/firestore: Firestore (11.10.0): GrpcConnection RPC 'Write' stream 0x3268e543 error. Code: 7 Message: 7 PERMISSION_DENIED: 
2026-10-02T07:54:26.4731626Z # false for 'update' @ L67
2026-10-02T07:54:26.4738413Z # Subtest: players: profiles are readable and searchable by signed-in players only, writable by their owner only
2026-10-02T07:54:26.4741535Z ok 12 - players: profiles are readable and searchable by signed-in players only, writable by their owner only
2026-10-02T07:54:26.4742666Z   ---
2026-10-02T07:54:26.4743575Z   duration_ms: 167.461646
2026-10-02T07:54:26.4744198Z   type: 'test'
2026-10-02T07:54:26.4744721Z   ...
2026-10-02T07:54:26.5515208Z # [2026-10-02T07:54:26.550Z]  @firebase/firestore: Firestore (11.10.0): GrpcConnection RPC 'Write' stream 0x3268e547 error. Code: 7 Message: 7 PERMISSION_DENIED: 
2026-10-02T07:54:26.5528571Z # false for 'create' @ L76, false for 'update' @ L76
2026-10-02T07:54:26.5772755Z # [2026-10-02T07:54:26.576Z]  @firebase/firestore: Firestore (11.10.0): GrpcConnection RPC 'Write' stream 0x3268e549 error. Code: 7 Message: 7 PERMISSION_DENIED: 
2026-10-02T07:54:26.5775429Z # false for 'delete' @ L75
2026-10-02T07:54:26.5841393Z # [2026-10-02T07:54:26.583Z]  @firebase/firestore: Firestore (11.10.0): GrpcConnection RPC 'Write' stream 0x3268e544 error. Code: 7 Message: 7 PERMISSION_DENIED: 
2026-10-02T07:54:26.5843551Z # false for 'create' @ L76, false for 'update' @ L76
2026-10-02T07:54:26.5961090Z # [2026-10-02T07:54:26.594Z]  @firebase/firestore: Firestore (11.10.0): GrpcConnection RPC 'Write' stream 0x3268e54a error. Code: 7 Message: 7 PERMISSION_DENIED: 
2026-10-02T07:54:26.5963467Z # false for 'create' @ L76, false for 'update' @ L76
2026-10-02T07:54:26.6050286Z # [2026-10-02T07:54:26.604Z]  @firebase/firestore: Firestore (11.10.0): GrpcConnection RPC 'Write' stream 0x3268e54b error. Code: 7 Message: 7 PERMISSION_DENIED: 
2026-10-02T07:54:26.6052100Z # false for 'create' @ L76, false for 'update' @ L76
2026-10-02T07:54:26.6062154Z # Subtest: friends: your own list only
2026-10-02T07:54:26.6063356Z ok 13 - friends: your own list only
2026-10-02T07:54:26.6064151Z   ---
2026-10-02T07:54:26.6066545Z   duration_ms: 132.222979
2026-10-02T07:54:26.6067680Z   type: 'test'
2026-10-02T07:54:26.6068216Z   ...
2026-10-02T07:54:26.7154279Z # [2026-10-02T07:54:26.714Z]  @firebase/firestore: Firestore (11.10.0): GrpcConnection RPC 'Write' stream 0x3268e54f error. Code: 7 Message: 7 PERMISSION_DENIED: 
2026-10-02T07:54:26.7156507Z # false for 'create' @ L106, false for 'update' @ L106
2026-10-02T07:54:26.7430226Z # [2026-10-02T07:54:26.739Z]  @firebase/firestore: Firestore (11.10.0): GrpcConnection RPC 'Write' stream 0x3268e550 error. Code: 7 Message: 7 PERMISSION_DENIED: 
2026-10-02T07:54:26.7454255Z # false for 'delete' @ L114
2026-10-02T07:54:26.7715504Z # [2026-10-02T07:54:26.769Z]  @firebase/firestore: Firestore (11.10.0): GrpcConnection RPC 'Write' stream 0x3268e551 error. Code: 7 Message: 7 PERMISSION_DENIED: 
2026-10-02T07:54:26.7734690Z # false for 'create' @ L106, false for 'update' @ L106
2026-10-02T07:54:26.7993972Z # [2026-10-02T07:54:26.798Z]  @firebase/firestore: Firestore (11.10.0): GrpcConnection RPC 'Write' stream 0x3268e552 error. Code: 7 Message: 7 PERMISSION_DENIED: 
2026-10-02T07:54:26.8004787Z # false for 'create' @ L106, false for 'update' @ L106
2026-10-02T07:54:26.8335284Z # [2026-10-02T07:54:26.832Z]  @firebase/firestore: Firestore (11.10.0): GrpcConnection RPC 'Write' stream 0x3268e553 error. Code: 7 Message: 7 PERMISSION_DENIED: 
2026-10-02T07:54:26.8339297Z # false for 'create' @ L106, false for 'update' @ L106
2026-10-02T07:54:26.9278955Z # [2026-10-02T07:54:26.927Z]  @firebase/firestore: Firestore (11.10.0): GrpcConnection RPC 'Write' stream 0x3268e554 error. Code: 7 Message: 7 PERMISSION_DENIED: 
2026-10-02T07:54:26.9288471Z # false for 'create' @ L106, false for 'update' @ L106
2026-10-02T07:54:26.9537162Z # [2026-10-02T07:54:26.952Z]  @firebase/firestore: Firestore (11.10.0): GrpcConnection RPC 'Write' stream 0x3268e555 error. Code: 7 Message: 7 PERMISSION_DENIED: 
2026-10-02T07:54:26.9538949Z # false for 'create' @ L106, false for 'update' @ L106
2026-10-02T07:54:26.9547286Z # Subtest: showcase: publish your own, friends can visit, nobody can overwrite yours
2026-10-02T07:54:26.9548710Z ok 14 - showcase: publish your own, friends can visit, nobody can overwrite yours
2026-10-02T07:54:26.9549584Z   ---
2026-10-02T07:54:26.9550100Z   duration_ms: 348.47074
2026-10-02T07:54:26.9550674Z   type: 'test'
2026-10-02T07:54:26.9551170Z   ...
2026-10-02T07:54:27.0806749Z # [2026-10-02T07:54:27.079Z]  @firebase/firestore: Firestore (11.10.0): GrpcConnection RPC 'Write' stream 0x3268e55b error. Code: 7 Message: 7 PERMISSION_DENIED: 
2026-10-02T07:54:27.0808380Z # false for 'delete' @ L120
2026-10-02T07:54:27.1039985Z # [2026-10-02T07:54:27.102Z]  @firebase/firestore: Firestore (11.10.0): GrpcConnection RPC 'Write' stream 0x3268e55c error. Code: 7 Message: 7 PERMISSION_DENIED: 
2026-10-02T07:54:27.1056048Z # false for 'update' @ L129
2026-10-02T07:54:27.1240667Z # [2026-10-02T07:54:27.123Z]  @firebase/firestore: Firestore (11.10.0): GrpcConnection RPC 'Write' stream 0x3268e55d error. Code: 7 Message: 7 PERMISSION_DENIED: 
2026-10-02T07:54:27.1242844Z # false for 'create' @ L121, false for 'update' @ L129
2026-10-02T07:54:27.1256081Z # Subtest: help: a friend waters your crops; only you read and clear the notes
2026-10-02T07:54:27.1266318Z ok 15 - help: a friend waters your crops; only you read and clear the notes
2026-10-02T07:54:27.1267351Z   ---
2026-10-02T07:54:27.1267916Z   duration_ms: 170.426476
2026-10-02T07:54:27.1268495Z   type: 'test'
2026-10-02T07:54:27.1269029Z   ...
2026-10-02T07:54:27.1521028Z # [2026-10-02T07:54:27.150Z]  @firebase/firestore: Firestore (11.10.0): GrpcConnection RPC 'Write' stream 0x3268e55e error. Code: 7 Message: 7 PERMISSION_DENIED: 
2026-10-02T07:54:27.1523381Z # false for 'create' @ L121, false for 'update' @ L129
2026-10-02T07:54:27.1623844Z # [2026-10-02T07:54:27.160Z]  @firebase/firestore: Firestore (11.10.0): GrpcConnection RPC 'Write' stream 0x3268e55f error. Code: 7 Message: 7 PERMISSION_DENIED: 
2026-10-02T07:54:27.1626165Z # false for 'create' @ L121, false for 'update' @ L129
2026-10-02T07:54:27.1811361Z # [2026-10-02T07:54:27.180Z]  @firebase/firestore: Firestore (11.10.0): GrpcConnection RPC 'Write' stream 0x3268e560 error. Code: 7 Message: 7 PERMISSION_DENIED: 
2026-10-02T07:54:27.1813598Z # false for 'create' @ L121, false for 'update' @ L129
2026-10-02T07:54:27.1908963Z # [2026-10-02T07:54:27.189Z]  @firebase/firestore: Firestore (11.10.0): GrpcConnection RPC 'Write' stream 0x3268e561 error. Code: 7 Message: 7 PERMISSION_DENIED: 
2026-10-02T07:54:27.1911222Z # false for 'create' @ L121, false for 'update' @ L129
2026-10-02T07:54:27.1993393Z # [2026-10-02T07:54:27.198Z]  @firebase/firestore: Firestore (11.10.0): GrpcConnection RPC 'Write' stream 0x3268e562 error. Code: 7 Message: 7 PERMISSION_DENIED: 
2026-10-02T07:54:27.1998009Z # false for 'create' @ L121, false for 'update' @ L129
2026-10-02T07:54:27.2080723Z # [2026-10-02T07:54:27.207Z]  @firebase/firestore: Firestore (11.10.0): GrpcConnection RPC 'Write' stream 0x3268e563 error. Code: 7 Message: 7 PERMISSION_DENIED: 
2026-10-02T07:54:27.2085134Z # false for 'create' @ L121, false for 'update' @ L129
2026-10-02T07:54:27.2170682Z # [2026-10-02T07:54:27.216Z]  @firebase/firestore: Firestore (11.10.0): GrpcConnection RPC 'Write' stream 0x3268e564 error. Code: 7 Message: 7 PERMISSION_DENIED: 
2026-10-02T07:54:27.2183698Z # false for 'create' @ L121, false for 'update' @ L129
2026-10-02T07:54:27.2184984Z # Subtest: help: no forged senders, self-help or oversized notes
2026-10-02T07:54:27.2186175Z ok 16 - help: no forged senders, self-help or oversized notes
2026-10-02T07:54:27.2186980Z   ---
2026-10-02T07:54:27.2187485Z   duration_ms: 92.989309
2026-10-02T07:54:27.2188044Z   type: 'test'
2026-10-02T07:54:27.2188529Z   ...
2026-10-02T07:54:27.3321467Z # Subtest: market: list, buy, collect: the whole trading-post flow from friends.js
2026-10-02T07:54:27.3343308Z ok 17 - market: list, buy, collect: the whole trading-post flow from friends.js
2026-10-02T07:54:27.3347308Z   ---
2026-10-02T07:54:27.3347759Z   duration_ms: 113.185957
2026-10-02T07:54:27.3348199Z   type: 'test'
2026-10-02T07:54:27.3348551Z   ...
2026-10-02T07:54:27.3762423Z # [2026-10-02T07:54:27.374Z]  @firebase/firestore: Firestore (11.10.0): GrpcConnection RPC 'Write' stream 0x3268e56d error. Code: 7 Message: 7 PERMISSION_DENIED: 
2026-10-02T07:54:27.3764392Z # evaluation error at L158:24 for 'delete' @ L158, false for 'delete' @ L158
2026-10-02T07:54:27.4003810Z # [2026-10-02T07:54:27.399Z]  @firebase/firestore: Firestore (11.10.0): GrpcConnection RPC 'Write' stream 0x3268e56e error. Code: 7 Message: 7 PERMISSION_DENIED: 
2026-10-02T07:54:27.4005671Z # false for 'delete' @ L158
2026-10-02T07:54:27.4543776Z # [2026-10-02T07:54:27.453Z]  @firebase/firestore: Firestore (11.10.0): GrpcConnection RPC 'Write' stream 0x3268e571 error. Code: 7 Message: 7 PERMISSION_DENIED: 
2026-10-02T07:54:27.4546484Z # evaluation error at L158:24 for 'delete' @ L158, false for 'delete' @ L158
2026-10-02T07:54:27.4555844Z # Subtest: market: the seller can take back an unsold listing; nobody else can delete one
2026-10-02T07:54:27.4557318Z ok 18 - market: the seller can take back an unsold listing; nobody else can delete one
2026-10-02T07:54:27.4558301Z   ---
2026-10-02T07:54:27.4558865Z   duration_ms: 123.701849
2026-10-02T07:54:27.4559427Z   type: 'test'
2026-10-02T07:54:27.4559907Z   ...
2026-10-02T07:54:27.4832628Z # [2026-10-02T07:54:27.482Z]  @firebase/firestore: Firestore (11.10.0): GrpcConnection RPC 'Write' stream 0x3268e572 error. Code: 7 Message: 7 PERMISSION_DENIED: 
2026-10-02T07:54:27.4834286Z # false for 'create' @ L139, false for 'update' @ L150
2026-10-02T07:54:27.4922464Z # [2026-10-02T07:54:27.491Z]  @firebase/firestore: Firestore (11.10.0): GrpcConnection RPC 'Write' stream 0x3268e573 error. Code: 7 Message: 7 PERMISSION_DENIED: 
2026-10-02T07:54:27.4924648Z # false for 'create' @ L139, false for 'update' @ L150
2026-10-02T07:54:27.5110011Z # [2026-10-02T07:54:27.509Z]  @firebase/firestore: Firestore (11.10.0): GrpcConnection RPC 'Write' stream 0x3268e574 error. Code: 7 Message: 7 PERMISSION_DENIED: 
2026-10-02T07:54:27.5112319Z # false for 'create' @ L139, false for 'update' @ L150
2026-10-02T07:54:27.5234265Z # [2026-10-02T07:54:27.522Z]  @firebase/firestore: Firestore (11.10.0): GrpcConnection RPC 'Write' stream 0x3268e575 error. Code: 7 Message: 7 PERMISSION_DENIED: 
2026-10-02T07:54:27.5235327Z # false for 'create' @ L139, evaluation error at L150:24 for 'update' @ L150, false for 'create' @ L139
2026-10-02T07:54:27.5310484Z # [2026-10-02T07:54:27.530Z]  @firebase/firestore: Firestore (11.10.0): GrpcConnection RPC 'Write' stream 0x3268e576 error. Code: 7 Message: 7 PERMISSION_DENIED: 
2026-10-02T07:54:27.5311364Z # false for 'create' @ L139, false for 'update' @ L150
2026-10-02T07:54:27.5369382Z # [2026-10-02T07:54:27.536Z]  @firebase/firestore: Firestore (11.10.0): GrpcConnection RPC 'Write' stream 0x3268e577 error. Code: 7 Message: 7 PERMISSION_DENIED: 
2026-10-02T07:54:27.5370946Z # false for 'create' @ L139, false for 'update' @ L150
2026-10-02T07:54:27.5469719Z # [2026-10-02T07:54:27.545Z]  @firebase/firestore: Firestore (11.10.0): GrpcConnection RPC 'Write' stream 0x3268e578 error. Code: 7 Message: 7 PERMISSION_DENIED: 
2026-10-02T07:54:27.5494008Z # false for 'create' @ L139, false for 'update' @ L150
2026-10-02T07:54:27.5561175Z # [2026-10-02T07:54:27.555Z]  @firebase/firestore: Firestore (11.10.0): GrpcConnection RPC 'Write' stream 0x3268e579 error. Code: 7 Message: 7 PERMISSION_DENIED: 
2026-10-02T07:54:27.5562618Z # false for 'create' @ L139, false for 'update' @ L150
2026-10-02T07:54:27.5642688Z # [2026-10-02T07:54:27.563Z]  @firebase/firestore: Firestore (11.10.0): GrpcConnection RPC 'Write' stream 0x3268e57a error. Code: 7 Message: 7 PERMISSION_DENIED: 
2026-10-02T07:54:27.5646419Z # false for 'create' @ L139, false for 'update' @ L150
2026-10-02T07:54:27.5725537Z # [2026-10-02T07:54:27.571Z]  @firebase/firestore: Firestore (11.10.0): GrpcConnection RPC 'Write' stream 0x3268e57b error. Code: 7 Message: 7 PERMISSION_DENIED: 
2026-10-02T07:54:27.5727023Z # false for 'create' @ L139, false for 'update' @ L150
2026-10-02T07:54:27.5826822Z # [2026-10-02T07:54:27.582Z]  @firebase/firestore: Firestore (11.10.0): GrpcConnection RPC 'Write' stream 0x3268e57c error. Code: 7 Message: 7 PERMISSION_DENIED: 
2026-10-02T07:54:27.5828289Z # false for 'create' @ L139, false for 'update' @ L150
2026-10-02T07:54:27.5904448Z # [2026-10-02T07:54:27.589Z]  @firebase/firestore: Firestore (11.10.0): GrpcConnection RPC 'Write' stream 0x3268e57d error. Code: 7 Message: 7 PERMISSION_DENIED: 
2026-10-02T07:54:27.5906425Z # false for 'create' @ L139, false for 'update' @ L150
2026-10-02T07:54:27.5982218Z # [2026-10-02T07:54:27.597Z]  @firebase/firestore: Firestore (11.10.0): GrpcConnection RPC 'Write' stream 0x3268e57e error. Code: 7 Message: 7 PERMISSION_DENIED: 
2026-10-02T07:54:27.5984207Z # false for 'create' @ L139, false for 'update' @ L150
2026-10-02T07:54:27.6051579Z # [2026-10-02T07:54:27.604Z]  @firebase/firestore: Firestore (11.10.0): GrpcConnection RPC 'Write' stream 0x3268e57f error. Code: 7 Message: 7 PERMISSION_DENIED: 
2026-10-02T07:54:27.6053028Z # false for 'create' @ L139, false for 'update' @ L150
2026-10-02T07:54:27.6115556Z # [2026-10-02T07:54:27.611Z]  @firebase/firestore: Firestore (11.10.0): GrpcConnection RPC 'Write' stream 0x3268e580 error. Code: 7 Message: 7 PERMISSION_DENIED: 
2026-10-02T07:54:27.6117025Z # false for 'create' @ L139, false for 'update' @ L150
2026-10-02T07:54:27.6213559Z # [2026-10-02T07:54:27.620Z]  @firebase/firestore: Firestore (11.10.0): GrpcConnection RPC 'Write' stream 0x3268e581 error. Code: 7 Message: 7 PERMISSION_DENIED: 
2026-10-02T07:54:27.6215356Z # false for 'create' @ L139, false for 'update' @ L150
2026-10-02T07:54:27.6278207Z # [2026-10-02T07:54:27.627Z]  @firebase/firestore: Firestore (11.10.0): GrpcConnection RPC 'Write' stream 0x3268e582 error. Code: 7 Message: 7 PERMISSION_DENIED: 
2026-10-02T07:54:27.6280187Z # false for 'create' @ L139, false for 'update' @ L150
2026-10-02T07:54:27.6289891Z # Subtest: market: listings must be your own and well-formed
2026-10-02T07:54:27.6290784Z ok 19 - market: listings must be your own and well-formed
2026-10-02T07:54:27.6291366Z   ---
2026-10-02T07:54:27.6291715Z   duration_ms: 173.486519
2026-10-02T07:54:27.6292128Z   type: 'test'
2026-10-02T07:54:27.6292467Z   ...
2026-10-02T07:54:27.6696158Z # [2026-10-02T07:54:27.668Z]  @firebase/firestore: Firestore (11.10.0): GrpcConnection RPC 'Write' stream 0x3268e584 error. Code: 7 Message: 7 PERMISSION_DENIED: 
2026-10-02T07:54:27.6703888Z # evaluation error at L150:24 for 'update' @ L150, false for 'update' @ L150
2026-10-02T07:54:27.6929244Z # [2026-10-02T07:54:27.692Z]  @firebase/firestore: Firestore (11.10.0): GrpcConnection RPC 'Write' stream 0x3268e585 error. Code: 7 Message: 7 PERMISSION_DENIED: 
2026-10-02T07:54:27.6931121Z # evaluation error at L150:24 for 'update' @ L150, false for 'update' @ L150
2026-10-02T07:54:27.7027687Z # [2026-10-02T07:54:27.701Z]  @firebase/firestore: Firestore (11.10.0): GrpcConnection RPC 'Write' stream 0x3268e586 error. Code: 7 Message: 7 PERMISSION_DENIED: 
2026-10-02T07:54:27.7029743Z # evaluation error at L150:24 for 'update' @ L150, false for 'update' @ L150
2026-10-02T07:54:27.7126817Z # [2026-10-02T07:54:27.711Z]  @firebase/firestore: Firestore (11.10.0): GrpcConnection RPC 'Write' stream 0x3268e587 error. Code: 7 Message: 7 PERMISSION_DENIED: 
2026-10-02T07:54:27.7128607Z # evaluation error at L150:24 for 'update' @ L150, false for 'update' @ L150
2026-10-02T07:54:27.7228742Z # [2026-10-02T07:54:27.722Z]  @firebase/firestore: Firestore (11.10.0): GrpcConnection RPC 'Write' stream 0x3268e588 error. Code: 7 Message: 7 PERMISSION_DENIED: 
2026-10-02T07:54:27.7230631Z # evaluation error at L150:24 for 'update' @ L150, false for 'update' @ L150
2026-10-02T07:54:27.7332860Z # [2026-10-02T07:54:27.732Z]  @firebase/firestore: Firestore (11.10.0): GrpcConnection RPC 'Write' stream 0x3268e589 error. Code: 7 Message: 7 PERMISSION_DENIED: 
2026-10-02T07:54:27.7334800Z # evaluation error at L150:24 for 'update' @ L150, false for 'update' @ L150
2026-10-02T07:54:27.7450939Z # [2026-10-02T07:54:27.744Z]  @firebase/firestore: Firestore (11.10.0): GrpcConnection RPC 'Write' stream 0x3268e58a error. Code: 7 Message: 7 PERMISSION_DENIED: 
2026-10-02T07:54:27.7453470Z # evaluation error at L150:24 for 'update' @ L150, false for 'update' @ L150
2026-10-02T07:54:27.7651474Z # [2026-10-02T07:54:27.762Z]  @firebase/firestore: Firestore (11.10.0): GrpcConnection RPC 'Write' stream 0x3268e58b error. Code: 7 Message: 7 PERMISSION_DENIED: 
2026-10-02T07:54:27.7658672Z # evaluation error at L150:24 for 'update' @ L150, false for 'update' @ L150
2026-10-02T07:54:27.7827148Z # [2026-10-02T07:54:27.782Z]  @firebase/firestore: Firestore (11.10.0): GrpcConnection RPC 'Write' stream 0x3268e58c error. Code: 7 Message: 7 PERMISSION_DENIED: 
2026-10-02T07:54:27.7829371Z # false for 'update' @ L150
2026-10-02T07:54:27.8232482Z # [2026-10-02T07:54:27.821Z]  @firebase/firestore: Firestore (11.10.0): GrpcConnection RPC 'Write' stream 0x3268e58e error. Code: 7 Message: 7 PERMISSION_DENIED: 
2026-10-02T07:54:27.8234859Z # evaluation error at L150:24 for 'update' @ L150, false for 'update' @ L150
2026-10-02T07:54:27.8288523Z # [2026-10-02T07:54:27.828Z]  @firebase/firestore: Firestore (11.10.0): GrpcConnection RPC 'Write' stream 0x3268e58d error. Code: 7 Message: 7 PERMISSION_DENIED: 
2026-10-02T07:54:27.8294944Z # evaluation error at L150:24 for 'update' @ L150, false for 'update' @ L150
2026-10-02T07:54:27.8541534Z # [2026-10-02T07:54:27.853Z]  @firebase/firestore: Firestore (11.10.0): GrpcConnection RPC 'Write' stream 0x3268e58f error. Code: 7 Message: 7 PERMISSION_DENIED: 
2026-10-02T07:54:27.8594935Z # evaluation error at L150:24 for 'update' @ L150, false for 'update' @ L150
2026-10-02T07:54:27.8655410Z # Subtest: market: buyers can only mark an unsold listing as theirs, and change nothing else
2026-10-02T07:54:27.8684585Z ok 20 - market: buyers can only mark an unsold listing as theirs, and change nothing else
2026-10-02T07:54:27.8724402Z   ---
2026-10-02T07:54:27.8725493Z   duration_ms: 226.180225
2026-10-02T07:54:27.8726232Z   type: 'test'
2026-10-02T07:54:27.8726942Z   ...
2026-10-02T07:54:28.0265575Z # [2026-10-02T07:54:28.024Z]  @firebase/firestore: Firestore (11.10.0): GrpcConnection RPC 'Write' stream 0x3268e598 error. Code: 7 Message: 7 PERMISSION_DENIED: 
2026-10-02T07:54:28.0280928Z # evaluation error at L150:24 for 'update' @ L150, false for 'update' @ L150
2026-10-02T07:54:28.0478967Z # Subtest: market: two buyers at the same moment: exactly one gets it (game transaction, and blind writes stopped by the rules)
2026-10-02T07:54:28.0481186Z ok 21 - market: two buyers at the same moment: exactly one gets it (game transaction, and blind writes stopped by the rules)
2026-10-02T07:54:28.0482434Z   ---
2026-10-02T07:54:28.0483011Z   duration_ms: 192.646638
2026-10-02T07:54:28.0483816Z   type: 'test'
2026-10-02T07:54:28.0484333Z   ...
2026-10-02T07:54:28.1303742Z # [2026-10-02T07:54:28.129Z]  @firebase/firestore: Firestore (11.10.0): GrpcConnection RPC 'Write' stream 0x3268e59d error. Code: 7 Message: 7 PERMISSION_DENIED: 
2026-10-02T07:54:28.1305068Z # false for 'create' @ L164
2026-10-02T07:54:28.1472813Z # [2026-10-02T07:54:28.146Z]  @firebase/firestore: Firestore (11.10.0): GrpcConnection RPC 'Write' stream 0x3268e59e error. Code: 7 Message: 7 PERMISSION_DENIED: 
2026-10-02T07:54:28.1475159Z # false for 'create' @ L164
2026-10-02T07:54:28.1655603Z # [2026-10-02T07:54:28.164Z]  @firebase/firestore: Firestore (11.10.0): GrpcConnection RPC 'Write' stream 0x3268e59f error. Code: 7 Message: 7 PERMISSION_DENIED: 
2026-10-02T07:54:28.1657469Z # false for 'create' @ L164
2026-10-02T07:54:28.1834402Z # [2026-10-02T07:54:28.181Z]  @firebase/firestore: Firestore (11.10.0): GrpcConnection RPC 'Write' stream 0x3268e5a0 error. Code: 7 Message: 7 PERMISSION_DENIED: 
2026-10-02T07:54:28.1836144Z # false for 'create' @ L164
2026-10-02T07:54:28.2038486Z # [2026-10-02T07:54:28.203Z]  @firebase/firestore: Firestore (11.10.0): GrpcConnection RPC 'Write' stream 0x3268e5a1 error. Code: 7 Message: 7 PERMISSION_DENIED: 
2026-10-02T07:54:28.2039326Z # false for 'create' @ L164
2026-10-02T07:54:28.2234892Z # [2026-10-02T07:54:28.222Z]  @firebase/firestore: Firestore (11.10.0): GrpcConnection RPC 'Write' stream 0x3268e5a2 error. Code: 7 Message: 7 PERMISSION_DENIED: 
2026-10-02T07:54:28.2236394Z # false for 'create' @ L164
2026-10-02T07:54:28.2803786Z # [2026-10-02T07:54:28.279Z]  @firebase/firestore: Firestore (11.10.0): GrpcConnection RPC 'Write' stream 0x3268e5a6 error. Code: 7 Message: 7 PERMISSION_DENIED: 
2026-10-02T07:54:28.2805285Z # false for 'update' @ L168
2026-10-02T07:54:28.2947551Z # [2026-10-02T07:54:28.294Z]  @firebase/firestore: Firestore (11.10.0): GrpcConnection RPC 'Write' stream 0x3268e5a7 error. Code: 7 Message: 7 PERMISSION_DENIED: 
2026-10-02T07:54:28.2949835Z # false for 'delete' @ L168
2026-10-02T07:54:28.3178476Z # Subtest: events: guests and players can add a milestone; nothing else, and only the owner reads
2026-10-02T07:54:28.3179900Z ok 22 - events: guests and players can add a milestone; nothing else, and only the owner reads
2026-10-02T07:54:28.3180664Z   ---
2026-10-02T07:54:28.3181024Z   duration_ms: 270.012086
2026-10-02T07:54:28.3181442Z   type: 'test'
2026-10-02T07:54:28.3181780Z   ...
2026-10-02T07:54:28.3389334Z # [2026-10-02T07:54:28.338Z]  @firebase/firestore: Firestore (11.10.0): GrpcConnection RPC 'Write' stream 0x3268e5a9 error. Code: 7 Message: 7 PERMISSION_DENIED: No matching allow statements
2026-10-02T07:54:28.3711109Z # [2026-10-02T07:54:28.370Z]  @firebase/firestore: Firestore (11.10.0): GrpcConnection RPC 'Write' stream 0x3268e5ab error. Code: 7 Message: 7 PERMISSION_DENIED: No matching allow statements
2026-10-02T07:54:28.3864948Z # [2026-10-02T07:54:28.385Z]  @firebase/firestore: Firestore (11.10.0): GrpcConnection RPC 'Write' stream 0x3268e5ac error. Code: 7 Message: 7 PERMISSION_DENIED: No matching allow statements
2026-10-02T07:54:28.3866466Z # RULES CHECKS: 75 allow + 185 deny = 260
2026-10-02T07:54:28.4045011Z # Subtest: unknown collections are closed
2026-10-02T07:54:28.4045909Z ok 23 - unknown collections are closed
2026-10-02T07:54:28.4046430Z   ---
2026-10-02T07:54:28.4046804Z   duration_ms: 69.070672
2026-10-02T07:54:28.4047197Z   type: 'test'
2026-10-02T07:54:28.4048451Z   ...
2026-10-02T07:54:28.4452235Z 1..23
2026-10-02T07:54:28.4452697Z # tests 23
2026-10-02T07:54:28.4453316Z # suites 0
2026-10-02T07:54:28.4453683Z # pass 23
2026-10-02T07:54:28.4455067Z # fail 0
2026-10-02T07:54:28.4455422Z # cancelled 0
2026-10-02T07:54:28.4455664Z # skipped 0
2026-10-02T07:54:28.4455865Z # todo 0
2026-10-02T07:54:28.4456103Z # duration_ms 7172.501056
2026-10-02T07:55:01.6380687Z PASS cloud save written through the revision transaction — rev 1
2026-10-02T07:55:01.6669730Z PASS presence heartbeat written — ["level","joined","seen"]
2026-10-02T07:55:02.7211037Z PASS showcase published
2026-10-02T07:55:03.3028834Z PASS listing created — 1 listing(s)
2026-10-02T07:55:03.3064807Z PASS seller escrowed the goods
2026-10-02T07:55:30.7804384Z PASS sign up (two accounts)
2026-10-02T07:55:31.3374277Z PASS usernames claimed
2026-10-02T07:55:31.9362206Z PASS friend added to own list
2026-10-02T07:55:32.2025141Z PASS leaderboard shows the friend
2026-10-02T07:55:32.7460472Z PASS buyer bought it (transaction)
2026-10-02T07:55:32.7524709Z PASS buyer paid and got the goods
2026-10-02T07:55:57.5971664Z PASS seller collected the coins and the listing is gone — coins 67 -> 69, price 2
2026-10-02T07:57:16.6974841Z PASS damaged phone save: the cloud farm comes back and is not overwritten — coins 69 -> 69, cloud rev 3 -> 3
2026-10-02T07:57:40.9228570Z PASS visited the friend's farm
2026-10-02T07:58:13.5586952Z PASS guest play still reports milestones (open, guest) — account,account,guest,open,open,friend,open
2026-10-02T07:58:25.9134250Z PASS owner dashboard loads presence, farm count and funnel — total 2
2026-10-02T07:58:26.4634513Z PASS dashboard refuses a non-owner
2026-10-02T07:58:26.4689077Z PASS no permission errors in the game
2026-10-02T07:58:26.5876363Z 
2026-10-02T07:58:26.5877072Z GAME FLOWS: 18/18 passed
2026-10-02T07:59:57.6276401Z PASS 0 race (sign-in before the game reads the save): the cloud farm still comes back — restored true after 61s, page loads +2, recover null, cloud rev 1->1, bad samples 0, stand-in writes 0
2026-10-02T08:01:12.6764636Z PASS 1.1 corrupt local + good cloud: the cloud farm is restored (same progress + sentinel), exactly one recovery reload — restored true in 59.8s, same progress true, page loads +2, recover null
2026-10-02T08:01:12.6789795Z PASS 1.1 cloud untouched until recovery, and never without the sentinel for 40 s (> 15 s upload delay) — rev 2->2, bad samples 0, stand-in writes sent 0
2026-10-02T08:01:17.7428275Z PASS 1.1 a normal save after recovery uploads the restored farm — rev 2->3
2026-10-02T08:02:34.3100344Z PASS 1.2 corrupt local + good cloud: the cloud farm is restored (same progress + sentinel), exactly one recovery reload — restored true in 61.4s, same progress true, page loads +2, recover null
2026-10-02T08:02:34.3104691Z PASS 1.2 cloud untouched until recovery, and never without the sentinel for 40 s (> 15 s upload delay) — rev 4->4, bad samples 0, stand-in writes sent 0
2026-10-02T08:02:39.3548618Z PASS 1.2 a normal save after recovery uploads the restored farm — rev 4->5
2026-10-02T08:03:40.4015988Z PASS 2 good local + corrupt cloud: phone farm kept, one page load, cloud repaired with it — page loads +1, cloud rev 8 (corrupt was 7), cloud has sentinel true
2026-10-02T08:04:31.3414121Z PASS 3 corrupt local + missing cloud: no recovery reload, copy kept, the farm starts a new cloud save — page loads +1, recover null, sync-rev 0, kept first copy true, new cloud rev 1
2026-10-02T08:05:36.7877152Z PASS 11 cloud unreachable at start (no recovery): the same visit syncs when it comes back, no reload — recover null, cloud rev 2->3, page loads +1
2026-10-02T08:07:35.4056063Z PASS 4/9/10/8 reload during recovery: still pending after a reload, same coins/different state, nothing uploaded through 25 s online (> 15 s delay) — pending 1/1/1, stand-in coins 66 = good 66, farm reads refused 1, bad samples 0, stand-in writes 0
2026-10-02T08:07:55.5850312Z PASS 6 sign-out during recovery: nothing uploaded, recovery still pending — pending 1, bad samples 0, stand-in writes 0
2026-10-02T08:08:24.2765564Z PASS 5 sign-in during recovery: cloud farm restored, cloud copy byte-identical — restored true, page loads +1, cloud rev 4
2026-10-02T08:08:32.1881371Z 
2026-10-02T08:08:32.1882554Z RECOVERY: 13/13 passed (console logs: artifacts/console-*.log)
2026-10-02T08:08:32.2000495Z [32m[1m✔ [22m[39m Script exited successfully (code 0)
2026-10-02T08:08:32.7015448Z [36m[1mi  emulators:[22m[39m Shutting down emulators.
2026-10-02T08:08:32.7020279Z [36m[1mi  firestore:[22m[39m Stopping Firestore Emulator
2026-10-02T08:08:33.0350764Z [36m[1mi  auth:[22m[39m Stopping Authentication Emulator
2026-10-02T08:08:33.0355728Z [36m[1mi  hub:[22m[39m Stopping emulator hub
2026-10-02T08:08:33.0365535Z [36m[1mi  logging:[22m[39m Stopping Logging Emulator
2026-10-02T08:08:33.0936719Z ##[group]Run actions/upload-artifact@v5
2026-10-02T08:08:33.0937047Z with:
2026-10-02T08:08:33.0937265Z   name: farm3d-firebase-1
2026-10-02T08:08:33.0937534Z   path: farm3d/firebase/artifacts/
2026-10-02T08:08:33.0937807Z   if-no-files-found: ignore
2026-10-02T08:08:33.0938054Z   retention-days: 7
2026-10-02T08:08:33.0938268Z   compression-level: 6
2026-10-02T08:08:33.0938508Z   overwrite: false
2026-10-02T08:08:33.0938732Z   include-hidden-files: false
2026-10-02T08:08:33.0938970Z env:
2026-10-02T08:08:33.0939268Z   JAVA_HOME: /opt/hostedtoolcache/Java_Temurin-Hotspot_jdk/21.0.12-1/x64
2026-10-02T08:08:33.0939765Z   JAVA_HOME_21_X64: /opt/hostedtoolcache/Java_Temurin-Hotspot_jdk/21.0.12-1/x64
2026-10-02T08:08:33.0940149Z   MAVEN_ARGS: -ntp
2026-10-02T08:08:33.0940374Z ##[endgroup]
2026-10-02T08:08:33.2644865Z (node:4073) [DEP0040] DeprecationWarning: The `punycode` module is deprecated. Please use a userland alternative instead.
2026-10-02T08:08:33.2646444Z (Use `node --trace-deprecation ...` to show where the warning was created)
2026-10-02T08:08:33.2722642Z With the provided path, there will be 3 files uploaded
2026-10-02T08:08:33.2730055Z Artifact name is valid!
2026-10-02T08:08:33.2730915Z Root directory input is valid!
2026-10-02T08:08:33.6453857Z Beginning upload of artifact content to blob storage
2026-10-02T08:08:33.6690010Z (node:4073) [DEP0169] DeprecationWarning: `url.parse()` behavior is not standardized and prone to errors that have security implications. Use the WHATWG URL API instead. CVEs are not issued for `url.parse()` vulnerabilities.
2026-10-02T08:08:33.9460976Z Uploaded bytes 3461
2026-10-02T08:08:34.0244010Z Finished uploading artifact content to blob storage!
2026-10-02T08:08:34.0245287Z SHA256 digest of uploaded artifact zip is b95204989f9b7906858c12a21bc0e3cedf17e9e81ce4e66ac47ef6fc76ca6d74
2026-10-02T08:08:34.0246776Z Finalizing artifact upload
2026-10-02T08:08:34.2964454Z Artifact farm3d-firebase-1.zip successfully finalized. Artifact ID 11216371587
2026-10-02T08:08:34.2966359Z Artifact farm3d-firebase-1 has been successfully uploaded! Final size is 3461 bytes. Artifact ID is 11216371587
2026-10-02T08:08:34.2973625Z Artifact download URL: https://github.com/pederaus9-ux/Bugsy/actions/runs/36980947290/artifacts/11216371587
2026-10-02T08:08:34.3159570Z Post job cleanup.
2026-10-02T08:08:34.4365571Z Cache hit occurred on the primary key node-cache-Linux-x64-npm-b660949991950745c13b9e79ac4e4a31392c8aad5e11947b2d3a07bda91b5807, not saving cache.
2026-10-02T08:08:34.4509700Z Post job cleanup.
2026-10-02T08:08:34.5981833Z Post job cleanup.
2026-10-02T08:08:34.6986410Z [command]/usr/bin/git version
2026-10-02T08:08:34.7037211Z git version 2.55.0
2026-10-02T08:08:34.7086966Z Temporarily overriding HOME='/home/runner/work/_temp/f9b888b8-3481-499e-963a-c7f0955458ae' before making global git config changes
2026-10-02T08:08:34.7088835Z Adding repository directory to the temporary git global config as a safe directory
2026-10-02T08:08:34.7093240Z [command]/usr/bin/git config --global --add safe.directory /home/runner/work/Bugsy/Bugsy
2026-10-02T08:08:34.7132765Z Removing SSH command configuration
2026-10-02T08:08:34.7141572Z [command]/usr/bin/git config --local --name-only --get-regexp core\.sshCommand
2026-10-02T08:08:34.7184233Z [command]/usr/bin/git submodule foreach --recursive sh -c "git config --local --name-only --get-regexp 'core\.sshCommand' && git config --local --unset-all 'core.sshCommand' || :"
2026-10-02T08:08:34.7475550Z Removing HTTP extra header
2026-10-02T08:08:34.7477316Z [command]/usr/bin/git config --local --name-only --get-regexp http\.https\:\/\/github\.com\/\.extraheader
2026-10-02T08:08:34.7522438Z [command]/usr/bin/git submodule foreach --recursive sh -c "git config --local --name-only --get-regexp 'http\.https\:\/\/github\.com\/\.extraheader' && git config --local --unset-all 'http.https://github.com/.extraheader' || :"
2026-10-02T08:08:34.7874649Z Removing includeIf entries pointing to credentials config files
2026-10-02T08:08:34.7884223Z [command]/usr/bin/git config --local --name-only --get-regexp ^includeIf\.gitdir:
2026-10-02T08:08:34.7905339Z [command]/usr/bin/git submodule foreach --recursive git config --local --show-origin --name-only --get-regexp remote.origin.url
2026-10-02T08:08:34.8372600Z Cleaning up orphan processes
2026-10-02T08:08:34.8799114Z ##[warning]Node.js 20 is deprecated. The following actions target Node.js 20 but are being forced to run on Node.js 24: actions/upload-artifact@v5. For more information see: https://github.blog/changelog/2025-09-19-deprecation-of-node-20-on-github-actions-runners/
